Archive member included to satisfy reference by file (symbol)

/usr/local/mcuxpressoide-10.2.1_795/ide/tools/bin/../lib/gcc/arm-none-eabi/7.2.1/../../../../arm-none-eabi/lib/thumb/v6-m/libcr_semihost_nf.a(_cr__main.o)
                              ./startup/startup_mkl46z4.o (__main)
/usr/local/mcuxpressoide-10.2.1_795/ide/tools/bin/../lib/gcc/arm-none-eabi/7.2.1/../../../../arm-none-eabi/lib/thumb/v6-m/libcr_semihost_nf.a(_cr_assert.o)
                              ./utilities/fsl_debug_console.o (__assertion_failed)
/usr/local/mcuxpressoide-10.2.1_795/ide/tools/bin/../lib/gcc/arm-none-eabi/7.2.1/../../../../arm-none-eabi/lib/thumb/v6-m/libcr_semihost_nf.a(__ciob.o)
                              /usr/local/mcuxpressoide-10.2.1_795/ide/tools/bin/../lib/gcc/arm-none-eabi/7.2.1/../../../../arm-none-eabi/lib/thumb/v6-m/libcr_semihost_nf.a(_cr_assert.o) (__Ciob)
/usr/local/mcuxpressoide-10.2.1_795/ide/tools/bin/../lib/gcc/arm-none-eabi/7.2.1/../../../../arm-none-eabi/lib/thumb/v6-m/libcr_semihost_nf.a(__sys_appexit.o)
                              /usr/local/mcuxpressoide-10.2.1_795/ide/tools/bin/../lib/gcc/arm-none-eabi/7.2.1/../../../../arm-none-eabi/lib/thumb/v6-m/libcr_semihost_nf.a(_cr_assert.o) (__sys_appexit)
/usr/local/mcuxpressoide-10.2.1_795/ide/tools/bin/../lib/gcc/arm-none-eabi/7.2.1/../../../../arm-none-eabi/lib/thumb/v6-m/libcr_c.a(memcpy.o)
                              ./drivers/fsl_ftfx_cache.o (memcpy)
/usr/local/mcuxpressoide-10.2.1_795/ide/tools/bin/../lib/gcc/arm-none-eabi/7.2.1/../../../../arm-none-eabi/lib/thumb/v6-m/libcr_c.a(memset.o)
                              ./drivers/fsl_ftfx_cache.o (memset)
/usr/local/mcuxpressoide-10.2.1_795/ide/tools/bin/../lib/gcc/arm-none-eabi/7.2.1/../../../../arm-none-eabi/lib/thumb/v6-m/libcr_c.a(_deferredlazyseek.o)
                              /usr/local/mcuxpressoide-10.2.1_795/ide/tools/bin/../lib/gcc/arm-none-eabi/7.2.1/../../../../arm-none-eabi/lib/thumb/v6-m/libcr_semihost_nf.a(_cr_assert.o) (__flsbuf)
/usr/local/mcuxpressoide-10.2.1_795/ide/tools/bin/../lib/gcc/arm-none-eabi/7.2.1/../../../../arm-none-eabi/lib/thumb/v6-m/libcr_c.a(_fflush.o)
                              /usr/local/mcuxpressoide-10.2.1_795/ide/tools/bin/../lib/gcc/arm-none-eabi/7.2.1/../../../../arm-none-eabi/lib/thumb/v6-m/libcr_c.a(_deferredlazyseek.o) (_fflush)
/usr/local/mcuxpressoide-10.2.1_795/ide/tools/bin/../lib/gcc/arm-none-eabi/7.2.1/../../../../arm-none-eabi/lib/thumb/v6-m/libcr_c.a(_writebuf.o)
                              /usr/local/mcuxpressoide-10.2.1_795/ide/tools/bin/../lib/gcc/arm-none-eabi/7.2.1/../../../../arm-none-eabi/lib/thumb/v6-m/libcr_c.a(_deferredlazyseek.o) (_Cwritebuf)
/usr/local/mcuxpressoide-10.2.1_795/ide/tools/bin/../lib/gcc/arm-none-eabi/7.2.1/../../../../arm-none-eabi/lib/thumb/v6-m/libcr_c.a(alloc.o)
                              ./drivers/fsl_common.o (malloc)
/usr/local/mcuxpressoide-10.2.1_795/ide/tools/bin/../lib/gcc/arm-none-eabi/7.2.1/../../../../arm-none-eabi/lib/thumb/v6-m/libcr_c.a(fputs.o)
                              /usr/local/mcuxpressoide-10.2.1_795/ide/tools/bin/../lib/gcc/arm-none-eabi/7.2.1/../../../../arm-none-eabi/lib/thumb/v6-m/libcr_semihost_nf.a(_cr_assert.o) (fputs)
/usr/local/mcuxpressoide-10.2.1_795/ide/tools/bin/../lib/gcc/arm-none-eabi/7.2.1/../../../../arm-none-eabi/lib/thumb/v6-m/libcr_c.a(fseek.o)
                              /usr/local/mcuxpressoide-10.2.1_795/ide/tools/bin/../lib/gcc/arm-none-eabi/7.2.1/../../../../arm-none-eabi/lib/thumb/v6-m/libcr_c.a(_deferredlazyseek.o) (fseek)
/usr/local/mcuxpressoide-10.2.1_795/ide/tools/bin/../lib/gcc/arm-none-eabi/7.2.1/../../../../arm-none-eabi/lib/thumb/v6-m/libcr_c.a(ftell.o)
                              /usr/local/mcuxpressoide-10.2.1_795/ide/tools/bin/../lib/gcc/arm-none-eabi/7.2.1/../../../../arm-none-eabi/lib/thumb/v6-m/libcr_c.a(fseek.o) (ftell)
/usr/local/mcuxpressoide-10.2.1_795/ide/tools/bin/../lib/gcc/arm-none-eabi/7.2.1/../../../../arm-none-eabi/lib/thumb/v6-m/libcr_c.a(initio.o)
                              /usr/local/mcuxpressoide-10.2.1_795/ide/tools/bin/../lib/gcc/arm-none-eabi/7.2.1/../../../../arm-none-eabi/lib/thumb/v6-m/libcr_semihost_nf.a(_cr__main.o) (_initio)
/usr/local/mcuxpressoide-10.2.1_795/ide/tools/bin/../lib/gcc/arm-none-eabi/7.2.1/../../../../arm-none-eabi/lib/thumb/v6-m/libcr_c.a(printf.o)
                              ./source/ejemplo_mcu2.o (_printf)
/usr/local/mcuxpressoide-10.2.1_795/ide/tools/bin/../lib/gcc/arm-none-eabi/7.2.1/../../../../arm-none-eabi/lib/thumb/v6-m/libcr_c.a(setvbuf.o)
                              /usr/local/mcuxpressoide-10.2.1_795/ide/tools/bin/../lib/gcc/arm-none-eabi/7.2.1/../../../../arm-none-eabi/lib/thumb/v6-m/libcr_c.a(initio.o) (setvbuf)
/usr/local/mcuxpressoide-10.2.1_795/ide/tools/bin/../lib/gcc/arm-none-eabi/7.2.1/../../../../arm-none-eabi/lib/thumb/v6-m/libcr_c.a(strlen.o)
                              ./utilities/fsl_str.o (strlen)
[...]
Memory Configuration

Name             Origin             Length             Attributes
PROGRAM_FLASH    0x0000000000000000 0x0000000000040000 xr
SRAM             0x000000001fffe000 0x0000000000008000 xrw
*default*        0x0000000000000000 0xffffffffffffffff

Linker script and memory map

LOAD ./utilities/fsl_debug_console.o
LOAD ./utilities/fsl_io.o
LOAD ./utilities/fsl_log.o
LOAD ./utilities/fsl_str.o
LOAD ./startup/startup_mkl46z4.o
LOAD ./source/SD2_board.o
LOAD ./source/ejemplo_mcu2.o
LOAD ./source/mtb.o
LOAD ./source/semihost_hardfault.o
LOAD ./drivers/fsl_clock.o
LOAD ./drivers/fsl_common.o
LOAD ./drivers/fsl_ftfx_cache.o
LOAD ./drivers/fsl_ftfx_controller.o
LOAD ./drivers/fsl_ftfx_flash.o
LOAD ./drivers/fsl_ftfx_flexnvm.o
LOAD ./drivers/fsl_gpio.o
LOAD ./drivers/fsl_i2c.o
LOAD ./drivers/fsl_lpsci.o
LOAD ./drivers/fsl_smc.o
LOAD ./drivers/fsl_uart.o
LOAD ./board/board.o
LOAD ./board/clock_config.o
LOAD ./board/peripherals.o
LOAD ./board/pin_mux.o
LOAD ./CMSIS/system_MKL46Z4.o
START GROUP
LOAD /usr/local/mcuxpressoide-10.2.1_795/ide/tools/bin/../lib/gcc/arm-none-eabi/7.2.1/../../../../arm-none-eabi/lib/thumb/v6-m/libcr_semihost_nf.a
LOAD /usr/local/mcuxpressoide-10.2.1_795/ide/tools/bin/../lib/gcc/arm-none-eabi/7.2.1/../../../../arm-none-eabi/lib/thumb/v6-m/libcr_c.a
LOAD /usr/local/mcuxpressoide-10.2.1_795/ide/tools/bin/../lib/gcc/arm-none-eabi/7.2.1/thumb/v6-m/libcr_eabihelpers.a
END GROUP
                0x0000000000000000                __base_PROGRAM_FLASH = 0x0
                0x0000000000000000                __base_Flash = 0x0
                0x0000000000040000                __top_PROGRAM_FLASH = 0x40000
                0x0000000000040000                __top_Flash = 0x40000
                0x000000001fffe000                __base_SRAM = 0x1fffe000
                0x000000001fffe000                __base_RAM = 0x1fffe000
                0x0000000020006000                __top_SRAM = 0x20006000
                0x0000000020006000                __top_RAM = 0x20006000

.text           0x0000000000000000     0x3c4c
 FILL mask 0xff
                0x0000000000000000                __vectors_start__ = ABSOLUTE (.)
 *(SORT_BY_ALIGNMENT(.isr_vector))
 .isr_vector    0x0000000000000000       0xc0 ./startup/startup_mkl46z4.o
                0x0000000000000000                __Vectors
                0x0000000000000000                g_pfnVectors
                0x00000000000000c0                . = ALIGN (0x4)
                0x00000000000000c0                __section_table_start = .
                0x00000000000000c0                __data_section_table = .
                0x00000000000000c0        0x4 LONG 0x3c4c LOADADDR (.data)
                0x00000000000000c4        0x4 LONG 0x1fffe080 ADDR (.data)
                0x00000000000000c8        0x4 LONG 0x8 SIZEOF (.data)
                0x00000000000000cc                __data_section_table_end = .
                0x00000000000000cc                __bss_section_table = .
                0x00000000000000cc        0x4 LONG 0x1fffe088 ADDR (.bss)
                0x00000000000000d0        0x4 LONG 0xf8 SIZEOF (.bss)
                0x00000000000000d4                __bss_section_table_end = .
                0x00000000000000d4                __section_table_end = .
 *(SORT_BY_ALIGNMENT(.after_vectors*))
 .after_vectors.reset
                0x00000000000000d4       0x4c ./startup/startup_mkl46z4.o
                0x00000000000000d4                ResetISR
 .after_vectors.init_data
                0x0000000000000120       0x16 ./startup/startup_mkl46z4.o
                0x0000000000000120                data_init
 .after_vectors.init_bss
                0x0000000000000136       0x12 ./startup/startup_mkl46z4.o
                0x0000000000000136                bss_init
 .after_vectors
                0x0000000000000148      0x10c ./startup/startup_mkl46z4.o
                0x0000000000000148                NMI_Handler
                0x000000000000014c                SVC_Handler
                0x000000000000014e                PendSV_Handler
                0x0000000000000150                SysTick_Handler
                0x0000000000000152                PIT_DriverIRQHandler
                0x0000000000000152                DMA0_DriverIRQHandler
                0x0000000000000152                SPI1_DriverIRQHandler
                0x0000000000000152                LPTMR0_DriverIRQHandler
                0x0000000000000152                PORTC_PORTD_DriverIRQHandler
                0x0000000000000152                I2S0_DriverIRQHandler
                0x0000000000000152                TPM2_DriverIRQHandler
                0x0000000000000152                TSI0_DriverIRQHandler
                0x0000000000000152                RTC_Seconds_DriverIRQHandler
                0x0000000000000152                LLWU_DriverIRQHandler
                0x0000000000000152                MCG_DriverIRQHandler
                0x0000000000000152                FTFA_DriverIRQHandler
                0x0000000000000152                IntDefaultHandler
                0x0000000000000152                USB0_DriverIRQHandler
                0x0000000000000152                DAC0_DriverIRQHandler
                0x0000000000000152                LVD_LVW_DriverIRQHandler
                0x0000000000000152                TPM0_DriverIRQHandler
                0x0000000000000152                Reserved20_DriverIRQHandler
                0x0000000000000152                DMA3_DriverIRQHandler
                0x0000000000000152                PORTA_DriverIRQHandler
                0x0000000000000152                TPM1_DriverIRQHandler
                0x0000000000000152                RTC_DriverIRQHandler
                0x0000000000000152                LCD_DriverIRQHandler
                0x0000000000000152                DMA1_DriverIRQHandler
                0x0000000000000152                SPI0_DriverIRQHandler
                0x0000000000000152                ADC0_DriverIRQHandler
                0x0000000000000152                CMP0_DriverIRQHandler
                0x0000000000000152                DMA2_DriverIRQHandler
                0x0000000000000154                DMA0_IRQHandler
                0x000000000000015c                DMA1_IRQHandler
                0x0000000000000164                DMA2_IRQHandler
                0x000000000000016c                DMA3_IRQHandler
                0x0000000000000174                Reserved20_IRQHandler
                0x000000000000017c                FTFA_IRQHandler
                0x0000000000000184                LVD_LVW_IRQHandler
                0x000000000000018c                LLWU_IRQHandler
                0x0000000000000194                I2C0_IRQHandler
                0x000000000000019c                I2C1_IRQHandler
                0x00000000000001a4                SPI0_IRQHandler
                0x00000000000001ac                SPI1_IRQHandler
                0x00000000000001b4                UART0_IRQHandler
                0x00000000000001bc                UART1_IRQHandler
                0x00000000000001c4                UART2_IRQHandler
                0x00000000000001cc                ADC0_IRQHandler
                0x00000000000001d4                CMP0_IRQHandler
                0x00000000000001dc                TPM0_IRQHandler
                0x00000000000001e4                TPM1_IRQHandler
                0x00000000000001ec                TPM2_IRQHandler
                0x00000000000001f4                RTC_IRQHandler
                0x00000000000001fc                RTC_Seconds_IRQHandler
                0x0000000000000204                PIT_IRQHandler
                0x000000000000020c                I2S0_IRQHandler
                0x0000000000000214                USB0_IRQHandler
                0x000000000000021c                DAC0_IRQHandler
                0x0000000000000224                TSI0_IRQHandler
                0x000000000000022c                MCG_IRQHandler
                0x0000000000000234                LPTMR0_IRQHandler
                0x000000000000023c                LCD_IRQHandler
                0x0000000000000244                PORTA_IRQHandler
                0x000000000000024c                PORTC_PORTD_IRQHandler
                0x0000000000000400                . = 0x400
 *fill*         0x0000000000000254      0x1ac ff
                0x0000000000000400                PROVIDE (__FLASH_CONFIG_START__, .)
 *(SORT_BY_ALIGNMENT(.FlashConfig))
 .FlashConfig   0x0000000000000400       0x10 ./startup/startup_mkl46z4.o
                0x0000000000000400                Flash_Config
                0x0000000000000410                PROVIDE (__FLASH_CONFIG_END__, .)
                0x0000000000000001                ASSERT (! ((__FLASH_CONFIG_START__ == __FLASH_CONFIG_END__)), Linker Flash Config Support Enabled, but no .FlashConfig section provided within application)
 *(SORT_BY_ALIGNMENT(.text*))
 .text.DbgConsole_Init
                0x0000000000000410       0x40 ./utilities/fsl_debug_console.o
                0x0000000000000410                DbgConsole_Init
 .text.IO_Init  0x0000000000000450       0xc8 ./utilities/fsl_io.o
                0x0000000000000450                IO_Init
 .text.CLOCK_EnableClock
                0x0000000000000518       0x34 ./source/SD2_board.o
 .text.PORT_SetPinConfig
                0x000000000000054c       0x38 ./source/SD2_board.o
 .text.board_init
                0x0000000000000584      0x178 ./source/SD2_board.o
                0x0000000000000584                board_init
 .text.board_setLed
                0x00000000000006fc       0xd4 ./source/SD2_board.o
                0x00000000000006fc                board_setLed
 .text.main     0x00000000000007d0       0x48 ./source/ejemplo_mcu2.o
                0x00000000000007d0                main
 .text.HardFault_Handler
                0x0000000000000818       0x30 ./source/semihost_hardfault.o
                0x0000000000000818                HardFault_Handler
 .text.CLOCK_SetEr32kClock
                0x0000000000000848       0x34 ./drivers/fsl_clock.o
 .text.CLOCK_SetPllFllSelClock
                0x000000000000087c       0x38 ./drivers/fsl_clock.o
 .text.CLOCK_GetMcgExtClkFreq
                0x00000000000008b4       0x28 ./drivers/fsl_clock.o
 .text.CLOCK_GetFllExtRefClkFreq
                0x00000000000008dc       0xa4 ./drivers/fsl_clock.o
 .text.CLOCK_GetFllRefClkFreq
                0x0000000000000980       0x2c ./drivers/fsl_clock.o
 .text.CLOCK_GetPllFllSelClkFreq
                0x00000000000009ac       0x4c ./drivers/fsl_clock.o
                0x00000000000009ac                CLOCK_GetPllFllSelClkFreq
 .text.CLOCK_SetSimConfig
                0x00000000000009f8       0x38 ./drivers/fsl_clock.o
                0x00000000000009f8                CLOCK_SetSimConfig
 .text.CLOCK_GetFllFreq
                0x0000000000000a30       0x84 ./drivers/fsl_clock.o
                0x0000000000000a30                CLOCK_GetFllFreq
 .text.CLOCK_GetPll0Freq
                0x0000000000000ab4       0x70 ./drivers/fsl_clock.o
                0x0000000000000ab4                CLOCK_GetPll0Freq
 .text.CLOCK_SetInternalRefClkConfig
                0x0000000000000b24      0x128 ./drivers/fsl_clock.o
                0x0000000000000b24                CLOCK_SetInternalRefClkConfig
 .text.CLOCK_SetFeiMode
                0x0000000000000c4c       0xe0 ./drivers/fsl_clock.o
                0x0000000000000c4c                CLOCK_SetFeiMode
 .text.GPIO_PinInit
                0x0000000000000d2c       0x64 ./drivers/fsl_gpio.o
                0x0000000000000d2c                GPIO_PinInit
 .text.I2C_TransferCommonIRQHandler
                0x0000000000000d90       0x54 ./drivers/fsl_i2c.o
 .text.I2C0_DriverIRQHandler
                0x0000000000000de4       0x20 ./drivers/fsl_i2c.o
                0x0000000000000de4                I2C0_DriverIRQHandler
 .text.I2C1_DriverIRQHandler
                0x0000000000000e04       0x20 ./drivers/fsl_i2c.o
                0x0000000000000e04                I2C1_DriverIRQHandler
 .text.CLOCK_EnableClock
                0x0000000000000e24       0x34 ./drivers/fsl_lpsci.o
 .text.LPSCI_GetInstance
                0x0000000000000e58       0x48 ./drivers/fsl_lpsci.o
                0x0000000000000e58                LPSCI_GetInstance
 .text.LPSCI_Init
                0x0000000000000ea0      0x278 ./drivers/fsl_lpsci.o
                0x0000000000000ea0                LPSCI_Init
 .text.LPSCI_GetDefaultConfig
                0x0000000000001118       0x48 ./drivers/fsl_lpsci.o
                0x0000000000001118                LPSCI_GetDefaultConfig
 .text.UART0_DriverIRQHandler
                0x0000000000001160       0x24 ./drivers/fsl_lpsci.o
                0x0000000000001160                UART0_DriverIRQHandler
 .text.CLOCK_EnableClock
                0x0000000000001184       0x34 ./drivers/fsl_uart.o
 .text.UART_GetInstance
                0x00000000000011b8       0x54 ./drivers/fsl_uart.o
                0x00000000000011b8                UART_GetInstance
 .text.UART_Init
                0x000000000000120c      0x200 ./drivers/fsl_uart.o
                0x000000000000120c                UART_Init
 .text.UART_GetDefaultConfig
                0x000000000000140c       0x48 ./drivers/fsl_uart.o
                0x000000000000140c                UART_GetDefaultConfig
 .text.UART1_DriverIRQHandler
                0x0000000000001454       0x24 ./drivers/fsl_uart.o
                0x0000000000001454                UART1_DriverIRQHandler
 .text.UART2_DriverIRQHandler
                0x0000000000001478       0x24 ./drivers/fsl_uart.o
                0x0000000000001478                UART2_DriverIRQHandler
 .text.CLOCK_SetLpsci0Clock
                0x000000000000149c       0x38 ./board/board.o
 .text.BOARD_InitDebugConsole
                0x00000000000014d4       0x30 ./board/board.o
                0x00000000000014d4                BOARD_InitDebugConsole
 .text.CLOCK_SetSimSafeDivs
                0x0000000000001504       0x20 ./board/clock_config.o
 .text.CLOCK_CONFIG_FllStableDelay
                0x0000000000001524       0x24 ./board/clock_config.o
 .text.BOARD_BootClockRUN
                0x0000000000001548       0x44 ./board/clock_config.o
                0x0000000000001548                BOARD_BootClockRUN
 .text.CLOCK_EnableClock
                0x000000000000158c       0x34 ./board/pin_mux.o
 .text.PORT_SetPinConfig
                0x00000000000015c0       0x38 ./board/pin_mux.o
 .text.BOARD_InitDEBUG_UART
                0x00000000000015f8       0x80 ./board/pin_mux.o
                0x00000000000015f8                BOARD_InitDEBUG_UART
 .text.SystemInit
                0x0000000000001678       0x1c ./CMSIS/system_MKL46Z4.o
                0x0000000000001678                SystemInit
 .text.__assertion_failed
                0x0000000000001694       0x4c /usr/local/mcuxpressoide-10.2.1_795/ide/tools/bin/../lib/gcc/arm-none-eabi/7.2.1/../../../../arm-none-eabi/lib/thumb/v6-m/libcr_semihost_nf.a(_cr_assert.o)
                0x0000000000001694                __assertion_failed
 .text.__sys_appexit
                0x00000000000016e0        0xc /usr/local/mcuxpressoide-10.2.1_795/ide/tools/bin/../lib/gcc/arm-none-eabi/7.2.1/../../../../arm-none-eabi/lib/thumb/v6-m/libcr_semihost_nf.a(__sys_appexit.o)
                0x00000000000016e0                __exit
                0x00000000000016e0                __sys_appexit
 .text._deferredlazyseek
                0x00000000000016ec       0x40 /usr/local/mcuxpressoide-10.2.1_795/ide/tools/bin/../lib/gcc/arm-none-eabi/7.2.1/../../../../arm-none-eabi/lib/thumb/v6-m/libcr_c.a(_deferredlazyseek.o)
                0x00000000000016ec                _deferredlazyseek
 .text.__flsbuf
                0x000000000000172c      0x14c /usr/local/mcuxpressoide-10.2.1_795/ide/tools/bin/../lib/gcc/arm-none-eabi/7.2.1/../../../../arm-none-eabi/lib/thumb/v6-m/libcr_c.a(_deferredlazyseek.o)
                0x000000000000172c                __flsbuf
 .text._fflush  0x0000000000001878       0x5c /usr/local/mcuxpressoide-10.2.1_795/ide/tools/bin/../lib/gcc/arm-none-eabi/7.2.1/../../../../arm-none-eabi/lib/thumb/v6-m/libcr_c.a(_fflush.o)
                0x0000000000001878                _fflush
 .text._Cwritebuf
                0x00000000000018d4       0x68 /usr/local/mcuxpressoide-10.2.1_795/ide/tools/bin/../lib/gcc/arm-none-eabi/7.2.1/../../../../arm-none-eabi/lib/thumb/v6-m/libcr_c.a(_writebuf.o)
                0x00000000000018d4                _Cwritebuf
 .text.malloc   0x000000000000193c       0xcc /usr/local/mcuxpressoide-10.2.1_795/ide/tools/bin/../lib/gcc/arm-none-eabi/7.2.1/../../../../arm-none-eabi/lib/thumb/v6-m/libcr_c.a(alloc.o)
                0x000000000000193c                malloc
 .text._Csys_alloc
                0x0000000000001a08       0x20 /usr/local/mcuxpressoide-10.2.1_795/ide/tools/bin/../lib/gcc/arm-none-eabi/7.2.1/../../../../arm-none-eabi/lib/thumb/v6-m/libcr_c.a(alloc.o)
                0x0000000000001a08                _Csys_alloc
 .text.fseek    0x0000000000001a28       0xf0 /usr/local/mcuxpressoide-10.2.1_795/ide/tools/bin/../lib/gcc/arm-none-eabi/7.2.1/../../../../arm-none-eabi/lib/thumb/v6-m/libcr_c.a(fseek.o)
                0x0000000000001a28                fseek
 .text.ftell    0x0000000000001b18       0x48 /usr/local/mcuxpressoide-10.2.1_795/ide/tools/bin/../lib/gcc/arm-none-eabi/7.2.1/../../../../arm-none-eabi/lib/thumb/v6-m/libcr_c.a(ftell.o)
                0x0000000000001b18                ftell
 .text._initio  0x0000000000001b60       0x7c /usr/local/mcuxpressoide-10.2.1_795/ide/tools/bin/../lib/gcc/arm-none-eabi/7.2.1/../../../../arm-none-eabi/lib/thumb/v6-m/libcr_c.a(initio.o)
                0x0000000000001b60                _initio
 .text.__vfprintf
                0x0000000000001bdc      0xcd4 /usr/local/mcuxpressoide-10.2.1_795/ide/tools/bin/../lib/gcc/arm-none-eabi/7.2.1/../../../../arm-none-eabi/lib/thumb/v6-m/libcr_c.a(printf.o)
                0x0000000000001bdc                __vfprintf
 .text._vsnprintf
                0x00000000000028b0       0x60 /usr/local/mcuxpressoide-10.2.1_795/ide/tools/bin/../lib/gcc/arm-none-eabi/7.2.1/../../../../arm-none-eabi/lib/thumb/v6-m/libcr_c.a(printf.o)
                0x00000000000028b0                _vsnprintf
 .text._printf  0x0000000000002910       0x50 /usr/local/mcuxpressoide-10.2.1_795/ide/tools/bin/../lib/gcc/arm-none-eabi/7.2.1/../../../../arm-none-eabi/lib/thumb/v6-m/libcr_c.a(printf.o)
                0x0000000000002910                _printf
 .text.setvbuf  0x0000000000002960       0x48 /usr/local/mcuxpressoide-10.2.1_795/ide/tools/bin/../lib/gcc/arm-none-eabi/7.2.1/../../../../arm-none-eabi/lib/thumb/v6-m/libcr_c.a(setvbuf.o)
                0x0000000000002960                setvbuf
 .text.strlen   0x00000000000029a8       0x58 /usr/local/mcuxpressoide-10.2.1_795/ide/tools/bin/../lib/gcc/arm-none-eabi/7.2.1/../../../../arm-none-eabi/lib/thumb/v6-m/libcr_c.a(strlen.o)
                0x00000000000029a8                strlen
 .text._sbrk    0x0000000000002a00       0x40 /usr/local/mcuxpressoide-10.2.1_795/ide/tools/bin/../lib/gcc/arm-none-eabi/7.2.1/../../../../arm-none-eabi/lib/thumb/v6-m/libcr_c.a(_cr_sbrk.o)
                0x0000000000002a00                _sbrk
 .text._fdopen  0x0000000000002a40       0x74 /usr/local/mcuxpressoide-10.2.1_795/ide/tools/bin/../lib/gcc/arm-none-eabi/7.2.1/../../../../arm-none-eabi/lib/thumb/v6-m/libcr_c.a(_fdopen.o)
                0x0000000000002a40                _fdopen
 .text.fclose   0x0000000000002ab4       0x5c /usr/local/mcuxpressoide-10.2.1_795/ide/tools/bin/../lib/gcc/arm-none-eabi/7.2.1/../../../../arm-none-eabi/lib/thumb/v6-m/libcr_c.a(fclose.o)
                0x0000000000002ab4                fclose
 .text.fflush   0x0000000000002b10       0x44 /usr/local/mcuxpressoide-10.2.1_795/ide/tools/bin/../lib/gcc/arm-none-eabi/7.2.1/../../../../arm-none-eabi/lib/thumb/v6-m/libcr_c.a(fflush.o)
                0x0000000000002b10                fflush
 .text.__check_heap_overflow
                0x0000000000002b54       0x14 /usr/local/mcuxpressoide-10.2.1_795/ide/tools/bin/../lib/gcc/arm-none-eabi/7.2.1/../../../../arm-none-eabi/lib/thumb/v6-m/libcr_c.a(_cr_check_heap.o)
                0x0000000000002b54                __check_heap_overflow
 .text._do_fflush
                0x0000000000002b68       0x44 /usr/local/mcuxpressoide-10.2.1_795/ide/tools/bin/../lib/gcc/arm-none-eabi/7.2.1/../../../../arm-none-eabi/lib/thumb/v6-m/libcr_c.a(_do_fflush.o)
                0x0000000000002b68                _do_fflush
 .text.UART_EnableTx
                0x0000000000002bac       0x40 ./utilities/fsl_io.o
 .text.UART_EnableRx
                0x0000000000002bec       0x40 ./utilities/fsl_io.o
 .text.LPSCI_EnableTx
                0x0000000000002c2c       0x40 ./utilities/fsl_io.o
 .text.LPSCI_EnableRx
                0x0000000000002c6c       0x40 ./utilities/fsl_io.o
 .text.LOG_Init
                0x0000000000002cac       0x3a ./utilities/fsl_log.o
                0x0000000000002cac                LOG_Init
 .text.GPIO_PortSet
                0x0000000000002ce6       0x18 ./source/SD2_board.o
 .text.GPIO_PortClear
                0x0000000000002cfe       0x18 ./source/SD2_board.o
 .text.GPIO_PortToggle
                0x0000000000002d16       0x18 ./source/SD2_board.o
 .text.retardo  0x0000000000002d2e       0x1c ./source/ejemplo_mcu2.o
                0x0000000000002d2e                retardo
 .text.CLOCK_GetPll0RefFreq
                0x0000000000002d4a       0x10 ./drivers/fsl_clock.o
 .text.CLOCK_BootToFeiMode
                0x0000000000002d5a       0x2e ./drivers/fsl_clock.o
                0x0000000000002d5a                CLOCK_BootToFeiMode
 .text.GPIO_PinWrite
                0x0000000000002d88       0x34 ./drivers/fsl_gpio.o
 .text.GPIO_WritePinOutput
                0x0000000000002dbc       0x24 ./drivers/fsl_gpio.o
 .text.BOARD_InitBootClocks
                0x0000000000002de0        0xe ./board/clock_config.o
                0x0000000000002de0                BOARD_InitBootClocks
 .text.BOARD_InitPeripherals
                0x0000000000002dee        0xa ./board/peripherals.o
                0x0000000000002dee                BOARD_InitPeripherals
 .text.BOARD_InitBootPeripherals
                0x0000000000002df8        0xe ./board/peripherals.o
                0x0000000000002df8                BOARD_InitBootPeripherals
 .text.BOARD_InitBootPins
                0x0000000000002e06       0x12 ./board/pin_mux.o
                0x0000000000002e06                BOARD_InitBootPins
 .text.BOARD_InitPins
                0x0000000000002e18        0xa ./board/pin_mux.o
                0x0000000000002e18                BOARD_InitPins
 .text.SystemInitHook
                0x0000000000002e22        0xa ./CMSIS/system_MKL46Z4.o
                0x0000000000002e22                SystemInitHook
 .text.__main   0x0000000000002e2c        0xc /usr/local/mcuxpressoide-10.2.1_795/ide/tools/bin/../lib/gcc/arm-none-eabi/7.2.1/../../../../arm-none-eabi/lib/thumb/v6-m/libcr_semihost_nf.a(_cr__main.o)
                0x0000000000002e2c                __main
                0x0000000000002e2c                __CR_SEMIHOST
 .text.memset   0x0000000000002e38        0x8 /usr/local/mcuxpressoide-10.2.1_795/ide/tools/bin/../lib/gcc/arm-none-eabi/7.2.1/../../../../arm-none-eabi/lib/thumb/v6-m/libcr_c.a(memset.o)
                0x0000000000002e38                memset
 .text.free     0x0000000000002e40       0x2c /usr/local/mcuxpressoide-10.2.1_795/ide/tools/bin/../lib/gcc/arm-none-eabi/7.2.1/../../../../arm-none-eabi/lib/thumb/v6-m/libcr_c.a(alloc.o)
                0x0000000000002e40                free
 .text.fputs    0x0000000000002e6c       0x2e /usr/local/mcuxpressoide-10.2.1_795/ide/tools/bin/../lib/gcc/arm-none-eabi/7.2.1/../../../../arm-none-eabi/lib/thumb/v6-m/libcr_c.a(fputs.o)
                0x0000000000002e6c                fputs
 .text.no_fp_display
                0x0000000000002e9a        0x4 /usr/local/mcuxpressoide-10.2.1_795/ide/tools/bin/../lib/gcc/arm-none-eabi/7.2.1/../../../../arm-none-eabi/lib/thumb/v6-m/libcr_c.a(printf.o)
 .text.remove   0x0000000000002e9e       0x12 /usr/local/mcuxpressoide-10.2.1_795/ide/tools/bin/../lib/gcc/arm-none-eabi/7.2.1/../../../../arm-none-eabi/lib/thumb/v6-m/libcr_c.a(remove.o)
                0x0000000000002e9e                remove
 .text.__aeabi_division_idivmod
                0x0000000000002eb0       0x78 /usr/local/mcuxpressoide-10.2.1_795/ide/tools/bin/../lib/gcc/arm-none-eabi/7.2.1/thumb/v6-m/libcr_eabihelpers.a(division_32.o)
                0x0000000000002eb0                __aeabi_idiv
                0x0000000000002eb0                __aeabi_idivmod
                0x0000000000002eb6                __aeabi_uidiv
                0x0000000000002eb6                __aeabi_uidivmod
 .text.__aeabi_division_idiv0
                0x0000000000002f28        0x2 /usr/local/mcuxpressoide-10.2.1_795/ide/tools/bin/../lib/gcc/arm-none-eabi/7.2.1/thumb/v6-m/libcr_eabihelpers.a(division_idiv0.o)
                0x0000000000002f28                __aeabi_idiv0
 .text.__aeabi_llong_lmul
                0x0000000000002f2a       0x2e /usr/local/mcuxpressoide-10.2.1_795/ide/tools/bin/../lib/gcc/arm-none-eabi/7.2.1/thumb/v6-m/libcr_eabihelpers.a(llong.o)
                0x0000000000002f2a                __aeabi_lmul
 .text.__aeabi_memset_lowlevel
                0x0000000000002f58       0x2a /usr/local/mcuxpressoide-10.2.1_795/ide/tools/bin/../lib/gcc/arm-none-eabi/7.2.1/thumb/v6-m/libcr_eabihelpers.a(memcpy.o)
                0x0000000000002f58                __aeabi_lowlevel_memset
 .text.__sys_close
                0x0000000000002f82        0xc /usr/local/mcuxpressoide-10.2.1_795/ide/tools/bin/../lib/gcc/arm-none-eabi/7.2.1/../../../../arm-none-eabi/lib/thumb/v6-m/libcr_semihost_nf.a(__sys_close.o)
                0x0000000000002f82                __sys_close
 .text.__sys_flen
                0x0000000000002f8e        0xc /usr/local/mcuxpressoide-10.2.1_795/ide/tools/bin/../lib/gcc/arm-none-eabi/7.2.1/../../../../arm-none-eabi/lib/thumb/v6-m/libcr_semihost_nf.a(__sys_flen.o)
                0x0000000000002f8e                __sys_flen
 .text.__sys_istty
                0x0000000000002f9a        0xc /usr/local/mcuxpressoide-10.2.1_795/ide/tools/bin/../lib/gcc/arm-none-eabi/7.2.1/../../../../arm-none-eabi/lib/thumb/v6-m/libcr_semihost_nf.a(__sys_istty.o)
                0x0000000000002f9a                __sys_istty
 .text.__sys_remove
                0x0000000000002fa6        0xc /usr/local/mcuxpressoide-10.2.1_795/ide/tools/bin/../lib/gcc/arm-none-eabi/7.2.1/../../../../arm-none-eabi/lib/thumb/v6-m/libcr_semihost_nf.a(__sys_remove.o)
                0x0000000000002fa6                __sys_remove
 .text.__sys_seek
                0x0000000000002fb2        0xc /usr/local/mcuxpressoide-10.2.1_795/ide/tools/bin/../lib/gcc/arm-none-eabi/7.2.1/../../../../arm-none-eabi/lib/thumb/v6-m/libcr_semihost_nf.a(__sys_seek.o)
                0x0000000000002fb2                __sys_seek
 .text.__sys_tmpnam
                0x0000000000002fbe        0xc /usr/local/mcuxpressoide-10.2.1_795/ide/tools/bin/../lib/gcc/arm-none-eabi/7.2.1/../../../../arm-none-eabi/lib/thumb/v6-m/libcr_semihost_nf.a(__sys_tmpnam.o)
                0x0000000000002fbe                __sys_tmpnam
 .text.__sys_write
                0x0000000000002fca        0xc /usr/local/mcuxpressoide-10.2.1_795/ide/tools/bin/../lib/gcc/arm-none-eabi/7.2.1/../../../../arm-none-eabi/lib/thumb/v6-m/libcr_semihost_nf.a(__sys_write.o)
                0x0000000000002fca                __sys_write
 *(SORT_BY_ALIGNMENT(.rodata) SORT_BY_ALIGNMENT(.rodata.*) SORT_BY_ALIGNMENT(.constdata) SORT_BY_ALIGNMENT(.constdata.*))
 *fill*         0x0000000000002fd6        0x2 ff
 .rodata        0x0000000000002fd8       0x50 ./utilities/fsl_debug_console.o
 .rodata        0x0000000000003028       0x27 ./utilities/fsl_io.o
 *fill*         0x000000000000304f        0x1 ff
 .rodata        0x0000000000003050       0x26 ./source/SD2_board.o
 *fill*         0x0000000000003076        0x2 ff
 .rodata.board_gpioLeds
                0x0000000000003078       0x18 ./source/SD2_board.o
 .rodata.board_gpioSw
                0x0000000000003090       0x18 ./source/SD2_board.o
 .rodata        0x00000000000030a8        0xd ./source/ejemplo_mcu2.o
 *fill*         0x00000000000030b5        0x3 ff
 .rodata        0x00000000000030b8      0x11d ./drivers/fsl_clock.o
 *fill*         0x00000000000031d5        0x3 ff
 .rodata.fllFactorTable.5381
                0x00000000000031d8       0x10 ./drivers/fsl_clock.o
 .rodata        0x00000000000031e8       0xc7 ./drivers/fsl_gpio.o
 *fill*         0x00000000000032af        0x1 ff
 .rodata        0x00000000000032b0      0x48c ./drivers/fsl_lpsci.o
 .rodata.s_uartBases
                0x000000000000373c        0xc ./drivers/fsl_uart.o
 .rodata.s_uartClock
                0x0000000000003748        0xc ./drivers/fsl_uart.o
 .rodata        0x0000000000003754      0x45b ./drivers/fsl_uart.o
 *fill*         0x0000000000003baf        0x1 ff
 .rodata.simConfig_BOARD_BootClockRUN
                0x0000000000003bb0        0x8 ./board/clock_config.o
                0x0000000000003bb0                simConfig_BOARD_BootClockRUN
 .rodata        0x0000000000003bb8       0x26 ./board/pin_mux.o
 *fill*         0x0000000000003bde        0x2 ff
 .rodata.__num_Ciob_streams
                0x0000000000003be0        0x4 /usr/local/mcuxpressoide-10.2.1_795/ide/tools/bin/../lib/gcc/arm-none-eabi/7.2.1/../../../../arm-none-eabi/lib/thumb/v6-m/libcr_semihost_nf.a(__ciob.o)
                0x0000000000003be0                __num_Ciob_streams
 .rodata.__assertion_failed.str1.1
                0x0000000000003be4       0x15 /usr/local/mcuxpressoide-10.2.1_795/ide/tools/bin/../lib/gcc/arm-none-eabi/7.2.1/../../../../arm-none-eabi/lib/thumb/v6-m/libcr_semihost_nf.a(_cr_assert.o)
 .rodata._Csys_alloc.str1.1
                0x0000000000003bf9       0x18 /usr/local/mcuxpressoide-10.2.1_795/ide/tools/bin/../lib/gcc/arm-none-eabi/7.2.1/../../../../arm-none-eabi/lib/thumb/v6-m/libcr_c.a(alloc.o)
 .rodata._initio.str1.1
                0x0000000000003c11        0x4 /usr/local/mcuxpressoide-10.2.1_795/ide/tools/bin/../lib/gcc/arm-none-eabi/7.2.1/../../../../arm-none-eabi/lib/thumb/v6-m/libcr_c.a(initio.o)
 .rodata.__vfprintf.str1.1
                0x0000000000003c15       0x35 /usr/local/mcuxpressoide-10.2.1_795/ide/tools/bin/../lib/gcc/arm-none-eabi/7.2.1/../../../../arm-none-eabi/lib/thumb/v6-m/libcr_c.a(printf.o)
                                         0x38 (size before relaxing)
                0x0000000000003c4c                . = ALIGN (0x4)
 *fill*         0x0000000000003c4a        0x2 ff

.glue_7         0x0000000000003c4c        0x0
 .glue_7        0x0000000000003c4c        0x0 linker stubs

.glue_7t        0x0000000000003c4c        0x0
 .glue_7t       0x0000000000003c4c        0x0 linker stubs

.vfp11_veneer   0x0000000000003c4c        0x0
 .vfp11_veneer  0x0000000000003c4c        0x0 linker stubs

.v4_bx          0x0000000000003c4c        0x0
 .v4_bx         0x0000000000003c4c        0x0 linker stubs

.iplt           0x0000000000003c4c        0x0
 .iplt          0x0000000000003c4c        0x0 ./utilities/fsl_debug_console.o

.rel.dyn        0x0000000000003c4c        0x0
 .rel.iplt      0x0000000000003c4c        0x0 ./utilities/fsl_debug_console.o

.ARM.extab
 *(SORT_BY_ALIGNMENT(.ARM.extab*) SORT_BY_ALIGNMENT(.gnu.linkonce.armextab.*))
                0x0000000000003c4c                __exidx_start = .

.ARM.exidx
 *(SORT_BY_ALIGNMENT(.ARM.exidx*) SORT_BY_ALIGNMENT(.gnu.linkonce.armexidx.*))
                0x0000000000003c4c                __exidx_end = .
                0x0000000000003c4c                _etext = .

.m_usb_data
 *(SORT_BY_ALIGNMENT(m_usb_bdt))

.mtb_buffer_default
                0x000000001fffe000       0x80
 *(SORT_BY_ALIGNMENT(.mtb*))
 .mtb.$RAM1     0x000000001fffe000       0x80 ./source/mtb.o
                0x000000001fffe000                __mtb_buffer__

.uninit_RESERVED
                0x000000001fffe080        0x0
 *(SORT_BY_ALIGNMENT(.bss.$RESERVED*))
                0x000000001fffe080                . = ALIGN (0x4)
                0x000000001fffe080                _end_uninit_RESERVED = .

.data           0x000000001fffe080        0x8 load address 0x0000000000003c4c
 FILL mask 0xff
                0x000000001fffe080                _data = .
 *(SORT_BY_ALIGNMENT(vtable))
 *(SORT_BY_ALIGNMENT(.ramfunc*))
 *(SORT_BY_ALIGNMENT(.data*))
 .data.s_slowIrcFreq
                0x000000001fffe080        0x4 ./drivers/fsl_clock.o
 .data.SystemCoreClock
                0x000000001fffe084        0x4 ./CMSIS/system_MKL46Z4.o
                0x000000001fffe084                SystemCoreClock
                0x000000001fffe088                . = ALIGN (0x4)
                0x000000001fffe088                _edata = .

.igot.plt       0x000000001fffe088        0x0 load address 0x0000000000003c54
 .igot.plt      0x000000001fffe088        0x0 ./utilities/fsl_debug_console.o

.bss            0x000000001fffe088       0xf8 load address 0x0000000000003c54
                0x000000001fffe088                _bss = .
 *(SORT_BY_ALIGNMENT(.bss*))
 .bss.s_debugConsoleIO
                0x000000001fffe088        0x8 ./utilities/fsl_io.o
 .bss.i.6140    0x000000001fffe090        0x4 ./source/ejemplo_mcu2.o
 .bss.g_xtal0Freq
                0x000000001fffe094        0x4 ./drivers/fsl_clock.o
                0x000000001fffe094                g_xtal0Freq
 .bss.s_i2cHandle
                0x000000001fffe098        0x8 ./drivers/fsl_i2c.o
 .bss.s_i2cMasterIsr
                0x000000001fffe0a0        0x4 ./drivers/fsl_i2c.o
 .bss.s_i2cSlaveIsr
                0x000000001fffe0a4        0x4 ./drivers/fsl_i2c.o
 .bss.s_lpsciHandle
                0x000000001fffe0a8        0x4 ./drivers/fsl_lpsci.o
 .bss.s_lpsciIsr
                0x000000001fffe0ac        0x4 ./drivers/fsl_lpsci.o
 .bss.s_uartHandle
                0x000000001fffe0b0        0xc ./drivers/fsl_uart.o
 .bss.s_uartIsr
                0x000000001fffe0bc        0x4 ./drivers/fsl_uart.o
 .bss.__Ciob    0x000000001fffe0c0       0xb4 /usr/local/mcuxpressoide-10.2.1_795/ide/tools/bin/../lib/gcc/arm-none-eabi/7.2.1/../../../../arm-none-eabi/lib/thumb/v6-m/libcr_semihost_nf.a(__ciob.o)
                0x000000001fffe0c0                __Ciob
 .bss.__end_of_heap
                0x000000001fffe174        0x4 /usr/local/mcuxpressoide-10.2.1_795/ide/tools/bin/../lib/gcc/arm-none-eabi/7.2.1/../../../../arm-none-eabi/lib/thumb/v6-m/libcr_c.a(__init_alloc.o)
                0x000000001fffe174                __end_of_heap
 .bss.__heaps   0x000000001fffe178        0x4 /usr/local/mcuxpressoide-10.2.1_795/ide/tools/bin/../lib/gcc/arm-none-eabi/7.2.1/../../../../arm-none-eabi/lib/thumb/v6-m/libcr_c.a(__init_alloc.o)
                0x000000001fffe178                __heaps
 .bss.errno     0x000000001fffe17c        0x4 /usr/local/mcuxpressoide-10.2.1_795/ide/tools/bin/../lib/gcc/arm-none-eabi/7.2.1/../../../../arm-none-eabi/lib/thumb/v6-m/libcr_c.a(errno.o)
                0x000000001fffe17c                errno
 *(SORT_BY_ALIGNMENT(COMMON))
                0x000000001fffe180                . = ALIGN (0x4)
                0x000000001fffe180                _ebss = .
                [!provide]                        PROVIDE (end, .)

.noinit         0x000000001fffe180        0x0 load address 0x0000000000003c54
                0x000000001fffe180                _noinit = .
 *(SORT_BY_ALIGNMENT(.noinit*))
                0x000000001fffe180                . = ALIGN (0x4)
                0x000000001fffe180                _end_noinit = .
                0x0000000000000800                _HeapSize = 0x800

.heap           0x000000001fffe180      0x800 load address 0x0000000000003c54
                0x000000001fffe180                _pvHeapStart = .
                0x000000001fffe980                . = (. + _HeapSize)
 *fill*         0x000000001fffe180      0x800 
                0x000000001fffe980                . = ALIGN (0x4)
                0x000000001fffe980                _pvHeapLimit = .
                0x0000000000000800                _StackSize = 0x800

.heap2stackfill
                0x000000001fffe980      0x800 load address 0x0000000000003c54
                0x000000001ffff180                . = (. + _StackSize)
 *fill*         0x000000001fffe980      0x800 

.stack          0x0000000020005800        0x0
                0x0000000020005800                _vStackBase = .
                0x0000000020005800                . = ALIGN (0x4)
                0x0000000020006000                _vStackTop = (. + _StackSize)
                0x0000000000000000                _image_start = LOADADDR (.text)
                0x0000000000003c54                _image_end = (LOADADDR (.data) + SIZEOF (.data))
                0x0000000000003c54                _image_size = (_image_end - _image_start)
OUTPUT(ejemplo_mcu2.axf elf32-littlearm)

.debug_info     0x0000000000000000     0xae37
 .debug_info    0x0000000000000000      0x2ac ./utilities/fsl_debug_console.o
 .debug_info    0x00000000000002ac      0x8bf ./utilities/fsl_io.o
 .debug_info    0x0000000000000b6b      0x329 ./utilities/fsl_log.o
 .debug_info    0x0000000000000e94      0x49b ./startup/startup_mkl46z4.o
 .debug_info    0x000000000000132f      0x9a4 ./source/SD2_board.o
 .debug_info    0x0000000000001cd3      0x772 ./source/ejemplo_mcu2.o
 .debug_info    0x0000000000002445       0x52 ./source/mtb.o
 .debug_info    0x0000000000002497       0x3b ./source/semihost_hardfault.o
 .debug_info    0x00000000000024d2     0x1995 ./drivers/fsl_clock.o
 .debug_info    0x0000000000003e67      0x7df ./drivers/fsl_gpio.o
 .debug_info    0x0000000000004646     0x19c4 ./drivers/fsl_i2c.o
 .debug_info    0x000000000000600a     0x1428 ./drivers/fsl_lpsci.o
 .debug_info    0x0000000000007432     0x13d2 ./drivers/fsl_uart.o
 .debug_info    0x0000000000008804      0x795 ./board/board.o
 .debug_info    0x0000000000008f99      0x953 ./board/clock_config.o
 .debug_info    0x00000000000098ec      0x700 ./board/peripherals.o
 .debug_info    0x0000000000009fec      0xa41 ./board/pin_mux.o
 .debug_info    0x000000000000aa2d      0x40a ./CMSIS/system_MKL46Z4.o

.debug_abbrev   0x0000000000000000     0x215a
 .debug_abbrev  0x0000000000000000      0x100 ./utilities/fsl_debug_console.o
 .debug_abbrev  0x0000000000000100      0x1e7 ./utilities/fsl_io.o
 .debug_abbrev  0x00000000000002e7      0x179 ./utilities/fsl_log.o
 .debug_abbrev  0x0000000000000460      0x16d ./startup/startup_mkl46z4.o
 .debug_abbrev  0x00000000000005cd      0x28f ./source/SD2_board.o
 .debug_abbrev  0x000000000000085c      0x188 ./source/ejemplo_mcu2.o
 .debug_abbrev  0x00000000000009e4       0x44 ./source/mtb.o
 .debug_abbrev  0x0000000000000a28       0x2f ./source/semihost_hardfault.o
 .debug_abbrev  0x0000000000000a57      0x31f ./drivers/fsl_clock.o
 .debug_abbrev  0x0000000000000d76      0x1fc ./drivers/fsl_gpio.o
 .debug_abbrev  0x0000000000000f72      0x346 ./drivers/fsl_i2c.o
 .debug_abbrev  0x00000000000012b8      0x2e7 ./drivers/fsl_lpsci.o
 .debug_abbrev  0x000000000000159f      0x2e7 ./drivers/fsl_uart.o
 .debug_abbrev  0x0000000000001886      0x185 ./board/board.o
 .debug_abbrev  0x0000000000001a0b      0x1f4 ./board/clock_config.o
 .debug_abbrev  0x0000000000001bff      0x174 ./board/peripherals.o
 .debug_abbrev  0x0000000000001d73      0x293 ./board/pin_mux.o
 .debug_abbrev  0x0000000000002006      0x154 ./CMSIS/system_MKL46Z4.o

.debug_aranges  0x0000000000000000      0xae0
 .debug_aranges
                0x0000000000000000       0x30 ./utilities/fsl_debug_console.o
 .debug_aranges
                0x0000000000000030       0x58 ./utilities/fsl_io.o
 .debug_aranges
                0x0000000000000088       0x58 ./utilities/fsl_log.o
 .debug_aranges
                0x00000000000000e0      0x160 ./startup/startup_mkl46z4.o
 .debug_aranges
                0x0000000000000240       0x68 ./source/SD2_board.o
 .debug_aranges
                0x00000000000002a8       0x28 ./source/ejemplo_mcu2.o
 .debug_aranges
                0x00000000000002d0       0x18 ./source/mtb.o
 .debug_aranges
                0x00000000000002e8       0x20 ./source/semihost_hardfault.o
 .debug_aranges
                0x0000000000000308      0x1d8 ./drivers/fsl_clock.o
 .debug_aranges
                0x00000000000004e0       0x78 ./drivers/fsl_gpio.o
 .debug_aranges
                0x0000000000000558      0x178 ./drivers/fsl_i2c.o
 .debug_aranges
                0x00000000000006d0      0x118 ./drivers/fsl_lpsci.o
 .debug_aranges
                0x00000000000007e8      0x130 ./drivers/fsl_uart.o
 .debug_aranges
                0x0000000000000918       0x28 ./board/board.o
 .debug_aranges
                0x0000000000000940       0x50 ./board/clock_config.o
 .debug_aranges
                0x0000000000000990       0x98 ./board/peripherals.o
 .debug_aranges
                0x0000000000000a28       0x88 ./board/pin_mux.o
 .debug_aranges
                0x0000000000000ab0       0x30 ./CMSIS/system_MKL46Z4.o

.debug_ranges   0x0000000000000000      0x9b8
 .debug_ranges  0x0000000000000000       0x20 ./utilities/fsl_debug_console.o
 .debug_ranges  0x0000000000000020       0x48 ./utilities/fsl_io.o
 .debug_ranges  0x0000000000000068       0x48 ./utilities/fsl_log.o
 .debug_ranges  0x00000000000000b0      0x150 ./startup/startup_mkl46z4.o
 .debug_ranges  0x0000000000000200       0x58 ./source/SD2_board.o
 .debug_ranges  0x0000000000000258       0x18 ./source/ejemplo_mcu2.o
 .debug_ranges  0x0000000000000270       0x10 ./source/semihost_hardfault.o
 .debug_ranges  0x0000000000000280      0x1c8 ./drivers/fsl_clock.o
 .debug_ranges  0x0000000000000448       0x68 ./drivers/fsl_gpio.o
 .debug_ranges  0x00000000000004b0      0x168 ./drivers/fsl_i2c.o
 .debug_ranges  0x0000000000000618      0x108 ./drivers/fsl_lpsci.o
 .debug_ranges  0x0000000000000720      0x120 ./drivers/fsl_uart.o
 .debug_ranges  0x0000000000000840       0x18 ./board/board.o
 .debug_ranges  0x0000000000000858       0x40 ./board/clock_config.o
 .debug_ranges  0x0000000000000898       0x88 ./board/peripherals.o
 .debug_ranges  0x0000000000000920       0x78 ./board/pin_mux.o
 .debug_ranges  0x0000000000000998       0x20 ./CMSIS/system_MKL46Z4.o

.debug_macro    0x0000000000000000     0xcbec
 .debug_macro   0x0000000000000000      0x139 ./utilities/fsl_debug_console.o
 .debug_macro   0x0000000000000139      0xa7e ./utilities/fsl_debug_console.o
 .debug_macro   0x0000000000000bb7       0x10 ./utilities/fsl_debug_console.o
 .debug_macro   0x0000000000000bc7       0x16 ./utilities/fsl_debug_console.o
 .debug_macro   0x0000000000000bdd       0x10 ./utilities/fsl_debug_console.o
 .debug_macro   0x0000000000000bed      0x12d ./utilities/fsl_debug_console.o
 .debug_macro   0x0000000000000d1a       0x28 ./utilities/fsl_debug_console.o
 .debug_macro   0x0000000000000d42       0x16 ./utilities/fsl_debug_console.o
 .debug_macro   0x0000000000000d58       0x22 ./utilities/fsl_debug_console.o
 .debug_macro   0x0000000000000d7a      0x5b2 ./utilities/fsl_debug_console.o
 .debug_macro   0x000000000000132c       0x10 ./utilities/fsl_debug_console.o
 .debug_macro   0x000000000000133c       0x3f ./utilities/fsl_debug_console.o
 .debug_macro   0x000000000000137b       0x1c ./utilities/fsl_debug_console.o
 .debug_macro   0x0000000000001397       0x22 ./utilities/fsl_debug_console.o
 .debug_macro   0x00000000000013b9       0xb5 ./utilities/fsl_debug_console.o
 .debug_macro   0x000000000000146e      0x37c ./utilities/fsl_debug_console.o
 .debug_macro   0x00000000000017ea       0x38 ./utilities/fsl_debug_console.o
 .debug_macro   0x0000000000001822     0x87f8 ./utilities/fsl_debug_console.o
 .debug_macro   0x000000000000a01a     0x121a ./utilities/fsl_debug_console.o
 .debug_macro   0x000000000000b234       0x52 ./utilities/fsl_debug_console.o
 .debug_macro   0x000000000000b286      0x10a ./utilities/fsl_debug_console.o
 .debug_macro   0x000000000000b390       0x74 ./utilities/fsl_debug_console.o
 .debug_macro   0x000000000000b404       0xd2 ./utilities/fsl_debug_console.o
 .debug_macro   0x000000000000b4d6       0x1c ./utilities/fsl_debug_console.o
 .debug_macro   0x000000000000b4f2       0x50 ./utilities/fsl_debug_console.o
 .debug_macro   0x000000000000b542      0x123 ./utilities/fsl_io.o
 .debug_macro   0x000000000000b665       0x1c ./utilities/fsl_io.o
 .debug_macro   0x000000000000b681       0x22 ./utilities/fsl_io.o
 .debug_macro   0x000000000000b6a3       0x10 ./utilities/fsl_io.o
 .debug_macro   0x000000000000b6b3       0x10 ./utilities/fsl_io.o
 .debug_macro   0x000000000000b6c3      0x147 ./utilities/fsl_log.o
 .debug_macro   0x000000000000b80a       0x29 ./startup/startup_mkl46z4.o
 .debug_macro   0x000000000000b833      0x12b ./source/SD2_board.o
 .debug_macro   0x000000000000b95e       0x10 ./source/SD2_board.o
 .debug_macro   0x000000000000b96e       0x10 ./source/SD2_board.o
 .debug_macro   0x000000000000b97e      0x1d2 ./source/SD2_board.o
 .debug_macro   0x000000000000bb50      0x17e ./source/ejemplo_mcu2.o
 .debug_macro   0x000000000000bcce       0xd8 ./source/ejemplo_mcu2.o
 .debug_macro   0x000000000000bda6       0x10 ./source/ejemplo_mcu2.o
 .debug_macro   0x000000000000bdb6      0x15b ./source/ejemplo_mcu2.o
 .debug_macro   0x000000000000bf11       0x16 ./source/ejemplo_mcu2.o
 .debug_macro   0x000000000000bf27       0x1c ./source/ejemplo_mcu2.o
 .debug_macro   0x000000000000bf43       0x58 ./source/ejemplo_mcu2.o
 .debug_macro   0x000000000000bf9b       0x22 ./source/ejemplo_mcu2.o
 .debug_macro   0x000000000000bfbd       0x2f ./source/mtb.o
 .debug_macro   0x000000000000bfec       0x82 ./source/mtb.o
 .debug_macro   0x000000000000c06e       0x10 ./source/mtb.o
 .debug_macro   0x000000000000c07e       0x11 ./source/semihost_hardfault.o
 .debug_macro   0x000000000000c08f      0x1b8 ./drivers/fsl_clock.o
 .debug_macro   0x000000000000c247      0x108 ./drivers/fsl_gpio.o
 .debug_macro   0x000000000000c34f      0x107 ./drivers/fsl_i2c.o
 .debug_macro   0x000000000000c456       0x16 ./drivers/fsl_i2c.o
 .debug_macro   0x000000000000c46c      0x108 ./drivers/fsl_lpsci.o
 .debug_macro   0x000000000000c574      0x10e ./drivers/fsl_uart.o
 .debug_macro   0x000000000000c682      0x144 ./board/board.o
 .debug_macro   0x000000000000c7c6       0x16 ./board/board.o
 .debug_macro   0x000000000000c7dc      0x13f ./board/clock_config.o
 .debug_macro   0x000000000000c91b      0x129 ./board/peripherals.o
 .debug_macro   0x000000000000ca44      0x111 ./board/pin_mux.o
 .debug_macro   0x000000000000cb55       0x97 ./CMSIS/system_MKL46Z4.o

.debug_line     0x0000000000000000     0x44f3
 .debug_line    0x0000000000000000      0x2a1 ./utilities/fsl_debug_console.o
 .debug_line    0x00000000000002a1      0x341 ./utilities/fsl_io.o
 .debug_line    0x00000000000005e2      0x30d ./utilities/fsl_log.o
 .debug_line    0x00000000000008ef      0x128 ./startup/startup_mkl46z4.o
 .debug_line    0x0000000000000a17      0x351 ./source/SD2_board.o
 .debug_line    0x0000000000000d68      0x2f1 ./source/ejemplo_mcu2.o
 .debug_line    0x0000000000001059       0x99 ./source/mtb.o
 .debug_line    0x00000000000010f2       0x54 ./source/semihost_hardfault.o
 .debug_line    0x0000000000001146      0x97b ./drivers/fsl_clock.o
 .debug_line    0x0000000000001ac1      0x332 ./drivers/fsl_gpio.o
 .debug_line    0x0000000000001df3      0xa10 ./drivers/fsl_i2c.o
 .debug_line    0x0000000000002803      0x744 ./drivers/fsl_lpsci.o
 .debug_line    0x0000000000002f47      0x753 ./drivers/fsl_uart.o
 .debug_line    0x000000000000369a      0x27f ./board/board.o
 .debug_line    0x0000000000003919      0x2b2 ./board/clock_config.o
 .debug_line    0x0000000000003bcb      0x35a ./board/peripherals.o
 .debug_line    0x0000000000003f25      0x3c8 ./board/pin_mux.o
 .debug_line    0x00000000000042ed      0x206 ./CMSIS/system_MKL46Z4.o

.debug_str      0x0000000000000000    0x515d6
 .debug_str     0x0000000000000000    0x4a8d0 ./utilities/fsl_debug_console.o
                                      0x4aad7 (size before relaxing)
 .debug_str     0x000000000004a8d0      0xb9a ./utilities/fsl_io.o
                                      0x4b1fe (size before relaxing)
 .debug_str     0x000000000004b46a      0x1d8 ./utilities/fsl_log.o
                                      0x4a865 (size before relaxing)
 .debug_str     0x000000000004b642      0x3e4 ./startup/startup_mkl46z4.o
                                       0x310d (size before relaxing)
 .debug_str     0x000000000004ba26      0xdfa ./source/SD2_board.o
                                      0x4b759 (size before relaxing)
 .debug_str     0x000000000004c820      0xe6b ./source/ejemplo_mcu2.o
                                      0x4bf7c (size before relaxing)
 .debug_str     0x000000000004d68b      0x532 ./source/mtb.o
                                       0x3220 (size before relaxing)
 .debug_str     0x000000000004dbbd       0x1f ./source/semihost_hardfault.o
                                       0x2d0d (size before relaxing)
 .debug_str     0x000000000004dbdc     0x147f ./drivers/fsl_clock.o
                                      0x4c332 (size before relaxing)
 .debug_str     0x000000000004f05b      0x106 ./drivers/fsl_gpio.o
                                      0x4abd8 (size before relaxing)
 .debug_str     0x000000000004f161      0xdaf ./drivers/fsl_i2c.o
                                      0x4baf1 (size before relaxing)
 .debug_str     0x000000000004ff10      0x84e ./drivers/fsl_lpsci.o
                                      0x4b974 (size before relaxing)
 .debug_str     0x000000000005075e      0x777 ./drivers/fsl_uart.o
                                      0x4b991 (size before relaxing)
 .debug_str     0x0000000000050ed5       0x4c ./board/board.o
                                      0x4b59a (size before relaxing)
 .debug_str     0x0000000000050f21      0x2c6 ./board/clock_config.o
                                      0x4b105 (size before relaxing)
 .debug_str     0x00000000000511e7      0x15d ./board/peripherals.o
                                      0x4b0e0 (size before relaxing)
 .debug_str     0x0000000000051344      0x234 ./board/pin_mux.o
                                      0x4b30e (size before relaxing)
 .debug_str     0x0000000000051578       0x5e ./CMSIS/system_MKL46Z4.o
                                      0x497a0 (size before relaxing)

.comment        0x0000000000000000       0x7e
 .comment       0x0000000000000000       0x7e ./utilities/fsl_debug_console.o
                                         0x7f (size before relaxing)
 .comment       0x000000000000007e       0x7f ./utilities/fsl_io.o
 .comment       0x000000000000007e       0x7f ./utilities/fsl_log.o
 .comment       0x000000000000007e       0x7f ./startup/startup_mkl46z4.o
 .comment       0x000000000000007e       0x7f ./source/SD2_board.o
 .comment       0x000000000000007e       0x7f ./source/ejemplo_mcu2.o
 .comment       0x000000000000007e       0x7f ./source/mtb.o
 .comment       0x000000000000007e       0x7f ./source/semihost_hardfault.o
 .comment       0x000000000000007e       0x7f ./drivers/fsl_clock.o
 .comment       0x000000000000007e       0x7f ./drivers/fsl_gpio.o
 .comment       0x000000000000007e       0x7f ./drivers/fsl_i2c.o
 .comment       0x000000000000007e       0x7f ./drivers/fsl_lpsci.o
 .comment       0x000000000000007e       0x7f ./drivers/fsl_uart.o
 .comment       0x000000000000007e       0x7f ./board/board.o
 .comment       0x000000000000007e       0x7f ./board/clock_config.o
 .comment       0x000000000000007e       0x7f ./board/peripherals.o
 .comment       0x000000000000007e       0x7f ./board/pin_mux.o
 .comment       0x000000000000007e       0x7f ./CMSIS/system_MKL46Z4.o
 .comment       0x000000000000007e       0x7f /usr/local/mcuxpressoide-10.2.1_795/ide/tools/bin/../lib/gcc/arm-none-eabi/7.2.1/../../../../arm-none-eabi/lib/thumb/v6-m/libcr_semihost_nf.a(_cr__main.o)
 .comment       0x000000000000007e       0x7f /usr/local/mcuxpressoide-10.2.1_795/ide/tools/bin/../lib/gcc/arm-none-eabi/7.2.1/../../../../arm-none-eabi/lib/thumb/v6-m/libcr_semihost_nf.a(_cr_assert.o)
 .comment       0x000000000000007e       0x7f /usr/local/mcuxpressoide-10.2.1_795/ide/tools/bin/../lib/gcc/arm-none-eabi/7.2.1/../../../../arm-none-eabi/lib/thumb/v6-m/libcr_semihost_nf.a(__ciob.o)
 .comment       0x000000000000007e       0x7f /usr/local/mcuxpressoide-10.2.1_795/ide/tools/bin/../lib/gcc/arm-none-eabi/7.2.1/../../../../arm-none-eabi/lib/thumb/v6-m/libcr_c.a(memset.o)
 .comment       0x000000000000007e       0x7f /usr/local/mcuxpressoide-10.2.1_795/ide/tools/bin/../lib/gcc/arm-none-eabi/7.2.1/../../../../arm-none-eabi/lib/thumb/v6-m/libcr_c.a(_deferredlazyseek.o)
 .comment       0x000000000000007e       0x7f /usr/local/mcuxpressoide-10.2.1_795/ide/tools/bin/../lib/gcc/arm-none-eabi/7.2.1/../../../../arm-none-eabi/lib/thumb/v6-m/libcr_c.a(_fflush.o)
 .comment       0x000000000000007e       0x7f /usr/local/mcuxpressoide-10.2.1_795/ide/tools/bin/../lib/gcc/arm-none-eabi/7.2.1/../../../../arm-none-eabi/lib/thumb/v6-m/libcr_c.a(_writebuf.o)
 .comment       0x000000000000007e       0x7f /usr/local/mcuxpressoide-10.2.1_795/ide/tools/bin/../lib/gcc/arm-none-eabi/7.2.1/../../../../arm-none-eabi/lib/thumb/v6-m/libcr_c.a(alloc.o)
 .comment       0x000000000000007e       0x7f /usr/local/mcuxpressoide-10.2.1_795/ide/tools/bin/../lib/gcc/arm-none-eabi/7.2.1/../../../../arm-none-eabi/lib/thumb/v6-m/libcr_c.a(fputs.o)
 .comment       0x000000000000007e       0x7f /usr/local/mcuxpressoide-10.2.1_795/ide/tools/bin/../lib/gcc/arm-none-eabi/7.2.1/../../../../arm-none-eabi/lib/thumb/v6-m/libcr_c.a(fseek.o)
 .comment       0x000000000000007e       0x7f /usr/local/mcuxpressoide-10.2.1_795/ide/tools/bin/../lib/gcc/arm-none-eabi/7.2.1/../../../../arm-none-eabi/lib/thumb/v6-m/libcr_c.a(ftell.o)
 .comment       0x000000000000007e       0x7f /usr/local/mcuxpressoide-10.2.1_795/ide/tools/bin/../lib/gcc/arm-none-eabi/7.2.1/../../../../arm-none-eabi/lib/thumb/v6-m/libcr_c.a(initio.o)
 .comment       0x000000000000007e       0x7f /usr/local/mcuxpressoide-10.2.1_795/ide/tools/bin/../lib/gcc/arm-none-eabi/7.2.1/../../../../arm-none-eabi/lib/thumb/v6-m/libcr_c.a(printf.o)
 .comment       0x000000000000007e       0x7f /usr/local/mcuxpressoide-10.2.1_795/ide/tools/bin/../lib/gcc/arm-none-eabi/7.2.1/../../../../arm-none-eabi/lib/thumb/v6-m/libcr_c.a(setvbuf.o)
 .comment       0x000000000000007e       0x7f /usr/local/mcuxpressoide-10.2.1_795/ide/tools/bin/../lib/gcc/arm-none-eabi/7.2.1/../../../../arm-none-eabi/lib/thumb/v6-m/libcr_c.a(strlen.o)
 .comment       0x000000000000007e       0x7f /usr/local/mcuxpressoide-10.2.1_795/ide/tools/bin/../lib/gcc/arm-none-eabi/7.2.1/../../../../arm-none-eabi/lib/thumb/v6-m/libcr_c.a(__init_alloc.o)
 .comment       0x000000000000007e       0x7f /usr/local/mcuxpressoide-10.2.1_795/ide/tools/bin/../lib/gcc/arm-none-eabi/7.2.1/../../../../arm-none-eabi/lib/thumb/v6-m/libcr_c.a(_cr_sbrk.o)
 .comment       0x000000000000007e       0x7f /usr/local/mcuxpressoide-10.2.1_795/ide/tools/bin/../lib/gcc/arm-none-eabi/7.2.1/../../../../arm-none-eabi/lib/thumb/v6-m/libcr_c.a(_fdopen.o)
 .comment       0x000000000000007e       0x7f /usr/local/mcuxpressoide-10.2.1_795/ide/tools/bin/../lib/gcc/arm-none-eabi/7.2.1/../../../../arm-none-eabi/lib/thumb/v6-m/libcr_c.a(errno.o)
 .comment       0x000000000000007e       0x7f /usr/local/mcuxpressoide-10.2.1_795/ide/tools/bin/../lib/gcc/arm-none-eabi/7.2.1/../../../../arm-none-eabi/lib/thumb/v6-m/libcr_c.a(fclose.o)
 .comment       0x000000000000007e       0x7f /usr/local/mcuxpressoide-10.2.1_795/ide/tools/bin/../lib/gcc/arm-none-eabi/7.2.1/../../../../arm-none-eabi/lib/thumb/v6-m/libcr_c.a(fflush.o)
 .comment       0x000000000000007e       0x7f /usr/local/mcuxpressoide-10.2.1_795/ide/tools/bin/../lib/gcc/arm-none-eabi/7.2.1/../../../../arm-none-eabi/lib/thumb/v6-m/libcr_c.a(remove.o)
 .comment       0x000000000000007e       0x7f /usr/local/mcuxpressoide-10.2.1_795/ide/tools/bin/../lib/gcc/arm-none-eabi/7.2.1/../../../../arm-none-eabi/lib/thumb/v6-m/libcr_c.a(_cr_check_heap.o)
 .comment       0x000000000000007e       0x7f /usr/local/mcuxpressoide-10.2.1_795/ide/tools/bin/../lib/gcc/arm-none-eabi/7.2.1/../../../../arm-none-eabi/lib/thumb/v6-m/libcr_c.a(_do_fflush.o)

.ARM.attributes
                0x0000000000000000       0x30
 .ARM.attributes
                0x0000000000000000       0x32 ./utilities/fsl_debug_console.o
 .ARM.attributes
                0x0000000000000032       0x32 ./utilities/fsl_io.o
 .ARM.attributes
                0x0000000000000064       0x32 ./utilities/fsl_log.o
 .ARM.attributes
                0x0000000000000096       0x32 ./startup/startup_mkl46z4.o
 .ARM.attributes
                0x00000000000000c8       0x32 ./source/SD2_board.o
 .ARM.attributes
                0x00000000000000fa       0x32 ./source/ejemplo_mcu2.o
 .ARM.attributes
                0x000000000000012c       0x32 ./source/mtb.o
 .ARM.attributes
                0x000000000000015e       0x32 ./source/semihost_hardfault.o
 .ARM.attributes
                0x0000000000000190       0x32 ./drivers/fsl_clock.o
 .ARM.attributes
                0x00000000000001c2       0x32 ./drivers/fsl_gpio.o
 .ARM.attributes
                0x00000000000001f4       0x32 ./drivers/fsl_i2c.o
 .ARM.attributes
                0x0000000000000226       0x32 ./drivers/fsl_lpsci.o
 .ARM.attributes
                0x0000000000000258       0x32 ./drivers/fsl_uart.o
 .ARM.attributes
                0x000000000000028a       0x32 ./board/board.o
 .ARM.attributes
                0x00000000000002bc       0x32 ./board/clock_config.o
 .ARM.attributes
                0x00000000000002ee       0x32 ./board/peripherals.o
 .ARM.attributes
                0x0000000000000320       0x32 ./board/pin_mux.o
 .ARM.attributes
                0x0000000000000352       0x32 ./CMSIS/system_MKL46Z4.o
 .ARM.attributes
                0x0000000000000384       0x31 /usr/local/mcuxpressoide-10.2.1_795/ide/tools/bin/../lib/gcc/arm-none-eabi/7.2.1/../../../../arm-none-eabi/lib/thumb/v6-m/libcr_semihost_nf.a(_cr__main.o)
 .ARM.attributes
                0x00000000000003b5       0x31 /usr/local/mcuxpressoide-10.2.1_795/ide/tools/bin/../lib/gcc/arm-none-eabi/7.2.1/../../../../arm-none-eabi/lib/thumb/v6-m/libcr_semihost_nf.a(_cr_assert.o)
 .ARM.attributes
                0x00000000000003e6       0x31 /usr/local/mcuxpressoide-10.2.1_795/ide/tools/bin/../lib/gcc/arm-none-eabi/7.2.1/../../../../arm-none-eabi/lib/thumb/v6-m/libcr_semihost_nf.a(__ciob.o)
 .ARM.attributes
                0x0000000000000417       0x21 /usr/local/mcuxpressoide-10.2.1_795/ide/tools/bin/../lib/gcc/arm-none-eabi/7.2.1/../../../../arm-none-eabi/lib/thumb/v6-m/libcr_semihost_nf.a(__sys_appexit.o)
 .ARM.attributes
                0x0000000000000438       0x31 /usr/local/mcuxpressoide-10.2.1_795/ide/tools/bin/../lib/gcc/arm-none-eabi/7.2.1/../../../../arm-none-eabi/lib/thumb/v6-m/libcr_c.a(memset.o)
 .ARM.attributes
                0x0000000000000469       0x31 /usr/local/mcuxpressoide-10.2.1_795/ide/tools/bin/../lib/gcc/arm-none-eabi/7.2.1/../../../../arm-none-eabi/lib/thumb/v6-m/libcr_c.a(_deferredlazyseek.o)
 .ARM.attributes
                0x000000000000049a       0x31 /usr/local/mcuxpressoide-10.2.1_795/ide/tools/bin/../lib/gcc/arm-none-eabi/7.2.1/../../../../arm-none-eabi/lib/thumb/v6-m/libcr_c.a(_fflush.o)
 .ARM.attributes
                0x00000000000004cb       0x31 /usr/local/mcuxpressoide-10.2.1_795/ide/tools/bin/../lib/gcc/arm-none-eabi/7.2.1/../../../../arm-none-eabi/lib/thumb/v6-m/libcr_c.a(_writebuf.o)
 .ARM.attributes
                0x00000000000004fc       0x31 /usr/local/mcuxpressoide-10.2.1_795/ide/tools/bin/../lib/gcc/arm-none-eabi/7.2.1/../../../../arm-none-eabi/lib/thumb/v6-m/libcr_c.a(alloc.o)
 .ARM.attributes
                0x000000000000052d       0x31 /usr/local/mcuxpressoide-10.2.1_795/ide/tools/bin/../lib/gcc/arm-none-eabi/7.2.1/../../../../arm-none-eabi/lib/thumb/v6-m/libcr_c.a(fputs.o)
 .ARM.attributes
                0x000000000000055e       0x31 /usr/local/mcuxpressoide-10.2.1_795/ide/tools/bin/../lib/gcc/arm-none-eabi/7.2.1/../../../../arm-none-eabi/lib/thumb/v6-m/libcr_c.a(fseek.o)
 .ARM.attributes
                0x000000000000058f       0x31 /usr/local/mcuxpressoide-10.2.1_795/ide/tools/bin/../lib/gcc/arm-none-eabi/7.2.1/../../../../arm-none-eabi/lib/thumb/v6-m/libcr_c.a(ftell.o)
 .ARM.attributes
                0x00000000000005c0       0x31 /usr/local/mcuxpressoide-10.2.1_795/ide/tools/bin/../lib/gcc/arm-none-eabi/7.2.1/../../../../arm-none-eabi/lib/thumb/v6-m/libcr_c.a(initio.o)
 .ARM.attributes
                0x00000000000005f1       0x31 /usr/local/mcuxpressoide-10.2.1_795/ide/tools/bin/../lib/gcc/arm-none-eabi/7.2.1/../../../../arm-none-eabi/lib/thumb/v6-m/libcr_c.a(printf.o)
 .ARM.attributes
                0x0000000000000622       0x31 /usr/local/mcuxpressoide-10.2.1_795/ide/tools/bin/../lib/gcc/arm-none-eabi/7.2.1/../../../../arm-none-eabi/lib/thumb/v6-m/libcr_c.a(setvbuf.o)
 .ARM.attributes
                0x0000000000000653       0x31 /usr/local/mcuxpressoide-10.2.1_795/ide/tools/bin/../lib/gcc/arm-none-eabi/7.2.1/../../../../arm-none-eabi/lib/thumb/v6-m/libcr_c.a(strlen.o)
 .ARM.attributes
                0x0000000000000684       0x31 /usr/local/mcuxpressoide-10.2.1_795/ide/tools/bin/../lib/gcc/arm-none-eabi/7.2.1/../../../../arm-none-eabi/lib/thumb/v6-m/libcr_c.a(__init_alloc.o)
 .ARM.attributes
                0x00000000000006b5       0x31 /usr/local/mcuxpressoide-10.2.1_795/ide/tools/bin/../lib/gcc/arm-none-eabi/7.2.1/../../../../arm-none-eabi/lib/thumb/v6-m/libcr_c.a(_cr_sbrk.o)
 .ARM.attributes
                0x00000000000006e6       0x31 /usr/local/mcuxpressoide-10.2.1_795/ide/tools/bin/../lib/gcc/arm-none-eabi/7.2.1/../../../../arm-none-eabi/lib/thumb/v6-m/libcr_c.a(_fdopen.o)
 .ARM.attributes
                0x0000000000000717       0x31 /usr/local/mcuxpressoide-10.2.1_795/ide/tools/bin/../lib/gcc/arm-none-eabi/7.2.1/../../../../arm-none-eabi/lib/thumb/v6-m/libcr_c.a(errno.o)
 .ARM.attributes
                0x0000000000000748       0x31 /usr/local/mcuxpressoide-10.2.1_795/ide/tools/bin/../lib/gcc/arm-none-eabi/7.2.1/../../../../arm-none-eabi/lib/thumb/v6-m/libcr_c.a(fclose.o)
 .ARM.attributes
                0x0000000000000779       0x31 /usr/local/mcuxpressoide-10.2.1_795/ide/tools/bin/../lib/gcc/arm-none-eabi/7.2.1/../../../../arm-none-eabi/lib/thumb/v6-m/libcr_c.a(fflush.o)
 .ARM.attributes
                0x00000000000007aa       0x31 /usr/local/mcuxpressoide-10.2.1_795/ide/tools/bin/../lib/gcc/arm-none-eabi/7.2.1/../../../../arm-none-eabi/lib/thumb/v6-m/libcr_c.a(remove.o)
 .ARM.attributes
                0x00000000000007db       0x31 /usr/local/mcuxpressoide-10.2.1_795/ide/tools/bin/../lib/gcc/arm-none-eabi/7.2.1/../../../../arm-none-eabi/lib/thumb/v6-m/libcr_c.a(_cr_check_heap.o)
 .ARM.attributes
                0x000000000000080c       0x31 /usr/local/mcuxpressoide-10.2.1_795/ide/tools/bin/../lib/gcc/arm-none-eabi/7.2.1/../../../../arm-none-eabi/lib/thumb/v6-m/libcr_c.a(_do_fflush.o)
 .ARM.attributes
                0x000000000000083d       0x21 /usr/local/mcuxpressoide-10.2.1_795/ide/tools/bin/../lib/gcc/arm-none-eabi/7.2.1/thumb/v6-m/libcr_eabihelpers.a(division_32.o)
 .ARM.attributes
                0x000000000000085e       0x21 /usr/local/mcuxpressoide-10.2.1_795/ide/tools/bin/../lib/gcc/arm-none-eabi/7.2.1/thumb/v6-m/libcr_eabihelpers.a(division_idiv0.o)
 .ARM.attributes
                0x000000000000087f       0x21 /usr/local/mcuxpressoide-10.2.1_795/ide/tools/bin/../lib/gcc/arm-none-eabi/7.2.1/thumb/v6-m/libcr_eabihelpers.a(llong.o)
 .ARM.attributes
                0x00000000000008a0       0x21 /usr/local/mcuxpressoide-10.2.1_795/ide/tools/bin/../lib/gcc/arm-none-eabi/7.2.1/thumb/v6-m/libcr_eabihelpers.a(memcpy.o)
 .ARM.attributes
                0x00000000000008c1       0x21 /usr/local/mcuxpressoide-10.2.1_795/ide/tools/bin/../lib/gcc/arm-none-eabi/7.2.1/../../../../arm-none-eabi/lib/thumb/v6-m/libcr_semihost_nf.a(__sys_close.o)
 .ARM.attributes
                0x00000000000008e2       0x21 /usr/local/mcuxpressoide-10.2.1_795/ide/tools/bin/../lib/gcc/arm-none-eabi/7.2.1/../../../../arm-none-eabi/lib/thumb/v6-m/libcr_semihost_nf.a(__sys_flen.o)
 .ARM.attributes
                0x0000000000000903       0x21 /usr/local/mcuxpressoide-10.2.1_795/ide/tools/bin/../lib/gcc/arm-none-eabi/7.2.1/../../../../arm-none-eabi/lib/thumb/v6-m/libcr_semihost_nf.a(__sys_istty.o)
 .ARM.attributes
                0x0000000000000924       0x21 /usr/local/mcuxpressoide-10.2.1_795/ide/tools/bin/../lib/gcc/arm-none-eabi/7.2.1/../../../../arm-none-eabi/lib/thumb/v6-m/libcr_semihost_nf.a(__sys_remove.o)
 .ARM.attributes
                0x0000000000000945       0x21 /usr/local/mcuxpressoide-10.2.1_795/ide/tools/bin/../lib/gcc/arm-none-eabi/7.2.1/../../../../arm-none-eabi/lib/thumb/v6-m/libcr_semihost_nf.a(__sys_seek.o)
 .ARM.attributes
                0x0000000000000966       0x21 /usr/local/mcuxpressoide-10.2.1_795/ide/tools/bin/../lib/gcc/arm-none-eabi/7.2.1/../../../../arm-none-eabi/lib/thumb/v6-m/libcr_semihost_nf.a(__sys_tmpnam.o)
 .ARM.attributes
                0x0000000000000987       0x21 /usr/local/mcuxpressoide-10.2.1_795/ide/tools/bin/../lib/gcc/arm-none-eabi/7.2.1/../../../../arm-none-eabi/lib/thumb/v6-m/libcr_semihost_nf.a(__sys_write.o)

.debug_frame    0x0000000000000000     0x2384
 .debug_frame   0x0000000000000000       0x68 ./utilities/fsl_debug_console.o
 .debug_frame   0x0000000000000068      0x108 ./utilities/fsl_io.o
 .debug_frame   0x0000000000000170      0x108 ./utilities/fsl_log.o
 .debug_frame   0x0000000000000278      0x3b0 ./startup/startup_mkl46z4.o
 .debug_frame   0x0000000000000628      0x150 ./source/SD2_board.o
 .debug_frame   0x0000000000000778       0x4c ./source/ejemplo_mcu2.o
 .debug_frame   0x00000000000007c4       0x20 ./source/semihost_hardfault.o
 .debug_frame   0x00000000000007e4      0x6e0 ./drivers/fsl_clock.o
 .debug_frame   0x0000000000000ec4      0x190 ./drivers/fsl_gpio.o
 .debug_frame   0x0000000000001054      0x588 ./drivers/fsl_i2c.o
 .debug_frame   0x00000000000015dc      0x418 ./drivers/fsl_lpsci.o
 .debug_frame   0x00000000000019f4      0x468 ./drivers/fsl_uart.o
 .debug_frame   0x0000000000001e5c       0x50 ./board/board.o
 .debug_frame   0x0000000000001eac       0xe0 ./board/clock_config.o
 .debug_frame   0x0000000000001f8c      0x1d0 ./board/peripherals.o
 .debug_frame   0x000000000000215c      0x1c0 ./board/pin_mux.o
 .debug_frame   0x000000000000231c       0x68 ./CMSIS/system_MKL46Z4.o
