Archive member included to satisfy reference by file (symbol)

/Applications/MCUXpressoIDE_11.7.0_9198/ide/plugins/com.nxp.mcuxpresso.tools.macosx_11.7.0.202209140929/tools/bin/../lib/gcc/arm-none-eabi/10.3.1/../../../../arm-none-eabi/lib/thumb/v6-m/nofp/libcr_semihost_nf.a(_cr__main.o)
                              ./startup/startup_mkl46z4.o (__main)
/Applications/MCUXpressoIDE_11.7.0_9198/ide/plugins/com.nxp.mcuxpresso.tools.macosx_11.7.0.202209140929/tools/bin/../lib/gcc/arm-none-eabi/10.3.1/../../../../arm-none-eabi/lib/thumb/v6-m/nofp/libcr_semihost_nf.a(_cr_assert.o)
                              ./utilities/fsl_debug_console.o (__assertion_failed)
/Applications/MCUXpressoIDE_11.7.0_9198/ide/plugins/com.nxp.mcuxpresso.tools.macosx_11.7.0.202209140929/tools/bin/../lib/gcc/arm-none-eabi/10.3.1/../../../../arm-none-eabi/lib/thumb/v6-m/nofp/libcr_semihost_nf.a(__ciob.o)
                              /Applications/MCUXpressoIDE_11.7.0_9198/ide/plugins/com.nxp.mcuxpresso.tools.macosx_11.7.0.202209140929/tools/bin/../lib/gcc/arm-none-eabi/10.3.1/../../../../arm-none-eabi/lib/thumb/v6-m/nofp/libcr_semihost_nf.a(_cr_assert.o) (__Ciob)
/Applications/MCUXpressoIDE_11.7.0_9198/ide/plugins/com.nxp.mcuxpresso.tools.macosx_11.7.0.202209140929/tools/bin/../lib/gcc/arm-none-eabi/10.3.1/../../../../arm-none-eabi/lib/thumb/v6-m/nofp/libcr_semihost_nf.a(__sys_appexit.o)
                              /Applications/MCUXpressoIDE_11.7.0_9198/ide/plugins/com.nxp.mcuxpresso.tools.macosx_11.7.0.202209140929/tools/bin/../lib/gcc/arm-none-eabi/10.3.1/../../../../arm-none-eabi/lib/thumb/v6-m/nofp/libcr_semihost_nf.a(_cr_assert.o) (__sys_appexit)
/Applications/MCUXpressoIDE_11.7.0_9198/ide/plugins/com.nxp.mcuxpresso.tools.macosx_11.7.0.202209140929/tools/bin/../lib/gcc/arm-none-eabi/10.3.1/../../../../arm-none-eabi/lib/thumb/v6-m/nofp/libcr_c.a(memcpy.o)
                              ./drivers/fsl_ftfx_cache.o (memcpy)
/Applications/MCUXpressoIDE_11.7.0_9198/ide/plugins/com.nxp.mcuxpresso.tools.macosx_11.7.0.202209140929/tools/bin/../lib/gcc/arm-none-eabi/10.3.1/../../../../arm-none-eabi/lib/thumb/v6-m/nofp/libcr_c.a(memset.o)
                              ./source/mma8451.o (memset)
/Applications/MCUXpressoIDE_11.7.0_9198/ide/plugins/com.nxp.mcuxpresso.tools.macosx_11.7.0.202209140929/tools/bin/../lib/gcc/arm-none-eabi/10.3.1/../../../../arm-none-eabi/lib/thumb/v6-m/nofp/libcr_c.a(_deferredlazyseek.o)
                              /Applications/MCUXpressoIDE_11.7.0_9198/ide/plugins/com.nxp.mcuxpresso.tools.macosx_11.7.0.202209140929/tools/bin/../lib/gcc/arm-none-eabi/10.3.1/../../../../arm-none-eabi/lib/thumb/v6-m/nofp/libcr_semihost_nf.a(_cr_assert.o) (__flsbuf)
/Applications/MCUXpressoIDE_11.7.0_9198/ide/plugins/com.nxp.mcuxpresso.tools.macosx_11.7.0.202209140929/tools/bin/../lib/gcc/arm-none-eabi/10.3.1/../../../../arm-none-eabi/lib/thumb/v6-m/nofp/libcr_c.a(_fflush.o)
                              /Applications/MCUXpressoIDE_11.7.0_9198/ide/plugins/com.nxp.mcuxpresso.tools.macosx_11.7.0.202209140929/tools/bin/../lib/gcc/arm-none-eabi/10.3.1/../../../../arm-none-eabi/lib/thumb/v6-m/nofp/libcr_c.a(_deferredlazyseek.o) (_fflush)
/Applications/MCUXpressoIDE_11.7.0_9198/ide/plugins/com.nxp.mcuxpresso.tools.macosx_11.7.0.202209140929/tools/bin/../lib/gcc/arm-none-eabi/10.3.1/../../../../arm-none-eabi/lib/thumb/v6-m/nofp/libcr_c.a(_writebuf.o)
                              /Applications/MCUXpressoIDE_11.7.0_9198/ide/plugins/com.nxp.mcuxpresso.tools.macosx_11.7.0.202209140929/tools/bin/../lib/gcc/arm-none-eabi/10.3.1/../../../../arm-none-eabi/lib/thumb/v6-m/nofp/libcr_c.a(_deferredlazyseek.o) (_Cwritebuf)
/Applications/MCUXpressoIDE_11.7.0_9198/ide/plugins/com.nxp.mcuxpresso.tools.macosx_11.7.0.202209140929/tools/bin/../lib/gcc/arm-none-eabi/10.3.1/../../../../arm-none-eabi/lib/thumb/v6-m/nofp/libcr_c.a(alloc.o)
                              ./drivers/fsl_common.o (malloc)
/Applications/MCUXpressoIDE_11.7.0_9198/ide/plugins/com.nxp.mcuxpresso.tools.macosx_11.7.0.202209140929/tools/bin/../lib/gcc/arm-none-eabi/10.3.1/../../../../arm-none-eabi/lib/thumb/v6-m/nofp/libcr_c.a(fpprintf.o)
                              ./source/display.o (sprintf)
/Applications/MCUXpressoIDE_11.7.0_9198/ide/plugins/com.nxp.mcuxpresso.tools.macosx_11.7.0.202209140929/tools/bin/../lib/gcc/arm-none-eabi/10.3.1/../../../../arm-none-eabi/lib/thumb/v6-m/nofp/libcr_c.a(fputs.o)
                              /Applications/MCUXpressoIDE_11.7.0_9198/ide/plugins/com.nxp.mcuxpresso.tools.macosx_11.7.0.202209140929/tools/bin/../lib/gcc/arm-none-eabi/10.3.1/../../../../arm-none-eabi/lib/thumb/v6-m/nofp/libcr_semihost_nf.a(_cr_assert.o) (fputs)
/Applications/MCUXpressoIDE_11.7.0_9198/ide/plugins/com.nxp.mcuxpresso.tools.macosx_11.7.0.202209140929/tools/bin/../lib/gcc/arm-none-eabi/10.3.1/../../../../arm-none-eabi/lib/thumb/v6-m/nofp/libcr_c.a(fseek.o)
[...]
Memory Configuration

Name             Origin             Length             Attributes
PROGRAM_FLASH    0x0000000000000000 0x0000000000040000 xr
SRAM             0x000000001fffe000 0x0000000000008000 xrw
*default*        0x0000000000000000 0xffffffffffffffff

Linker script and memory map

LOAD ./utilities/fsl_debug_console.o
LOAD ./utilities/fsl_io.o
LOAD ./utilities/fsl_log.o
LOAD ./utilities/fsl_str.o
LOAD ./startup/startup_mkl46z4.o
LOAD ./source/SD2_I2C.o
LOAD ./source/SD2_board.o
LOAD ./source/display.o
LOAD ./source/font5x7.o
LOAD ./source/key.o
LOAD ./source/main.o
LOAD ./source/mef.o
LOAD ./source/mma8451.o
LOAD ./source/mtb.o
LOAD ./source/oled.o
LOAD ./source/semihost_hardfault.o
LOAD ./drivers/fsl_clock.o
LOAD ./drivers/fsl_common.o
LOAD ./drivers/fsl_ftfx_cache.o
LOAD ./drivers/fsl_ftfx_controller.o
LOAD ./drivers/fsl_ftfx_flash.o
LOAD ./drivers/fsl_ftfx_flexnvm.o
LOAD ./drivers/fsl_gpio.o
LOAD ./drivers/fsl_i2c.o
LOAD ./drivers/fsl_lpsci.o
LOAD ./drivers/fsl_smc.o
LOAD ./drivers/fsl_spi.o
LOAD ./drivers/fsl_uart.o
LOAD ./board/board.o
LOAD ./board/clock_config.o
LOAD ./board/peripherals.o
LOAD ./board/pin_mux.o
LOAD ./CMSIS/system_MKL46Z4.o
START GROUP
LOAD /Applications/MCUXpressoIDE_11.7.0_9198/ide/plugins/com.nxp.mcuxpresso.tools.macosx_11.7.0.202209140929/tools/bin/../lib/gcc/arm-none-eabi/10.3.1/../../../../arm-none-eabi/lib/thumb/v6-m/nofp/libcr_semihost_nf.a
LOAD /Applications/MCUXpressoIDE_11.7.0_9198/ide/plugins/com.nxp.mcuxpresso.tools.macosx_11.7.0.202209140929/tools/bin/../lib/gcc/arm-none-eabi/10.3.1/../../../../arm-none-eabi/lib/thumb/v6-m/nofp/libcr_c.a
LOAD /Applications/MCUXpressoIDE_11.7.0_9198/ide/plugins/com.nxp.mcuxpresso.tools.macosx_11.7.0.202209140929/tools/bin/../lib/gcc/arm-none-eabi/10.3.1/thumb/v6-m/nofp/libcr_eabihelpers.a
LOAD /Applications/MCUXpressoIDE_11.7.0_9198/ide/plugins/com.nxp.mcuxpresso.tools.macosx_11.7.0.202209140929/tools/bin/../lib/gcc/arm-none-eabi/10.3.1/thumb/v6-m/nofp/libgcc.a
END GROUP
                0x0000000000000000                __base_PROGRAM_FLASH = 0x0
                0x0000000000000000                __base_Flash = 0x0
                0x0000000000040000                __top_PROGRAM_FLASH = 0x40000
                0x0000000000040000                __top_Flash = 0x40000
                0x000000001fffe000                __base_SRAM = 0x1fffe000
                0x000000001fffe000                __base_RAM = 0x1fffe000
                0x0000000020006000                __top_SRAM = 0x20006000
                0x0000000020006000                __top_RAM = 0x20006000

.text           0x0000000000000000     0x8134
 FILL mask 0xff
                0x0000000000000000                __vectors_start__ = ABSOLUTE (.)
 *(SORT_BY_ALIGNMENT(.isr_vector))
 .isr_vector    0x0000000000000000       0xc0 ./startup/startup_mkl46z4.o
                0x0000000000000000                __Vectors
                0x0000000000000000                g_pfnVectors
                0x00000000000000c0                . = ALIGN (0x4)
                0x00000000000000c0                __section_table_start = .
                0x00000000000000c0                __data_section_table = .
                0x00000000000000c0        0x4 LONG 0x8134 LOADADDR (.data)
                0x00000000000000c4        0x4 LONG 0x1fffe080 ADDR (.data)
                0x00000000000000c8        0x4 LONG 0xc SIZEOF (.data)
                0x00000000000000cc                __data_section_table_end = .
                0x00000000000000cc                __bss_section_table = .
                0x00000000000000cc        0x4 LONG 0x1fffe08c ADDR (.bss)
                0x00000000000000d0        0x4 LONG 0x52c SIZEOF (.bss)
                0x00000000000000d4                __bss_section_table_end = .
                0x00000000000000d4                __section_table_end = .
 *(SORT_BY_ALIGNMENT(.after_vectors*))
 .after_vectors.reset
                0x00000000000000d4       0x4c ./startup/startup_mkl46z4.o
                0x00000000000000d4                ResetISR
 .after_vectors.init_data
                0x0000000000000120       0x12 ./startup/startup_mkl46z4.o
                0x0000000000000120                data_init
 .after_vectors.init_bss
                0x0000000000000132       0x10 ./startup/startup_mkl46z4.o
                0x0000000000000132                bss_init
 .after_vectors
                0x0000000000000142      0x10c ./startup/startup_mkl46z4.o
                0x0000000000000142                NMI_Handler
                0x0000000000000146                SVC_Handler
                0x0000000000000148                PendSV_Handler
                0x000000000000014c                PORTC_PORTD_DriverIRQHandler
                0x000000000000014c                DMA2_DriverIRQHandler
                0x000000000000014c                I2S0_DriverIRQHandler
                0x000000000000014c                CMP0_DriverIRQHandler
                0x000000000000014c                Reserved20_DriverIRQHandler
                0x000000000000014c                DMA0_DriverIRQHandler
                0x000000000000014c                LPTMR0_DriverIRQHandler
                0x000000000000014c                TPM1_DriverIRQHandler
                0x000000000000014c                PORTA_DriverIRQHandler
                0x000000000000014c                PIT_DriverIRQHandler
                0x000000000000014c                DMA3_DriverIRQHandler
                0x000000000000014c                TPM2_DriverIRQHandler
                0x000000000000014c                ADC0_DriverIRQHandler
                0x000000000000014c                TSI0_DriverIRQHandler
                0x000000000000014c                RTC_Seconds_DriverIRQHandler
                0x000000000000014c                DMA1_DriverIRQHandler
                0x000000000000014c                LLWU_DriverIRQHandler
                0x000000000000014c                MCG_DriverIRQHandler
                0x000000000000014c                LCD_DriverIRQHandler
                0x000000000000014c                RTC_DriverIRQHandler
                0x000000000000014c                FTFA_DriverIRQHandler
                0x000000000000014c                IntDefaultHandler
                0x000000000000014c                USB0_DriverIRQHandler
                0x000000000000014c                DAC0_DriverIRQHandler
                0x000000000000014c                LVD_LVW_DriverIRQHandler
                0x000000000000014c                TPM0_DriverIRQHandler
                0x000000000000014e                DMA0_IRQHandler
                0x0000000000000156                DMA1_IRQHandler
                0x000000000000015e                DMA2_IRQHandler
                0x0000000000000166                DMA3_IRQHandler
                0x000000000000016e                Reserved20_IRQHandler
                0x0000000000000176                FTFA_IRQHandler
                0x000000000000017e                LVD_LVW_IRQHandler
                0x0000000000000186                LLWU_IRQHandler
                0x000000000000018e                I2C0_IRQHandler
                0x0000000000000196                I2C1_IRQHandler
                0x000000000000019e                SPI0_IRQHandler
                0x00000000000001a6                SPI1_IRQHandler
                0x00000000000001ae                UART0_IRQHandler
                0x00000000000001b6                UART1_IRQHandler
                0x00000000000001be                UART2_IRQHandler
                0x00000000000001c6                ADC0_IRQHandler
                0x00000000000001ce                CMP0_IRQHandler
                0x00000000000001d6                TPM0_IRQHandler
                0x00000000000001de                TPM1_IRQHandler
                0x00000000000001e6                TPM2_IRQHandler
                0x00000000000001ee                RTC_IRQHandler
                0x00000000000001f6                RTC_Seconds_IRQHandler
                0x00000000000001fe                PIT_IRQHandler
                0x0000000000000206                I2S0_IRQHandler
                0x000000000000020e                USB0_IRQHandler
                0x0000000000000216                DAC0_IRQHandler
                0x000000000000021e                TSI0_IRQHandler
                0x0000000000000226                MCG_IRQHandler
                0x000000000000022e                LPTMR0_IRQHandler
                0x0000000000000236                LCD_IRQHandler
                0x000000000000023e                PORTA_IRQHandler
                0x0000000000000400                . = 0x400
 *fill*         0x000000000000024e      0x1b2 ff
                0x0000000000000400                PROVIDE (__FLASH_CONFIG_START__ = .)
 *(SORT_BY_ALIGNMENT(.FlashConfig))
 .FlashConfig   0x0000000000000400       0x10 ./startup/startup_mkl46z4.o
                0x0000000000000400                Flash_Config
                0x0000000000000410                PROVIDE (__FLASH_CONFIG_END__ = .)
                0x0000000000000001                ASSERT (! ((__FLASH_CONFIG_START__ == __FLASH_CONFIG_END__)), Linker Flash Config Support Enabled, but no .FlashConfig section provided within application)
 *(SORT_BY_ALIGNMENT(.text*))
 .text.DbgConsole_Init
                0x0000000000000410       0x40 ./utilities/fsl_debug_console.o
                0x0000000000000410                DbgConsole_Init
 .text.IO_Init  0x0000000000000450       0xc8 ./utilities/fsl_io.o
                0x0000000000000450                IO_Init
 .text.CLOCK_EnableClock
                0x0000000000000518       0x34 ./source/SD2_I2C.o
 .text.PORT_SetPinConfig
                0x000000000000054c       0x38 ./source/SD2_I2C.o
 .text.I2C_releaseBus
                0x0000000000000584      0x124 ./source/SD2_I2C.o
 .text.I2C_configPins
                0x00000000000006a8       0x80 ./source/SD2_I2C.o
 .text.SD2_I2C_init
                0x0000000000000728       0x44 ./source/SD2_I2C.o
                0x0000000000000728                SD2_I2C_init
 .text.CLOCK_EnableClock
                0x000000000000076c       0x34 ./source/SD2_board.o
 .text.CLOCK_SetSimSafeDivs
                0x00000000000007a0       0x20 ./source/SD2_board.o
 .text.CLOCK_SetLowPowerEnable
                0x00000000000007c0       0x44 ./source/SD2_board.o
 .text.PORT_SetPinConfig
                0x0000000000000804       0x38 ./source/SD2_board.o
 .text.board_init
                0x000000000000083c      0x214 ./source/SD2_board.o
                0x000000000000083c                board_init
 .text.board_setLed
                0x0000000000000a50       0xd8 ./source/SD2_board.o
                0x0000000000000a50                board_setLed
 .text.board_setOledPin
                0x0000000000000b28       0x50 ./source/SD2_board.o
                0x0000000000000b28                board_setOledPin
 .text.board_getSw
                0x0000000000000b78       0x50 ./source/SD2_board.o
                0x0000000000000b78                board_getSw
 .text.board_configSPI0
                0x0000000000000bc8       0x90 ./source/SD2_board.o
                0x0000000000000bc8                board_configSPI0
 .text.board_SPISend
                0x0000000000000c58       0x38 ./source/SD2_board.o
                0x0000000000000c58                board_SPISend
 .text.APP_SetClockVlpr
                0x0000000000000c90       0x4c ./source/SD2_board.o
                0x0000000000000c90                APP_SetClockVlpr
 .text.APP_SetClockRunFromVlpr
                0x0000000000000cdc       0x68 ./source/SD2_board.o
                0x0000000000000cdc                APP_SetClockRunFromVlpr
 .text.displayMaxG
                0x0000000000000d44       0x90 ./source/display.o
                0x0000000000000d44                displayMaxG
 .text.display_header
                0x0000000000000dd4       0x28 ./source/display.o
                0x0000000000000dd4                display_header
 .text.key_init
                0x0000000000000dfc       0x40 ./source/key.o
                0x0000000000000dfc                key_init
 .text.key_getPressEv
                0x0000000000000e3c       0x44 ./source/key.o
                0x0000000000000e3c                key_getPressEv
 .text.key_periodicTask1ms
                0x0000000000000e80       0x98 ./source/key.o
                0x0000000000000e80                key_periodicTask1ms
 .text.__NVIC_SetPriority
                0x0000000000000f18       0xdc ./source/main.o
 .text.SysTick_Config
                0x0000000000000ff4       0x48 ./source/main.o
 .text.main     0x000000000000103c       0x4c ./source/main.o
                0x000000000000103c                main
 .text.SysTick_Handler
                0x0000000000001088       0x28 ./source/main.o
                0x0000000000001088                SysTick_Handler
 .text.mef      0x00000000000010b0      0x1a8 ./source/mef.o
                0x00000000000010b0                mef
 .text.mef_tick1ms
                0x0000000000001258       0x38 ./source/mef.o
                0x0000000000001258                mef_tick1ms
 .text.__NVIC_EnableIRQ
                0x0000000000001290       0x34 ./source/mma8451.o
 .text.__NVIC_DisableIRQ
                0x00000000000012c4       0x44 ./source/mma8451.o
 .text.__NVIC_SetPriority
                0x0000000000001308       0xdc ./source/mma8451.o
 .text.PORT_SetPinConfig
                0x00000000000013e4       0x38 ./source/mma8451.o
 .text.PORT_SetPinInterruptConfig
                0x000000000000141c       0x40 ./source/mma8451.o
 .text.mma8451_read_reg
                0x000000000000145c       0x68 ./source/mma8451.o
 .text.mma8451_read_multireg
                0x00000000000014c4       0x68 ./source/mma8451.o
 .text.mma8451_write_reg
                0x000000000000152c       0x68 ./source/mma8451.o
 .text.config_port_int1
                0x0000000000001594       0x74 ./source/mma8451.o
 .text.mma8451_getAcX
                0x0000000000001608       0x2c ./source/mma8451.o
                0x0000000000001608                mma8451_getAcX
 .text.mma8451_getAcY
                0x0000000000001634       0x2c ./source/mma8451.o
                0x0000000000001634                mma8451_getAcY
 .text.mma8451_getAcZ
                0x0000000000001660       0x2c ./source/mma8451.o
                0x0000000000001660                mma8451_getAcZ
 .text.PORTC_PORTD_IRQHandler
                0x000000000000168c      0x11c ./source/mma8451.o
                0x000000000000168c                PORTC_PORTD_IRQHandler
 .text.mma8451_getFFEv
                0x00000000000017a8       0x30 ./source/mma8451.o
                0x00000000000017a8                mma8451_getFFEv
 .text.oled_init
                0x00000000000017d8       0x50 ./source/oled.o
                0x00000000000017d8                oled_init
 .text.oled_putPixel
                0x0000000000001828      0x1bc ./source/oled.o
                0x0000000000001828                oled_putPixel
 .text.oled_clearScreen
                0x00000000000019e4       0x84 ./source/oled.o
                0x00000000000019e4                oled_clearScreen
 .text.oled_putChar
                0x0000000000001a68      0x148 ./source/oled.o
                0x0000000000001a68                oled_putChar
 .text.HardFault_Handler
                0x0000000000001bb0       0x30 ./source/semihost_hardfault.o
                0x0000000000001bb0                HardFault_Handler
 .text.CLOCK_SetEr32kClock
                0x0000000000001be0       0x34 ./drivers/fsl_clock.o
 .text.CLOCK_SetPllFllSelClock
                0x0000000000001c14       0x38 ./drivers/fsl_clock.o
 .text.CLOCK_GetMcgExtClkFreq
                0x0000000000001c4c       0x28 ./drivers/fsl_clock.o
 .text.CLOCK_GetFllExtRefClkFreq
                0x0000000000001c74       0xa8 ./drivers/fsl_clock.o
 .text.CLOCK_GetInternalRefClkSelectFreq
                0x0000000000001d1c       0x40 ./drivers/fsl_clock.o
 .text.CLOCK_GetFllRefClkFreq
                0x0000000000001d5c       0x2c ./drivers/fsl_clock.o
 .text.CLOCK_GetOscRangeFromFreq
                0x0000000000001d88       0x4c ./drivers/fsl_clock.o
 .text.CLOCK_GetOsc0ErClkFreq
                0x0000000000001dd4       0x3c ./drivers/fsl_clock.o
                0x0000000000001dd4                CLOCK_GetOsc0ErClkFreq
 .text.CLOCK_GetEr32kClkFreq
                0x0000000000001e10       0x78 ./drivers/fsl_clock.o
                0x0000000000001e10                CLOCK_GetEr32kClkFreq
 .text.CLOCK_GetPllFllSelClkFreq
                0x0000000000001e88       0x4c ./drivers/fsl_clock.o
                0x0000000000001e88                CLOCK_GetPllFllSelClkFreq
 .text.CLOCK_GetFreq
                0x0000000000001ed4       0xe0 ./drivers/fsl_clock.o
                0x0000000000001ed4                CLOCK_GetFreq
 .text.CLOCK_SetSimConfig
                0x0000000000001fb4       0x38 ./drivers/fsl_clock.o
                0x0000000000001fb4                CLOCK_SetSimConfig
 .text.CLOCK_GetOutClkFreq
                0x0000000000001fec       0x78 ./drivers/fsl_clock.o
                0x0000000000001fec                CLOCK_GetOutClkFreq
 .text.CLOCK_GetFllFreq
                0x0000000000002064       0x84 ./drivers/fsl_clock.o
                0x0000000000002064                CLOCK_GetFllFreq
 .text.CLOCK_GetInternalRefClkFreq
                0x00000000000020e8       0x28 ./drivers/fsl_clock.o
                0x00000000000020e8                CLOCK_GetInternalRefClkFreq
 .text.CLOCK_GetPll0Freq
                0x0000000000002110       0x70 ./drivers/fsl_clock.o
                0x0000000000002110                CLOCK_GetPll0Freq
 .text.CLOCK_SetInternalRefClkConfig
                0x0000000000002180      0x124 ./drivers/fsl_clock.o
                0x0000000000002180                CLOCK_SetInternalRefClkConfig
 .text.CLOCK_EnablePll0
                0x00000000000022a4       0x94 ./drivers/fsl_clock.o
                0x00000000000022a4                CLOCK_EnablePll0
 .text.CLOCK_InitOsc0
                0x0000000000002338       0x94 ./drivers/fsl_clock.o
                0x0000000000002338                CLOCK_InitOsc0
 .text.CLOCK_SetFbiMode
                0x00000000000023cc       0xf0 ./drivers/fsl_clock.o
                0x00000000000023cc                CLOCK_SetFbiMode
 .text.CLOCK_SetFbeMode
                0x00000000000024bc      0x14c ./drivers/fsl_clock.o
                0x00000000000024bc                CLOCK_SetFbeMode
 .text.CLOCK_SetPbeMode
                0x0000000000002608       0xb0 ./drivers/fsl_clock.o
                0x0000000000002608                CLOCK_SetPbeMode
 .text.CLOCK_SetPeeMode
                0x00000000000026b8       0x34 ./drivers/fsl_clock.o
                0x00000000000026b8                CLOCK_SetPeeMode
 .text.CLOCK_BootToPeeMode
                0x00000000000026ec       0x70 ./drivers/fsl_clock.o
                0x00000000000026ec                CLOCK_BootToPeeMode
 .text.GPIO_PinInit
                0x000000000000275c       0x64 ./drivers/fsl_gpio.o
                0x000000000000275c                GPIO_PinInit
 .text.CLOCK_EnableClock
                0x00000000000027c0       0x34 ./drivers/fsl_i2c.o
 .text.I2C_GetInstance
                0x00000000000027f4       0x4c ./drivers/fsl_i2c.o
                0x00000000000027f4                I2C_GetInstance
 .text.I2C_CheckAndClearError
                0x0000000000002840       0x40 ./drivers/fsl_i2c.o
 .text.I2C_TransferCommonIRQHandler
                0x0000000000002880       0x58 ./drivers/fsl_i2c.o
 .text.I2C_MasterInit
                0x00000000000028d8       0xfc ./drivers/fsl_i2c.o
                0x00000000000028d8                I2C_MasterInit
 .text.I2C_MasterGetDefaultConfig
                0x00000000000029d4       0x40 ./drivers/fsl_i2c.o
                0x00000000000029d4                I2C_MasterGetDefaultConfig
 .text.I2C_MasterSetBaudRate
                0x0000000000002a14       0xf0 ./drivers/fsl_i2c.o
                0x0000000000002a14                I2C_MasterSetBaudRate
 .text.I2C_MasterStart
                0x0000000000002b04       0x74 ./drivers/fsl_i2c.o
                0x0000000000002b04                I2C_MasterStart
 .text.I2C_MasterRepeatedStart
                0x0000000000002b78       0xbc ./drivers/fsl_i2c.o
                0x0000000000002b78                I2C_MasterRepeatedStart
 .text.I2C_MasterWriteBlocking
                0x0000000000002c34       0xec ./drivers/fsl_i2c.o
                0x0000000000002c34                I2C_MasterWriteBlocking
 .text.I2C_MasterTransferBlocking
                0x0000000000002d20      0x24c ./drivers/fsl_i2c.o
                0x0000000000002d20                I2C_MasterTransferBlocking
 .text.I2C0_DriverIRQHandler
                0x0000000000002f6c       0x20 ./drivers/fsl_i2c.o
                0x0000000000002f6c                I2C0_DriverIRQHandler
 .text.I2C1_DriverIRQHandler
                0x0000000000002f8c       0x20 ./drivers/fsl_i2c.o
                0x0000000000002f8c                I2C1_DriverIRQHandler
 .text.CLOCK_EnableClock
                0x0000000000002fac       0x34 ./drivers/fsl_lpsci.o
 .text.LPSCI_GetInstance
                0x0000000000002fe0       0x48 ./drivers/fsl_lpsci.o
                0x0000000000002fe0                LPSCI_GetInstance
 .text.LPSCI_Init
                0x0000000000003028      0x270 ./drivers/fsl_lpsci.o
                0x0000000000003028                LPSCI_Init
 .text.LPSCI_GetDefaultConfig
                0x0000000000003298       0x48 ./drivers/fsl_lpsci.o
                0x0000000000003298                LPSCI_GetDefaultConfig
 .text.UART0_DriverIRQHandler
                0x00000000000032e0       0x24 ./drivers/fsl_lpsci.o
                0x00000000000032e0                UART0_DriverIRQHandler
 .text.CLOCK_EnableClock
                0x0000000000003304       0x34 ./drivers/fsl_spi.o
 .text.SPI_GetInstance
                0x0000000000003338       0x4c ./drivers/fsl_spi.o
                0x0000000000003338                SPI_GetInstance
 .text.SPI_SetDummyData
                0x0000000000003384       0x34 ./drivers/fsl_spi.o
                0x0000000000003384                SPI_SetDummyData
 .text.SPI_WriteNonBlocking
                0x00000000000033b8       0xc4 ./drivers/fsl_spi.o
 .text.SPI_MasterGetDefaultConfig
                0x000000000000347c       0x58 ./drivers/fsl_spi.o
                0x000000000000347c                SPI_MasterGetDefaultConfig
 .text.SPI_MasterInit
                0x00000000000034d4      0x164 ./drivers/fsl_spi.o
                0x00000000000034d4                SPI_MasterInit
 .text.SPI_MasterTransferBlocking
                0x0000000000003638      0x100 ./drivers/fsl_spi.o
                0x0000000000003638                SPI_MasterTransferBlocking
 .text.SPI_CommonIRQHandler
                0x0000000000003738       0x54 ./drivers/fsl_spi.o
 .text.SPI0_DriverIRQHandler
                0x000000000000378c       0x30 ./drivers/fsl_spi.o
                0x000000000000378c                SPI0_DriverIRQHandler
 .text.SPI1_DriverIRQHandler
                0x00000000000037bc       0x30 ./drivers/fsl_spi.o
                0x00000000000037bc                SPI1_DriverIRQHandler
 .text.CLOCK_EnableClock
                0x00000000000037ec       0x34 ./drivers/fsl_uart.o
 .text.UART_GetInstance
                0x0000000000003820       0x54 ./drivers/fsl_uart.o
                0x0000000000003820                UART_GetInstance
 .text.UART_Init
                0x0000000000003874      0x1f8 ./drivers/fsl_uart.o
                0x0000000000003874                UART_Init
 .text.UART_GetDefaultConfig
                0x0000000000003a6c       0x48 ./drivers/fsl_uart.o
                0x0000000000003a6c                UART_GetDefaultConfig
 .text.UART1_DriverIRQHandler
                0x0000000000003ab4       0x24 ./drivers/fsl_uart.o
                0x0000000000003ab4                UART1_DriverIRQHandler
 .text.UART2_DriverIRQHandler
                0x0000000000003ad8       0x24 ./drivers/fsl_uart.o
                0x0000000000003ad8                UART2_DriverIRQHandler
 .text.CLOCK_SetLpsci0Clock
                0x0000000000003afc       0x38 ./board/board.o
 .text.BOARD_InitDebugConsole
                0x0000000000003b34       0x30 ./board/board.o
                0x0000000000003b34                BOARD_InitDebugConsole
 .text.CLOCK_SetSimSafeDivs
                0x0000000000003b64       0x20 ./board/clock_config.o
 .text.CLOCK_SetXtal0Freq
                0x0000000000003b84       0x1c ./board/clock_config.o
 .text.CLOCK_CONFIG_SetFllExtRefDiv
                0x0000000000003ba0       0x3c ./board/clock_config.o
 .text.BOARD_BootClockRUN
                0x0000000000003bdc       0x64 ./board/clock_config.o
                0x0000000000003bdc                BOARD_BootClockRUN
 .text.SystemInit
                0x0000000000003c40       0x1c ./CMSIS/system_MKL46Z4.o
                0x0000000000003c40                SystemInit
 .text.__assertion_failed
                0x0000000000003c5c       0x4c /Applications/MCUXpressoIDE_11.7.0_9198/ide/plugins/com.nxp.mcuxpresso.tools.macosx_11.7.0.202209140929/tools/bin/../lib/gcc/arm-none-eabi/10.3.1/../../../../arm-none-eabi/lib/thumb/v6-m/nofp/libcr_semihost_nf.a(_cr_assert.o)
                0x0000000000003c5c                __assertion_failed
 .text.__sys_appexit
                0x0000000000003ca8        0xc /Applications/MCUXpressoIDE_11.7.0_9198/ide/plugins/com.nxp.mcuxpresso.tools.macosx_11.7.0.202209140929/tools/bin/../lib/gcc/arm-none-eabi/10.3.1/../../../../arm-none-eabi/lib/thumb/v6-m/nofp/libcr_semihost_nf.a(__sys_appexit.o)
                0x0000000000003ca8                __exit
                0x0000000000003ca8                __sys_appexit
 .text._deferredlazyseek
                0x0000000000003cb4       0x40 /Applications/MCUXpressoIDE_11.7.0_9198/ide/plugins/com.nxp.mcuxpresso.tools.macosx_11.7.0.202209140929/tools/bin/../lib/gcc/arm-none-eabi/10.3.1/../../../../arm-none-eabi/lib/thumb/v6-m/nofp/libcr_c.a(_deferredlazyseek.o)
                0x0000000000003cb4                _deferredlazyseek
 .text.__flsbuf
                0x0000000000003cf4      0x150 /Applications/MCUXpressoIDE_11.7.0_9198/ide/plugins/com.nxp.mcuxpresso.tools.macosx_11.7.0.202209140929/tools/bin/../lib/gcc/arm-none-eabi/10.3.1/../../../../arm-none-eabi/lib/thumb/v6-m/nofp/libcr_c.a(_deferredlazyseek.o)
                0x0000000000003cf4                __flsbuf
 .text._fflush  0x0000000000003e44       0x60 /Applications/MCUXpressoIDE_11.7.0_9198/ide/plugins/com.nxp.mcuxpresso.tools.macosx_11.7.0.202209140929/tools/bin/../lib/gcc/arm-none-eabi/10.3.1/../../../../arm-none-eabi/lib/thumb/v6-m/nofp/libcr_c.a(_fflush.o)
                0x0000000000003e44                _fflush
 .text._Cwritebuf
                0x0000000000003ea4       0x68 /Applications/MCUXpressoIDE_11.7.0_9198/ide/plugins/com.nxp.mcuxpresso.tools.macosx_11.7.0.202209140929/tools/bin/../lib/gcc/arm-none-eabi/10.3.1/../../../../arm-none-eabi/lib/thumb/v6-m/nofp/libcr_c.a(_writebuf.o)
                0x0000000000003ea4                _Cwritebuf
 .text.malloc   0x0000000000003f0c       0xcc /Applications/MCUXpressoIDE_11.7.0_9198/ide/plugins/com.nxp.mcuxpresso.tools.macosx_11.7.0.202209140929/tools/bin/../lib/gcc/arm-none-eabi/10.3.1/../../../../arm-none-eabi/lib/thumb/v6-m/nofp/libcr_c.a(alloc.o)
                0x0000000000003f0c                malloc
 .text._Csys_alloc
                0x0000000000003fd8       0x20 /Applications/MCUXpressoIDE_11.7.0_9198/ide/plugins/com.nxp.mcuxpresso.tools.macosx_11.7.0.202209140929/tools/bin/../lib/gcc/arm-none-eabi/10.3.1/../../../../arm-none-eabi/lib/thumb/v6-m/nofp/libcr_c.a(alloc.o)
                0x0000000000003fd8                _Csys_alloc
 .text.sprintf  0x0000000000003ff8       0x6c /Applications/MCUXpressoIDE_11.7.0_9198/ide/plugins/com.nxp.mcuxpresso.tools.macosx_11.7.0.202209140929/tools/bin/../lib/gcc/arm-none-eabi/10.3.1/../../../../arm-none-eabi/lib/thumb/v6-m/nofp/libcr_c.a(fpprintf.o)
                0x0000000000003ff8                sprintf
 .text.fp_display
                0x0000000000004064      0x97c /Applications/MCUXpressoIDE_11.7.0_9198/ide/plugins/com.nxp.mcuxpresso.tools.macosx_11.7.0.202209140929/tools/bin/../lib/gcc/arm-none-eabi/10.3.1/../../../../arm-none-eabi/lib/thumb/v6-m/nofp/libcr_c.a(fpprintf.o)
 .text.fseek    0x00000000000049e0       0xf0 /Applications/MCUXpressoIDE_11.7.0_9198/ide/plugins/com.nxp.mcuxpresso.tools.macosx_11.7.0.202209140929/tools/bin/../lib/gcc/arm-none-eabi/10.3.1/../../../../arm-none-eabi/lib/thumb/v6-m/nofp/libcr_c.a(fseek.o)
                0x00000000000049e0                fseek
 .text.ftell    0x0000000000004ad0       0x48 /Applications/MCUXpressoIDE_11.7.0_9198/ide/plugins/com.nxp.mcuxpresso.tools.macosx_11.7.0.202209140929/tools/bin/../lib/gcc/arm-none-eabi/10.3.1/../../../../arm-none-eabi/lib/thumb/v6-m/nofp/libcr_c.a(ftell.o)
                0x0000000000004ad0                ftell
 .text._initio  0x0000000000004b18       0x7c /Applications/MCUXpressoIDE_11.7.0_9198/ide/plugins/com.nxp.mcuxpresso.tools.macosx_11.7.0.202209140929/tools/bin/../lib/gcc/arm-none-eabi/10.3.1/../../../../arm-none-eabi/lib/thumb/v6-m/nofp/libcr_c.a(initio.o)
                0x0000000000004b18                _initio
 .text.__vfprintf
                0x0000000000004b94      0xd40 /Applications/MCUXpressoIDE_11.7.0_9198/ide/plugins/com.nxp.mcuxpresso.tools.macosx_11.7.0.202209140929/tools/bin/../lib/gcc/arm-none-eabi/10.3.1/../../../../arm-none-eabi/lib/thumb/v6-m/nofp/libcr_c.a(printf.o)
                0x0000000000004b94                __vfprintf
 .text.setvbuf  0x00000000000058d4       0x4c /Applications/MCUXpressoIDE_11.7.0_9198/ide/plugins/com.nxp.mcuxpresso.tools.macosx_11.7.0.202209140929/tools/bin/../lib/gcc/arm-none-eabi/10.3.1/../../../../arm-none-eabi/lib/thumb/v6-m/nofp/libcr_c.a(setvbuf.o)
                0x00000000000058d4                setvbuf
 .text.sqrt     0x0000000000005920      0x134 /Applications/MCUXpressoIDE_11.7.0_9198/ide/plugins/com.nxp.mcuxpresso.tools.macosx_11.7.0.202209140929/tools/bin/../lib/gcc/arm-none-eabi/10.3.1/../../../../arm-none-eabi/lib/thumb/v6-m/nofp/libcr_c.a(sqrt.o)
                0x0000000000005920                sqrt
 .text.strlen   0x0000000000005a54       0x58 /Applications/MCUXpressoIDE_11.7.0_9198/ide/plugins/com.nxp.mcuxpresso.tools.macosx_11.7.0.202209140929/tools/bin/../lib/gcc/arm-none-eabi/10.3.1/../../../../arm-none-eabi/lib/thumb/v6-m/nofp/libcr_c.a(strlen.o)
                0x0000000000005a54                strlen
 .text._sbrk    0x0000000000005aac       0x44 /Applications/MCUXpressoIDE_11.7.0_9198/ide/plugins/com.nxp.mcuxpresso.tools.macosx_11.7.0.202209140929/tools/bin/../lib/gcc/arm-none-eabi/10.3.1/../../../../arm-none-eabi/lib/thumb/v6-m/nofp/libcr_c.a(_cr_sbrk.o)
                0x0000000000005aac                _sbrk
 .text._fdopen  0x0000000000005af0       0x74 /Applications/MCUXpressoIDE_11.7.0_9198/ide/plugins/com.nxp.mcuxpresso.tools.macosx_11.7.0.202209140929/tools/bin/../lib/gcc/arm-none-eabi/10.3.1/../../../../arm-none-eabi/lib/thumb/v6-m/nofp/libcr_c.a(_fdopen.o)
                0x0000000000005af0                _fdopen
 .text._frexpl  0x0000000000005b64       0x80 /Applications/MCUXpressoIDE_11.7.0_9198/ide/plugins/com.nxp.mcuxpresso.tools.macosx_11.7.0.202209140929/tools/bin/../lib/gcc/arm-none-eabi/10.3.1/../../../../arm-none-eabi/lib/thumb/v6-m/nofp/libcr_c.a(_frexpl.o)
                0x0000000000005b64                _frexpl
 .text._ldexpl  0x0000000000005be4       0x58 /Applications/MCUXpressoIDE_11.7.0_9198/ide/plugins/com.nxp.mcuxpresso.tools.macosx_11.7.0.202209140929/tools/bin/../lib/gcc/arm-none-eabi/10.3.1/../../../../arm-none-eabi/lib/thumb/v6-m/nofp/libcr_c.a(_ldexpl.o)
                0x0000000000005be4                _ldexpl
 .text.fclose   0x0000000000005c3c       0x5c /Applications/MCUXpressoIDE_11.7.0_9198/ide/plugins/com.nxp.mcuxpresso.tools.macosx_11.7.0.202209140929/tools/bin/../lib/gcc/arm-none-eabi/10.3.1/../../../../arm-none-eabi/lib/thumb/v6-m/nofp/libcr_c.a(fclose.o)
                0x0000000000005c3c                fclose
 .text.fflush   0x0000000000005c98       0x44 /Applications/MCUXpressoIDE_11.7.0_9198/ide/plugins/com.nxp.mcuxpresso.tools.macosx_11.7.0.202209140929/tools/bin/../lib/gcc/arm-none-eabi/10.3.1/../../../../arm-none-eabi/lib/thumb/v6-m/nofp/libcr_c.a(fflush.o)
                0x0000000000005c98                fflush
 .text.__check_heap_overflow
                0x0000000000005cdc       0x18 /Applications/MCUXpressoIDE_11.7.0_9198/ide/plugins/com.nxp.mcuxpresso.tools.macosx_11.7.0.202209140929/tools/bin/../lib/gcc/arm-none-eabi/10.3.1/../../../../arm-none-eabi/lib/thumb/v6-m/nofp/libcr_c.a(_cr_check_heap.o)
                0x0000000000005cdc                __check_heap_overflow
 .text._do_fflush
                0x0000000000005cf4       0x48 /Applications/MCUXpressoIDE_11.7.0_9198/ide/plugins/com.nxp.mcuxpresso.tools.macosx_11.7.0.202209140929/tools/bin/../lib/gcc/arm-none-eabi/10.3.1/../../../../arm-none-eabi/lib/thumb/v6-m/nofp/libcr_c.a(_do_fflush.o)
                0x0000000000005cf4                _do_fflush
 .text.__aeabi_dmul
                0x0000000000005d3c      0x184 /Applications/MCUXpressoIDE_11.7.0_9198/ide/plugins/com.nxp.mcuxpresso.tools.macosx_11.7.0.202209140929/tools/bin/../lib/gcc/arm-none-eabi/10.3.1/thumb/v6-m/nofp/libcr_eabihelpers.a(double.o)
                0x0000000000005d3c                __aeabi_dmul
 .text.__aeabi_ddiv
                0x0000000000005ec0      0x14c /Applications/MCUXpressoIDE_11.7.0_9198/ide/plugins/com.nxp.mcuxpresso.tools.macosx_11.7.0.202209140929/tools/bin/../lib/gcc/arm-none-eabi/10.3.1/thumb/v6-m/nofp/libcr_eabihelpers.a(double.o)
                0x0000000000005ec0                __aeabi_ddiv
 .text.__aeabi_dsub
                0x000000000000600c      0x1c0 /Applications/MCUXpressoIDE_11.7.0_9198/ide/plugins/com.nxp.mcuxpresso.tools.macosx_11.7.0.202209140929/tools/bin/../lib/gcc/arm-none-eabi/10.3.1/thumb/v6-m/nofp/libcr_eabihelpers.a(double.o)
                0x000000000000600c                __aeabi_dsub
 .text.__aeabi_dadd
                0x00000000000061cc      0x134 /Applications/MCUXpressoIDE_11.7.0_9198/ide/plugins/com.nxp.mcuxpresso.tools.macosx_11.7.0.202209140929/tools/bin/../lib/gcc/arm-none-eabi/10.3.1/thumb/v6-m/nofp/libcr_eabihelpers.a(double.o)
                0x00000000000061cc                __aeabi_dadd
 .text.__aeabi_d2f
                0x0000000000006300       0x60 /Applications/MCUXpressoIDE_11.7.0_9198/ide/plugins/com.nxp.mcuxpresso.tools.macosx_11.7.0.202209140929/tools/bin/../lib/gcc/arm-none-eabi/10.3.1/thumb/v6-m/nofp/libcr_eabihelpers.a(double.o)
                0x0000000000006300                __aeabi_d2f
 .text.__aeabi_d2iz
                0x0000000000006360       0x50 /Applications/MCUXpressoIDE_11.7.0_9198/ide/plugins/com.nxp.mcuxpresso.tools.macosx_11.7.0.202209140929/tools/bin/../lib/gcc/arm-none-eabi/10.3.1/thumb/v6-m/nofp/libcr_eabihelpers.a(double.o)
                0x0000000000006360                __aeabi_d2iz
 .text.__aeabi_dcmpeq
                0x00000000000063b0       0x30 /Applications/MCUXpressoIDE_11.7.0_9198/ide/plugins/com.nxp.mcuxpresso.tools.macosx_11.7.0.202209140929/tools/bin/../lib/gcc/arm-none-eabi/10.3.1/thumb/v6-m/nofp/libcr_eabihelpers.a(double.o)
                0x00000000000063b0                __aeabi_dcmpeq
 .text.__aeabi_dcmplt
                0x00000000000063e0       0x60 /Applications/MCUXpressoIDE_11.7.0_9198/ide/plugins/com.nxp.mcuxpresso.tools.macosx_11.7.0.202209140929/tools/bin/../lib/gcc/arm-none-eabi/10.3.1/thumb/v6-m/nofp/libcr_eabihelpers.a(double.o)
                0x00000000000063e0                __aeabi_dcmplt
 .text.__aeabi_dcmple
                0x0000000000006440       0x5c /Applications/MCUXpressoIDE_11.7.0_9198/ide/plugins/com.nxp.mcuxpresso.tools.macosx_11.7.0.202209140929/tools/bin/../lib/gcc/arm-none-eabi/10.3.1/thumb/v6-m/nofp/libcr_eabihelpers.a(double.o)
                0x0000000000006440                __aeabi_dcmple
 .text.__aeabi_dcmpge
                0x000000000000649c       0x5c /Applications/MCUXpressoIDE_11.7.0_9198/ide/plugins/com.nxp.mcuxpresso.tools.macosx_11.7.0.202209140929/tools/bin/../lib/gcc/arm-none-eabi/10.3.1/thumb/v6-m/nofp/libcr_eabihelpers.a(double.o)
                0x000000000000649c                __aeabi_dcmpge
 .text.__aeabi_fdiv
                0x00000000000064f8       0xe8 /Applications/MCUXpressoIDE_11.7.0_9198/ide/plugins/com.nxp.mcuxpresso.tools.macosx_11.7.0.202209140929/tools/bin/../lib/gcc/arm-none-eabi/10.3.1/thumb/v6-m/nofp/libcr_eabihelpers.a(float.o)
                0x00000000000064f8                __aeabi_fdiv
 .text.__aeabi_f2d
                0x00000000000065e0       0x40 /Applications/MCUXpressoIDE_11.7.0_9198/ide/plugins/com.nxp.mcuxpresso.tools.macosx_11.7.0.202209140929/tools/bin/../lib/gcc/arm-none-eabi/10.3.1/thumb/v6-m/nofp/libcr_eabihelpers.a(float.o)
                0x00000000000065e0                __aeabi_f2d
 .text.UART_EnableTx
                0x0000000000006620       0x40 ./utilities/fsl_io.o
 .text.UART_EnableRx
                0x0000000000006660       0x40 ./utilities/fsl_io.o
 .text.LPSCI_EnableTx
                0x00000000000066a0       0x40 ./utilities/fsl_io.o
 .text.LPSCI_EnableRx
                0x00000000000066e0       0x40 ./utilities/fsl_io.o
 .text.LOG_Init
                0x0000000000006720       0x3a ./utilities/fsl_log.o
                0x0000000000006720                LOG_Init
 .text.GPIO_PinWrite
                0x000000000000675a       0x34 ./source/SD2_I2C.o
 .text.i2c_release_bus_delay
                0x000000000000678e       0x28 ./source/SD2_I2C.o
 .text.GPIO_PinWrite
                0x00000000000067b6       0x34 ./source/SD2_board.o
 .text.GPIO_PortSet
                0x00000000000067ea       0x18 ./source/SD2_board.o
 .text.GPIO_PortClear
                0x0000000000006802       0x18 ./source/SD2_board.o
 .text.GPIO_PortToggle
                0x000000000000681a       0x18 ./source/SD2_board.o
 .text.GPIO_PinRead
                0x0000000000006832       0x20 ./source/SD2_board.o
 .text.GPIO_ReadPinInput
                0x0000000000006852       0x20 ./source/SD2_board.o
 .text.display_init
                0x0000000000006872       0x1a ./source/display.o
                0x0000000000006872                display_init
 .text.display_state
                0x000000000000688c       0x20 ./source/display.o
                0x000000000000688c                display_state
 .text.SMC_SetPowerModeProtection
                0x00000000000068ac       0x1e ./source/main.o
 .text.PORT_ClearPinsInterruptFlags
                0x00000000000068ca       0x1a ./source/mma8451.o
 .text.mma8451_disableInt
                0x00000000000068e4       0x10 ./source/mma8451.o
                0x00000000000068e4                mma8451_disableInt
 .text.mma8451_init
                0x00000000000068f4      0x1a0 ./source/mma8451.o
                0x00000000000068f4                mma8451_init
 .text.mma8451_setFF_int
                0x0000000000006a94      0x1d0 ./source/mma8451.o
                0x0000000000006a94                mma8451_setFF_int
 .text.mma8451_setDR_int
                0x0000000000006c64      0x146 ./source/mma8451.o
                0x0000000000006c64                mma8451_setDR_int
 .text.writeCommand
                0x0000000000006daa       0x26 ./source/oled.o
 .text.writeData
                0x0000000000006dd0       0x26 ./source/oled.o
 .text.writeDataLen
                0x0000000000006df6       0x5e ./source/oled.o
 .text.runInitSequence
                0x0000000000006e54       0xa6 ./source/oled.o
 .text.oled_setContrast
                0x0000000000006efa       0x24 ./source/oled.o
                0x0000000000006efa                oled_setContrast
 .text.oled_putString
                0x0000000000006f1e       0x68 ./source/oled.o
                0x0000000000006f1e                oled_putString
 .text.OSC_SetExtRefClkConfig
                0x0000000000006f86       0x3e ./drivers/fsl_clock.o
 .text.OSC_SetCapLoad
                0x0000000000006fc4       0x42 ./drivers/fsl_clock.o
 .text.CLOCK_GetPll0RefFreq
                0x0000000000007006       0x10 ./drivers/fsl_clock.o
 .text.CLOCK_GetFixedFreqClkFreq
                0x0000000000007016       0x30 ./drivers/fsl_clock.o
                0x0000000000007016                CLOCK_GetFixedFreqClkFreq
 .text.CLOCK_SetExternalRefClkConfig
                0x0000000000007046       0x16 ./drivers/fsl_clock.o
                0x0000000000007046                CLOCK_SetExternalRefClkConfig
 .text.GPIO_PinWrite
                0x000000000000705c       0x34 ./drivers/fsl_gpio.o
 .text.GPIO_WritePinOutput
                0x0000000000007090       0x24 ./drivers/fsl_gpio.o
 .text.I2C_MasterClearStatusFlags
                0x00000000000070b4       0x56 ./drivers/fsl_i2c.o
 .text.I2C_MasterStop
                0x000000000000710a       0x36 ./drivers/fsl_i2c.o
                0x000000000000710a                I2C_MasterStop
 .text.I2C_MasterGetStatusFlags
                0x0000000000007140       0x4a ./drivers/fsl_i2c.o
                0x0000000000007140                I2C_MasterGetStatusFlags
 .text.I2C_MasterReadBlocking
                0x000000000000718a       0xea ./drivers/fsl_i2c.o
                0x000000000000718a                I2C_MasterReadBlocking
 .text.SMC_SetPowerModeRun
                0x0000000000007274       0x38 ./drivers/fsl_smc.o
                0x0000000000007274                SMC_SetPowerModeRun
 .text.SMC_SetPowerModeVlpr
                0x00000000000072ac       0x3c ./drivers/fsl_smc.o
                0x00000000000072ac                SMC_SetPowerModeVlpr
 .text.SPI_ReadNonBlocking
                0x00000000000072e8       0x98 ./drivers/fsl_spi.o
 .text.SPI_MasterSetBaudRate
                0x0000000000007380       0xb8 ./drivers/fsl_spi.o
                0x0000000000007380                SPI_MasterSetBaudRate
 .text.SPI_WriteData
                0x0000000000007438       0x2e ./drivers/fsl_spi.o
                0x0000000000007438                SPI_WriteData
 .text.SPI_ReadData
                0x0000000000007466       0x3c ./drivers/fsl_spi.o
                0x0000000000007466                SPI_ReadData
 .text.BOARD_InitBootClocks
                0x00000000000074a2        0xe ./board/clock_config.o
                0x00000000000074a2                BOARD_InitBootClocks
 .text.SystemInitHook
                0x00000000000074b0        0xa ./CMSIS/system_MKL46Z4.o
                0x00000000000074b0                SystemInitHook
 .text.__main   0x00000000000074ba        0xc /Applications/MCUXpressoIDE_11.7.0_9198/ide/plugins/com.nxp.mcuxpresso.tools.macosx_11.7.0.202209140929/tools/bin/../lib/gcc/arm-none-eabi/10.3.1/../../../../arm-none-eabi/lib/thumb/v6-m/nofp/libcr_semihost_nf.a(_cr__main.o)
                0x00000000000074ba                __main
                0x00000000000074ba                __CR_SEMIHOST
 .text.memset   0x00000000000074c6        0x8 /Applications/MCUXpressoIDE_11.7.0_9198/ide/plugins/com.nxp.mcuxpresso.tools.macosx_11.7.0.202209140929/tools/bin/../lib/gcc/arm-none-eabi/10.3.1/../../../../arm-none-eabi/lib/thumb/v6-m/nofp/libcr_c.a(memset.o)
                0x00000000000074c6                memset
 .text.free     0x00000000000074ce       0x2c /Applications/MCUXpressoIDE_11.7.0_9198/ide/plugins/com.nxp.mcuxpresso.tools.macosx_11.7.0.202209140929/tools/bin/../lib/gcc/arm-none-eabi/10.3.1/../../../../arm-none-eabi/lib/thumb/v6-m/nofp/libcr_c.a(alloc.o)
                0x00000000000074ce                free
 .text.fp_round
                0x00000000000074fa       0x4a /Applications/MCUXpressoIDE_11.7.0_9198/ide/plugins/com.nxp.mcuxpresso.tools.macosx_11.7.0.202209140929/tools/bin/../lib/gcc/arm-none-eabi/10.3.1/../../../../arm-none-eabi/lib/thumb/v6-m/nofp/libcr_c.a(fpprintf.o)
 .text.pr_dec.constprop.0
                0x0000000000007544       0x30 /Applications/MCUXpressoIDE_11.7.0_9198/ide/plugins/com.nxp.mcuxpresso.tools.macosx_11.7.0.202209140929/tools/bin/../lib/gcc/arm-none-eabi/10.3.1/../../../../arm-none-eabi/lib/thumb/v6-m/nofp/libcr_c.a(fpprintf.o)
 .text.fputs    0x0000000000007574       0x2e /Applications/MCUXpressoIDE_11.7.0_9198/ide/plugins/com.nxp.mcuxpresso.tools.macosx_11.7.0.202209140929/tools/bin/../lib/gcc/arm-none-eabi/10.3.1/../../../../arm-none-eabi/lib/thumb/v6-m/nofp/libcr_c.a(fputs.o)
                0x0000000000007574                fputs
 .text.abs      0x00000000000075a2        0x8 /Applications/MCUXpressoIDE_11.7.0_9198/ide/plugins/com.nxp.mcuxpresso.tools.macosx_11.7.0.202209140929/tools/bin/../lib/gcc/arm-none-eabi/10.3.1/../../../../arm-none-eabi/lib/thumb/v6-m/nofp/libcr_c.a(stdlib.o)
                0x00000000000075a2                abs
 .text.remove   0x00000000000075aa       0x12 /Applications/MCUXpressoIDE_11.7.0_9198/ide/plugins/com.nxp.mcuxpresso.tools.macosx_11.7.0.202209140929/tools/bin/../lib/gcc/arm-none-eabi/10.3.1/../../../../arm-none-eabi/lib/thumb/v6-m/nofp/libcr_c.a(remove.o)
                0x00000000000075aa                remove
 .text.__aeabi_division_idivmod
                0x00000000000075bc       0x78 /Applications/MCUXpressoIDE_11.7.0_9198/ide/plugins/com.nxp.mcuxpresso.tools.macosx_11.7.0.202209140929/tools/bin/../lib/gcc/arm-none-eabi/10.3.1/thumb/v6-m/nofp/libcr_eabihelpers.a(division_32.o)
                0x00000000000075bc                __aeabi_idiv
                0x00000000000075bc                __aeabi_idivmod
                0x00000000000075c2                __aeabi_uidiv
                0x00000000000075c2                __aeabi_uidivmod
 .text.__aeabi_division_idiv0
                0x0000000000007634        0x2 /Applications/MCUXpressoIDE_11.7.0_9198/ide/plugins/com.nxp.mcuxpresso.tools.macosx_11.7.0.202209140929/tools/bin/../lib/gcc/arm-none-eabi/10.3.1/thumb/v6-m/nofp/libcr_eabihelpers.a(division_idiv0.o)
                0x0000000000007634                __aeabi_idiv0
 .text.__bhs_ui2d
                0x0000000000007636       0x5e /Applications/MCUXpressoIDE_11.7.0_9198/ide/plugins/com.nxp.mcuxpresso.tools.macosx_11.7.0.202209140929/tools/bin/../lib/gcc/arm-none-eabi/10.3.1/thumb/v6-m/nofp/libcr_eabihelpers.a(double.o)
                0x0000000000007636                __bhs_ui2d
 .text.__aeabi_i2d
                0x0000000000007694       0x18 /Applications/MCUXpressoIDE_11.7.0_9198/ide/plugins/com.nxp.mcuxpresso.tools.macosx_11.7.0.202209140929/tools/bin/../lib/gcc/arm-none-eabi/10.3.1/thumb/v6-m/nofp/libcr_eabihelpers.a(double.o)
                0x0000000000007694                __aeabi_i2d
 .text.__bhs_ui2f
                0x00000000000076ac       0x60 /Applications/MCUXpressoIDE_11.7.0_9198/ide/plugins/com.nxp.mcuxpresso.tools.macosx_11.7.0.202209140929/tools/bin/../lib/gcc/arm-none-eabi/10.3.1/thumb/v6-m/nofp/libcr_eabihelpers.a(float.o)
                0x00000000000076ac                __bhs_ui2f
 .text.__aeabi_ui2f
                0x000000000000770c        0xc /Applications/MCUXpressoIDE_11.7.0_9198/ide/plugins/com.nxp.mcuxpresso.tools.macosx_11.7.0.202209140929/tools/bin/../lib/gcc/arm-none-eabi/10.3.1/thumb/v6-m/nofp/libcr_eabihelpers.a(float.o)
                0x000000000000770c                __aeabi_ui2f
 .text.__aeabi_llong_lmul
                0x0000000000007718       0x2e /Applications/MCUXpressoIDE_11.7.0_9198/ide/plugins/com.nxp.mcuxpresso.tools.macosx_11.7.0.202209140929/tools/bin/../lib/gcc/arm-none-eabi/10.3.1/thumb/v6-m/nofp/libcr_eabihelpers.a(llong.o)
                0x0000000000007718                __aeabi_lmul
 .text.__aeabi_memset_lowlevel
                0x0000000000007746       0x2a /Applications/MCUXpressoIDE_11.7.0_9198/ide/plugins/com.nxp.mcuxpresso.tools.macosx_11.7.0.202209140929/tools/bin/../lib/gcc/arm-none-eabi/10.3.1/thumb/v6-m/nofp/libcr_eabihelpers.a(memcpy.o)
                0x0000000000007746                __aeabi_lowlevel_memset
 .text.__gnu_thumb1_case_shi
                0x0000000000007770       0x10 /Applications/MCUXpressoIDE_11.7.0_9198/ide/plugins/com.nxp.mcuxpresso.tools.macosx_11.7.0.202209140929/tools/bin/../lib/gcc/arm-none-eabi/10.3.1/thumb/v6-m/nofp/libcr_eabihelpers.a(thumb1_switch_helpers.o)
                0x0000000000007770                __gnu_thumb1_case_shi
 .text.__sys_close
                0x0000000000007780        0xc /Applications/MCUXpressoIDE_11.7.0_9198/ide/plugins/com.nxp.mcuxpresso.tools.macosx_11.7.0.202209140929/tools/bin/../lib/gcc/arm-none-eabi/10.3.1/../../../../arm-none-eabi/lib/thumb/v6-m/nofp/libcr_semihost_nf.a(__sys_close.o)
                0x0000000000007780                __sys_close
 .text.__sys_flen
                0x000000000000778c        0xc /Applications/MCUXpressoIDE_11.7.0_9198/ide/plugins/com.nxp.mcuxpresso.tools.macosx_11.7.0.202209140929/tools/bin/../lib/gcc/arm-none-eabi/10.3.1/../../../../arm-none-eabi/lib/thumb/v6-m/nofp/libcr_semihost_nf.a(__sys_flen.o)
                0x000000000000778c                __sys_flen
 .text.__sys_istty
                0x0000000000007798        0xc /Applications/MCUXpressoIDE_11.7.0_9198/ide/plugins/com.nxp.mcuxpresso.tools.macosx_11.7.0.202209140929/tools/bin/../lib/gcc/arm-none-eabi/10.3.1/../../../../arm-none-eabi/lib/thumb/v6-m/nofp/libcr_semihost_nf.a(__sys_istty.o)
                0x0000000000007798                __sys_istty
 .text.__sys_remove
                0x00000000000077a4        0xc /Applications/MCUXpressoIDE_11.7.0_9198/ide/plugins/com.nxp.mcuxpresso.tools.macosx_11.7.0.202209140929/tools/bin/../lib/gcc/arm-none-eabi/10.3.1/../../../../arm-none-eabi/lib/thumb/v6-m/nofp/libcr_semihost_nf.a(__sys_remove.o)
                0x00000000000077a4                __sys_remove
 .text.__sys_seek
                0x00000000000077b0        0xc /Applications/MCUXpressoIDE_11.7.0_9198/ide/plugins/com.nxp.mcuxpresso.tools.macosx_11.7.0.202209140929/tools/bin/../lib/gcc/arm-none-eabi/10.3.1/../../../../arm-none-eabi/lib/thumb/v6-m/nofp/libcr_semihost_nf.a(__sys_seek.o)
                0x00000000000077b0                __sys_seek
 .text.__sys_tmpnam
                0x00000000000077bc        0xc /Applications/MCUXpressoIDE_11.7.0_9198/ide/plugins/com.nxp.mcuxpresso.tools.macosx_11.7.0.202209140929/tools/bin/../lib/gcc/arm-none-eabi/10.3.1/../../../../arm-none-eabi/lib/thumb/v6-m/nofp/libcr_semihost_nf.a(__sys_tmpnam.o)
                0x00000000000077bc                __sys_tmpnam
 .text.__sys_write
                0x00000000000077c8        0xc /Applications/MCUXpressoIDE_11.7.0_9198/ide/plugins/com.nxp.mcuxpresso.tools.macosx_11.7.0.202209140929/tools/bin/../lib/gcc/arm-none-eabi/10.3.1/../../../../arm-none-eabi/lib/thumb/v6-m/nofp/libcr_semihost_nf.a(__sys_write.o)
                0x00000000000077c8                __sys_write
 *(SORT_BY_ALIGNMENT(.rodata) SORT_BY_ALIGNMENT(.rodata.*) SORT_BY_ALIGNMENT(.constdata) SORT_BY_ALIGNMENT(.constdata.*))
 .rodata.DbgConsole_Init.str1.4
                0x00000000000077d4       0x43 ./utilities/fsl_debug_console.o
 *fill*         0x0000000000007817        0x1 ff
 .rodata.IO_Init.str1.4
                0x0000000000007818       0x1a ./utilities/fsl_io.o
 *fill*         0x0000000000007832        0x2 ff
 .rodata.PORT_SetPinConfig.str1.4
                0x0000000000007834       0x23 ./source/SD2_I2C.o
 .rodata.PORT_SetPinConfig.str1.4
                0x0000000000007857       0x23 ./source/SD2_board.o
 *fill*         0x0000000000007857        0x1 ff
 .rodata.board_gpioLeds
                0x0000000000007858       0x18 ./source/SD2_board.o
 .rodata.board_gpioSw
                0x0000000000007870       0x18 ./source/SD2_board.o
 .rodata.board_gpioOled
                0x0000000000007888       0x18 ./source/SD2_board.o
 .rodata        0x00000000000078a0       0x14 ./source/SD2_board.o
 .rodata.displayMaxG.str1.4
                0x00000000000078b4       0x1e ./source/display.o
 *fill*         0x00000000000078d2        0x2 ff
 .rodata.display_test.str1.4
                0x00000000000078d4       0x2a ./source/display.o
 *fill*         0x00000000000078fe        0x2 ff
 .rodata.font5x7
                0x0000000000007900      0x300 ./source/font5x7.o
                0x0000000000007900                font5x7
 .rodata.mef.str1.4
                0x0000000000007c00       0x25 ./source/mef.o
                                         0x31 (size before relaxing)
 .rodata.PORT_SetPinConfig.str1.4
                0x0000000000007c25       0x23 ./source/mma8451.o
 *fill*         0x0000000000007c25        0x3 ff
 .rodata.font_mask
                0x0000000000007c28        0x8 ./source/oled.o
 .rodata.CLOCK_GetMcgExtClkFreq.str1.4
                0x0000000000007c30       0x1e ./drivers/fsl_clock.o
 *fill*         0x0000000000007c4e        0x2 ff
 .rodata.CLOCK_GetOsc0ErClkFreq.str1.4
                0x0000000000007c50       0x1e ./drivers/fsl_clock.o
 *fill*         0x0000000000007c6e        0x2 ff
 .rodata.CLOCK_GetEr32kClkFreq.str1.4
                0x0000000000007c70       0x1f ./drivers/fsl_clock.o
 *fill*         0x0000000000007c8f        0x1 ff
 .rodata.CLOCK_GetFreq
                0x0000000000007c90       0x34 ./drivers/fsl_clock.o
 .rodata.CLOCK_GetPll0Freq.str1.4
                0x0000000000007cc4       0x1d ./drivers/fsl_clock.o
 *fill*         0x0000000000007ce1        0x3 ff
 .rodata.CLOCK_EnablePll0.str1.4
                0x0000000000007ce4       0x19 ./drivers/fsl_clock.o
 *fill*         0x0000000000007cfd        0x3 ff
 .rodata.CLOCK_SetPbeMode.str1.4
                0x0000000000007d00       0x1a ./drivers/fsl_clock.o
 *fill*         0x0000000000007d1a        0x2 ff
 .rodata.CLOCK_BootToPeeMode.str1.4
                0x0000000000007d1c       0x1a ./drivers/fsl_clock.o
 *fill*         0x0000000000007d36        0x2 ff
 .rodata.fllFactorTable.1
                0x0000000000007d38       0x10 ./drivers/fsl_clock.o
 .rodata.GPIO_PinInit.str1.4
                0x0000000000007d48       0x18 ./drivers/fsl_gpio.o
 .rodata.s_i2cBases
                0x0000000000007d60        0x8 ./drivers/fsl_i2c.o
                0x0000000000007d60                s_i2cBases
 .rodata.s_i2cDividerTable
                0x0000000000007d68       0x80 ./drivers/fsl_i2c.o
 .rodata.s_i2cClocks
                0x0000000000007de8        0x8 ./drivers/fsl_i2c.o
 .rodata.I2C_GetInstance.str1.4
                0x0000000000007df0       0x32 ./drivers/fsl_i2c.o
 *fill*         0x0000000000007e22        0x2 ff
 .rodata.I2C_MasterInit.str1.4
                0x0000000000007e24       0x2c ./drivers/fsl_i2c.o
 .rodata.I2C_MasterGetDefaultConfig.str1.4
                0x0000000000007e50       0x1d ./drivers/fsl_i2c.o
 *fill*         0x0000000000007e6d        0x3 ff
 .rodata.I2C_MasterTransferBlocking.str1.4
                0x0000000000007e70       0x16 ./drivers/fsl_i2c.o
 *fill*         0x0000000000007e86        0x2 ff
 .rodata.LPSCI_GetInstance.str1.4
                0x0000000000007e88       0x36 ./drivers/fsl_lpsci.o
 *fill*         0x0000000000007ebe        0x2 ff
 .rodata.LPSCI_Init.str1.4
                0x0000000000007ec0       0x43 ./drivers/fsl_lpsci.o
 *fill*         0x0000000000007f03        0x1 ff
 .rodata.LPSCI_GetDefaultConfig.str1.4
                0x0000000000007f04       0x19 ./drivers/fsl_lpsci.o
 *fill*         0x0000000000007f1d        0x3 ff
 .rodata.s_spiBases
                0x0000000000007f20        0x8 ./drivers/fsl_spi.o
 .rodata.s_spiClock
                0x0000000000007f28        0x8 ./drivers/fsl_spi.o
 .rodata.SPI_GetInstance.str1.4
                0x0000000000007f30       0x32 ./drivers/fsl_spi.o
 *fill*         0x0000000000007f62        0x2 ff
 .rodata.SPI_MasterInit.str1.4
                0x0000000000007f64       0x26 ./drivers/fsl_spi.o
 *fill*         0x0000000000007f8a        0x2 ff
 .rodata.SPI_MasterTransferBlocking.str1.4
                0x0000000000007f8c       0x15 ./drivers/fsl_spi.o
 *fill*         0x0000000000007fa1        0x3 ff
 .rodata.SPI0_DriverIRQHandler.str1.4
                0x0000000000007fa4       0x20 ./drivers/fsl_spi.o
 .rodata.SPI1_DriverIRQHandler.str1.4
                0x0000000000007fc4       0x20 ./drivers/fsl_spi.o
 .rodata.s_uartBases
                0x0000000000007fe4        0xc ./drivers/fsl_uart.o
 .rodata.s_uartClock
                0x0000000000007ff0        0xc ./drivers/fsl_uart.o
 .rodata.UART_GetInstance.str1.4
                0x0000000000007ffc       0x2b ./drivers/fsl_uart.o
 *fill*         0x0000000000008027        0x1 ff
 .rodata.UART_Init.str1.4
                0x0000000000008028       0x3e ./drivers/fsl_uart.o
 *fill*         0x0000000000008066        0x2 ff
 .rodata.UART_GetDefaultConfig.str1.4
                0x0000000000008068       0x18 ./drivers/fsl_uart.o
 .rodata.mcgConfig_BOARD_BootClockRUN
                0x0000000000008080        0xa ./board/clock_config.o
                0x0000000000008080                mcgConfig_BOARD_BootClockRUN
 *fill*         0x000000000000808a        0x2 ff
 .rodata.simConfig_BOARD_BootClockRUN
                0x000000000000808c        0x8 ./board/clock_config.o
                0x000000000000808c                simConfig_BOARD_BootClockRUN
 .rodata.oscConfig_BOARD_BootClockRUN
                0x0000000000008094        0x8 ./board/clock_config.o
                0x0000000000008094                oscConfig_BOARD_BootClockRUN
 .rodata.__num_Ciob_streams
                0x000000000000809c        0x4 /Applications/MCUXpressoIDE_11.7.0_9198/ide/plugins/com.nxp.mcuxpresso.tools.macosx_11.7.0.202209140929/tools/bin/../lib/gcc/arm-none-eabi/10.3.1/../../../../arm-none-eabi/lib/thumb/v6-m/nofp/libcr_semihost_nf.a(__ciob.o)
                0x000000000000809c                __num_Ciob_streams
 .rodata.__assertion_failed.str1.1
                0x00000000000080a0       0x15 /Applications/MCUXpressoIDE_11.7.0_9198/ide/plugins/com.nxp.mcuxpresso.tools.macosx_11.7.0.202209140929/tools/bin/../lib/gcc/arm-none-eabi/10.3.1/../../../../arm-none-eabi/lib/thumb/v6-m/nofp/libcr_semihost_nf.a(_cr_assert.o)
 .rodata._Csys_alloc.str1.1
                0x00000000000080b5       0x18 /Applications/MCUXpressoIDE_11.7.0_9198/ide/plugins/com.nxp.mcuxpresso.tools.macosx_11.7.0.202209140929/tools/bin/../lib/gcc/arm-none-eabi/10.3.1/../../../../arm-none-eabi/lib/thumb/v6-m/nofp/libcr_c.a(alloc.o)
 .rodata.fp_display.str1.1
                0x00000000000080cd       0x32 /Applications/MCUXpressoIDE_11.7.0_9198/ide/plugins/com.nxp.mcuxpresso.tools.macosx_11.7.0.202209140929/tools/bin/../lib/gcc/arm-none-eabi/10.3.1/../../../../arm-none-eabi/lib/thumb/v6-m/nofp/libcr_c.a(fpprintf.o)
                                         0x35 (size before relaxing)
 .rodata._initio.str1.1
                0x00000000000080ff        0x4 /Applications/MCUXpressoIDE_11.7.0_9198/ide/plugins/com.nxp.mcuxpresso.tools.macosx_11.7.0.202209140929/tools/bin/../lib/gcc/arm-none-eabi/10.3.1/../../../../arm-none-eabi/lib/thumb/v6-m/nofp/libcr_c.a(initio.o)
 .rodata.__vfprintf.str1.1
                0x0000000000008103       0x31 /Applications/MCUXpressoIDE_11.7.0_9198/ide/plugins/com.nxp.mcuxpresso.tools.macosx_11.7.0.202209140929/tools/bin/../lib/gcc/arm-none-eabi/10.3.1/../../../../arm-none-eabi/lib/thumb/v6-m/nofp/libcr_c.a(printf.o)
                                         0x38 (size before relaxing)
                0x0000000000008134                . = ALIGN (0x4)

.glue_7         0x0000000000008134        0x0
 .glue_7        0x0000000000008134        0x0 linker stubs

.glue_7t        0x0000000000008134        0x0
 .glue_7t       0x0000000000008134        0x0 linker stubs

.vfp11_veneer   0x0000000000008134        0x0
 .vfp11_veneer  0x0000000000008134        0x0 linker stubs

.v4_bx          0x0000000000008134        0x0
 .v4_bx         0x0000000000008134        0x0 linker stubs

.iplt           0x0000000000008134        0x0
 .iplt          0x0000000000008134        0x0 ./utilities/fsl_debug_console.o

.rel.dyn        0x0000000000008134        0x0
 .rel.iplt      0x0000000000008134        0x0 ./utilities/fsl_debug_console.o

.ARM.extab
 *(SORT_BY_ALIGNMENT(.ARM.extab*) SORT_BY_ALIGNMENT(.gnu.linkonce.armextab.*))

.ARM.exidx      0x0000000000008134        0x0
                0x0000000000008134                __exidx_start = .
 *(SORT_BY_ALIGNMENT(.ARM.exidx*) SORT_BY_ALIGNMENT(.gnu.linkonce.armexidx.*))
                0x0000000000008134                __exidx_end = .
                0x0000000000008134                _etext = .

.m_usb_data
 *(SORT_BY_ALIGNMENT(m_usb_bdt))

.mtb_buffer_default
                0x000000001fffe000       0x80
 *(SORT_BY_ALIGNMENT(.mtb*))
 .mtb.$RAM1     0x000000001fffe000       0x80 ./source/mtb.o
                0x000000001fffe000                __mtb_buffer__

.uninit_RESERVED
                0x000000001fffe080        0x0
                0x000000001fffe080                _start_uninit_RESERVED = .
 *(SORT_BY_ALIGNMENT(.bss.$RESERVED*))
                0x000000001fffe080                . = ALIGN (0x4)
                0x000000001fffe080                _end_uninit_RESERVED = .

.data           0x000000001fffe080        0xc load address 0x0000000000008134
 FILL mask 0xff
                0x000000001fffe080                _data = .
                [!provide]                        PROVIDE (__start_data_RAM = .)
                [!provide]                        PROVIDE (__start_data_SRAM = .)
 *(SORT_BY_ALIGNMENT(vtable))
 *(SORT_BY_ALIGNMENT(.ramfunc*))
 *(SORT_BY_ALIGNMENT(CodeQuickAccess))
 *(SORT_BY_ALIGNMENT(DataQuickAccess))
 *(SORT_BY_ALIGNMENT(RamFunction))
 *(SORT_BY_ALIGNMENT(.data*))
 .data.s_slowIrcFreq
                0x000000001fffe080        0x4 ./drivers/fsl_clock.o
 .data.s_fastIrcFreq
                0x000000001fffe084        0x4 ./drivers/fsl_clock.o
 .data.SystemCoreClock
                0x000000001fffe088        0x4 ./CMSIS/system_MKL46Z4.o
                0x000000001fffe088                SystemCoreClock
                0x000000001fffe08c                . = ALIGN (0x4)
                0x000000001fffe08c                _edata = .
                [!provide]                        PROVIDE (__end_data_RAM = .)
                [!provide]                        PROVIDE (__end_data_SRAM = .)

.igot.plt       0x000000001fffe08c        0x0 load address 0x0000000000008140
 .igot.plt      0x000000001fffe08c        0x0 ./utilities/fsl_debug_console.o

.bss            0x000000001fffe08c      0x52c
                0x000000001fffe08c                _bss = .
                [!provide]                        PROVIDE (__start_bss_RAM = .)
                [!provide]                        PROVIDE (__start_bss_SRAM = .)
 *(SORT_BY_ALIGNMENT(.bss*))
 .bss.s_debugConsoleIO
                0x000000001fffe08c        0x8 ./utilities/fsl_io.o
 .bss.estSW     0x000000001fffe094        0x2 ./source/key.o
 *fill*         0x000000001fffe096        0x2 
 .bss.eventSW   0x000000001fffe098        0x2 ./source/key.o
 *fill*         0x000000001fffe09a        0x2 
 .bss.timer     0x000000001fffe09c        0x4 ./source/main.o
 .bss.mefTimer  0x000000001fffe0a0        0x4 ./source/mef.o
 .bss.timerToggle
                0x000000001fffe0a4        0x4 ./source/mef.o
 .bss.maxG      0x000000001fffe0a8        0x4 ./source/mef.o
 .bss.shadowFB  0x000000001fffe0ac      0x400 ./source/oled.o
 .bss.g_xtal0Freq
                0x000000001fffe4ac        0x4 ./drivers/fsl_clock.o
                0x000000001fffe4ac                g_xtal0Freq
 .bss.g_xtal32Freq
                0x000000001fffe4b0        0x4 ./drivers/fsl_clock.o
                0x000000001fffe4b0                g_xtal32Freq
 .bss.s_i2cHandle
                0x000000001fffe4b4        0x8 ./drivers/fsl_i2c.o
 .bss.s_i2cMasterIsr
                0x000000001fffe4bc        0x4 ./drivers/fsl_i2c.o
 .bss.s_i2cSlaveIsr
                0x000000001fffe4c0        0x4 ./drivers/fsl_i2c.o
 .bss.s_lpsciHandle
                0x000000001fffe4c4        0x4 ./drivers/fsl_lpsci.o
 .bss.s_lpsciIsr
                0x000000001fffe4c8        0x4 ./drivers/fsl_lpsci.o
 .bss.s_spiHandle
                0x000000001fffe4cc        0x8 ./drivers/fsl_spi.o
 .bss.s_spiMasterIsr
                0x000000001fffe4d4        0x4 ./drivers/fsl_spi.o
 .bss.s_spiSlaveIsr
                0x000000001fffe4d8        0x4 ./drivers/fsl_spi.o
 .bss.g_spiDummyData
                0x000000001fffe4dc        0x2 ./drivers/fsl_spi.o
                0x000000001fffe4dc                g_spiDummyData
 *fill*         0x000000001fffe4de        0x2 
 .bss.s_uartHandle
                0x000000001fffe4e0        0xc ./drivers/fsl_uart.o
 .bss.s_uartIsr
                0x000000001fffe4ec        0x4 ./drivers/fsl_uart.o
 .bss.__Ciob    0x000000001fffe4f0       0xb4 /Applications/MCUXpressoIDE_11.7.0_9198/ide/plugins/com.nxp.mcuxpresso.tools.macosx_11.7.0.202209140929/tools/bin/../lib/gcc/arm-none-eabi/10.3.1/../../../../arm-none-eabi/lib/thumb/v6-m/nofp/libcr_semihost_nf.a(__ciob.o)
                0x000000001fffe4f0                __Ciob
 .bss.__end_of_heap
                0x000000001fffe5a4        0x4 /Applications/MCUXpressoIDE_11.7.0_9198/ide/plugins/com.nxp.mcuxpresso.tools.macosx_11.7.0.202209140929/tools/bin/../lib/gcc/arm-none-eabi/10.3.1/../../../../arm-none-eabi/lib/thumb/v6-m/nofp/libcr_c.a(__init_alloc.o)
                0x000000001fffe5a4                __end_of_heap
 .bss.__heaps   0x000000001fffe5a8        0x4 /Applications/MCUXpressoIDE_11.7.0_9198/ide/plugins/com.nxp.mcuxpresso.tools.macosx_11.7.0.202209140929/tools/bin/../lib/gcc/arm-none-eabi/10.3.1/../../../../arm-none-eabi/lib/thumb/v6-m/nofp/libcr_c.a(__init_alloc.o)
                0x000000001fffe5a8                __heaps
 .bss.errno     0x000000001fffe5ac        0x4 /Applications/MCUXpressoIDE_11.7.0_9198/ide/plugins/com.nxp.mcuxpresso.tools.macosx_11.7.0.202209140929/tools/bin/../lib/gcc/arm-none-eabi/10.3.1/../../../../arm-none-eabi/lib/thumb/v6-m/nofp/libcr_c.a(errno.o)
                0x000000001fffe5ac                errno
 .bss.readX     0x000000001fffe5b0        0x2 ./source/mma8451.o
 .bss.readY     0x000000001fffe5b2        0x2 ./source/mma8451.o
 .bss.readZ     0x000000001fffe5b4        0x2 ./source/mma8451.o
 .bss.estado    0x000000001fffe5b6        0x1 ./source/mef.o
 .bss.FFint     0x000000001fffe5b7        0x1 ./source/mma8451.o
 *(SORT_BY_ALIGNMENT(COMMON))
                0x000000001fffe5b8                . = ALIGN (0x4)
                0x000000001fffe5b8                _ebss = .
                [!provide]                        PROVIDE (__end_bss_RAM = .)
                [!provide]                        PROVIDE (__end_bss_SRAM = .)
                [!provide]                        PROVIDE (end = .)

.noinit         0x000000001fffe5b8        0x0
                0x000000001fffe5b8                _noinit = .
                [!provide]                        PROVIDE (__start_noinit_RAM = .)
                [!provide]                        PROVIDE (__start_noinit_SRAM = .)
 *(SORT_BY_ALIGNMENT(.noinit*))
                0x000000001fffe5b8                . = ALIGN (0x4)
                0x000000001fffe5b8                _end_noinit = .
                [!provide]                        PROVIDE (__end_noinit_RAM = .)
                [!provide]                        PROVIDE (__end_noinit_SRAM = .)
                0x0000000000000800                _HeapSize = 0x800

.heap           0x000000001fffe5b8      0x800
                0x000000001fffe5b8                _pvHeapStart = .
                0x000000001fffedb8                . = (. + _HeapSize)
 *fill*         0x000000001fffe5b8      0x800 
                0x000000001fffedb8                . = ALIGN (0x4)
                0x000000001fffedb8                _pvHeapLimit = .
                0x0000000000000800                _StackSize = 0x800

.heap2stackfill
                0x000000001fffedb8      0x800
                0x000000001ffff5b8                . = (. + _StackSize)
 *fill*         0x000000001fffedb8      0x800 

.stack          0x0000000020005800        0x0
                0x0000000020005800                _vStackBase = .
                0x0000000020005800                . = ALIGN (0x4)
                0x0000000020006000                _vStackTop = (. + _StackSize)
                0x0000000000000000                _image_start = LOADADDR (.text)
                0x0000000000008140                _image_end = (LOADADDR (.data) + SIZEOF (.data))
                0x0000000000008140                _image_size = (_image_end - _image_start)
OUTPUT(SD2_CLOCK_OLED_I2C.axf elf32-littlearm)
LOAD linker stubs

.debug_info     0x0000000000000000     0xeeda
 .debug_info    0x0000000000000000      0x16a ./utilities/fsl_debug_console.o
 .debug_info    0x000000000000016a      0x8c6 ./utilities/fsl_io.o
 .debug_info    0x0000000000000a30      0x2f5 ./utilities/fsl_log.o
 .debug_info    0x0000000000000d25      0x4eb ./startup/startup_mkl46z4.o
 .debug_info    0x0000000000001210      0x795 ./source/SD2_I2C.o
 .debug_info    0x00000000000019a5     0x13af ./source/SD2_board.o
 .debug_info    0x0000000000002d54      0x1d2 ./source/display.o
 .debug_info    0x0000000000002f26       0x62 ./source/font5x7.o
 .debug_info    0x0000000000002f88      0x197 ./source/key.o
 .debug_info    0x000000000000311f      0x6b3 ./source/main.o
 .debug_info    0x00000000000037d2      0x1c7 ./source/mef.o
 .debug_info    0x0000000000003999     0x144b ./source/mma8451.o
 .debug_info    0x0000000000004de4       0x53 ./source/mtb.o
 .debug_info    0x0000000000004e37      0x84d ./source/oled.o
 .debug_info    0x0000000000005684       0x3c ./source/semihost_hardfault.o
 .debug_info    0x00000000000056c0     0x1a8b ./drivers/fsl_clock.o
 .debug_info    0x000000000000714b      0x7dc ./drivers/fsl_gpio.o
 .debug_info    0x0000000000007927     0x1aba ./drivers/fsl_i2c.o
 .debug_info    0x00000000000093e1     0x14ac ./drivers/fsl_lpsci.o
 .debug_info    0x000000000000a88d      0x938 ./drivers/fsl_smc.o
 .debug_info    0x000000000000b1c5     0x161c ./drivers/fsl_spi.o
 .debug_info    0x000000000000c7e1     0x144d ./drivers/fsl_uart.o
 .debug_info    0x000000000000dc2e      0x39b ./board/board.o
 .debug_info    0x000000000000dfc9      0xb03 ./board/clock_config.o
 .debug_info    0x000000000000eacc      0x40e ./CMSIS/system_MKL46Z4.o

.debug_abbrev   0x0000000000000000     0x2d17
 .debug_abbrev  0x0000000000000000       0xa3 ./utilities/fsl_debug_console.o
 .debug_abbrev  0x00000000000000a3      0x1d4 ./utilities/fsl_io.o
 .debug_abbrev  0x0000000000000277      0x15c ./utilities/fsl_log.o
 .debug_abbrev  0x00000000000003d3      0x198 ./startup/startup_mkl46z4.o
 .debug_abbrev  0x000000000000056b      0x22a ./source/SD2_I2C.o
 .debug_abbrev  0x0000000000000795      0x33b ./source/SD2_board.o
 .debug_abbrev  0x0000000000000ad0       0xda ./source/display.o
 .debug_abbrev  0x0000000000000baa       0x4a ./source/font5x7.o
 .debug_abbrev  0x0000000000000bf4       0xf1 ./source/key.o
 .debug_abbrev  0x0000000000000ce5      0x1b6 ./source/main.o
 .debug_abbrev  0x0000000000000e9b       0x99 ./source/mef.o
 .debug_abbrev  0x0000000000000f34      0x2c9 ./source/mma8451.o
 .debug_abbrev  0x00000000000011fd       0x46 ./source/mtb.o
 .debug_abbrev  0x0000000000001243      0x1a5 ./source/oled.o
 .debug_abbrev  0x00000000000013e8       0x31 ./source/semihost_hardfault.o
 .debug_abbrev  0x0000000000001419      0x34b ./drivers/fsl_clock.o
 .debug_abbrev  0x0000000000001764      0x1f6 ./drivers/fsl_gpio.o
 .debug_abbrev  0x000000000000195a      0x376 ./drivers/fsl_i2c.o
 .debug_abbrev  0x0000000000001cd0      0x2f3 ./drivers/fsl_lpsci.o
 .debug_abbrev  0x0000000000001fc3      0x2a2 ./drivers/fsl_smc.o
 .debug_abbrev  0x0000000000002265      0x35b ./drivers/fsl_spi.o
 .debug_abbrev  0x00000000000025c0      0x2f3 ./drivers/fsl_uart.o
 .debug_abbrev  0x00000000000028b3      0x11b ./board/board.o
 .debug_abbrev  0x00000000000029ce      0x201 ./board/clock_config.o
 .debug_abbrev  0x0000000000002bcf      0x148 ./CMSIS/system_MKL46Z4.o

.debug_aranges  0x0000000000000000      0xe40
 .debug_aranges
                0x0000000000000000       0x30 ./utilities/fsl_debug_console.o
 .debug_aranges
                0x0000000000000030       0x58 ./utilities/fsl_io.o
 .debug_aranges
                0x0000000000000088       0x58 ./utilities/fsl_log.o
 .debug_aranges
                0x00000000000000e0      0x160 ./startup/startup_mkl46z4.o
 .debug_aranges
                0x0000000000000240       0x50 ./source/SD2_I2C.o
 .debug_aranges
                0x0000000000000290       0xa8 ./source/SD2_board.o
 .debug_aranges
                0x0000000000000338       0x48 ./source/display.o
 .debug_aranges
                0x0000000000000380       0x18 ./source/font5x7.o
 .debug_aranges
                0x0000000000000398       0x30 ./source/key.o
 .debug_aranges
                0x00000000000003c8       0x40 ./source/main.o
 .debug_aranges
                0x0000000000000408       0x28 ./source/mef.o
 .debug_aranges
                0x0000000000000430       0xb8 ./source/mma8451.o
 .debug_aranges
                0x00000000000004e8       0x18 ./source/mtb.o
 .debug_aranges
                0x0000000000000500       0x98 ./source/oled.o
 .debug_aranges
                0x0000000000000598       0x20 ./source/semihost_hardfault.o
 .debug_aranges
                0x00000000000005b8      0x1d8 ./drivers/fsl_clock.o
 .debug_aranges
                0x0000000000000790       0x78 ./drivers/fsl_gpio.o
 .debug_aranges
                0x0000000000000808      0x178 ./drivers/fsl_i2c.o
 .debug_aranges
                0x0000000000000980      0x118 ./drivers/fsl_lpsci.o
 .debug_aranges
                0x0000000000000a98       0x88 ./drivers/fsl_smc.o
 .debug_aranges
                0x0000000000000b20      0x140 ./drivers/fsl_spi.o
 .debug_aranges
                0x0000000000000c60      0x130 ./drivers/fsl_uart.o
 .debug_aranges
                0x0000000000000d90       0x28 ./board/board.o
 .debug_aranges
                0x0000000000000db8       0x58 ./board/clock_config.o
 .debug_aranges
                0x0000000000000e10       0x30 ./CMSIS/system_MKL46Z4.o

.debug_ranges   0x0000000000000000      0xca0
 .debug_ranges  0x0000000000000000       0x20 ./utilities/fsl_debug_console.o
 .debug_ranges  0x0000000000000020       0x48 ./utilities/fsl_io.o
 .debug_ranges  0x0000000000000068       0x48 ./utilities/fsl_log.o
 .debug_ranges  0x00000000000000b0      0x150 ./startup/startup_mkl46z4.o
 .debug_ranges  0x0000000000000200       0x40 ./source/SD2_I2C.o
 .debug_ranges  0x0000000000000240       0x98 ./source/SD2_board.o
 .debug_ranges  0x00000000000002d8       0x38 ./source/display.o
 .debug_ranges  0x0000000000000310       0x20 ./source/key.o
 .debug_ranges  0x0000000000000330       0x30 ./source/main.o
 .debug_ranges  0x0000000000000360       0x18 ./source/mef.o
 .debug_ranges  0x0000000000000378       0xa8 ./source/mma8451.o
 .debug_ranges  0x0000000000000420       0x88 ./source/oled.o
 .debug_ranges  0x00000000000004a8       0x10 ./source/semihost_hardfault.o
 .debug_ranges  0x00000000000004b8      0x1c8 ./drivers/fsl_clock.o
 .debug_ranges  0x0000000000000680       0x68 ./drivers/fsl_gpio.o
 .debug_ranges  0x00000000000006e8      0x168 ./drivers/fsl_i2c.o
 .debug_ranges  0x0000000000000850      0x108 ./drivers/fsl_lpsci.o
 .debug_ranges  0x0000000000000958       0x78 ./drivers/fsl_smc.o
 .debug_ranges  0x00000000000009d0      0x130 ./drivers/fsl_spi.o
 .debug_ranges  0x0000000000000b00      0x120 ./drivers/fsl_uart.o
 .debug_ranges  0x0000000000000c20       0x18 ./board/board.o
 .debug_ranges  0x0000000000000c38       0x48 ./board/clock_config.o
 .debug_ranges  0x0000000000000c80       0x20 ./CMSIS/system_MKL46Z4.o

.debug_macro    0x0000000000000000     0xda4c
 .debug_macro   0x0000000000000000      0x139 ./utilities/fsl_debug_console.o
 .debug_macro   0x0000000000000139      0xa7e ./utilities/fsl_debug_console.o
 .debug_macro   0x0000000000000bb7       0x10 ./utilities/fsl_debug_console.o
 .debug_macro   0x0000000000000bc7       0x16 ./utilities/fsl_debug_console.o
 .debug_macro   0x0000000000000bdd       0x10 ./utilities/fsl_debug_console.o
 .debug_macro   0x0000000000000bed      0x12e ./utilities/fsl_debug_console.o
 .debug_macro   0x0000000000000d1b       0x28 ./utilities/fsl_debug_console.o
 .debug_macro   0x0000000000000d43       0x16 ./utilities/fsl_debug_console.o
 .debug_macro   0x0000000000000d59       0x22 ./utilities/fsl_debug_console.o
 .debug_macro   0x0000000000000d7b      0x5b3 ./utilities/fsl_debug_console.o
 .debug_macro   0x000000000000132e       0x10 ./utilities/fsl_debug_console.o
 .debug_macro   0x000000000000133e       0x3f ./utilities/fsl_debug_console.o
 .debug_macro   0x000000000000137d       0x1c ./utilities/fsl_debug_console.o
 .debug_macro   0x0000000000001399       0x22 ./utilities/fsl_debug_console.o
 .debug_macro   0x00000000000013bb       0xaf ./utilities/fsl_debug_console.o
 .debug_macro   0x000000000000146a      0x37c ./utilities/fsl_debug_console.o
 .debug_macro   0x00000000000017e6       0x38 ./utilities/fsl_debug_console.o
 .debug_macro   0x000000000000181e     0x87f8 ./utilities/fsl_debug_console.o
 .debug_macro   0x000000000000a016     0x121a ./utilities/fsl_debug_console.o
 .debug_macro   0x000000000000b230       0x52 ./utilities/fsl_debug_console.o
 .debug_macro   0x000000000000b282      0x10a ./utilities/fsl_debug_console.o
 .debug_macro   0x000000000000b38c       0x74 ./utilities/fsl_debug_console.o
 .debug_macro   0x000000000000b400       0x9a ./utilities/fsl_debug_console.o
 .debug_macro   0x000000000000b49a       0x1c ./utilities/fsl_debug_console.o
 .debug_macro   0x000000000000b4b6       0x50 ./utilities/fsl_debug_console.o
 .debug_macro   0x000000000000b506      0x123 ./utilities/fsl_io.o
 .debug_macro   0x000000000000b629       0x1c ./utilities/fsl_io.o
 .debug_macro   0x000000000000b645       0x22 ./utilities/fsl_io.o
 .debug_macro   0x000000000000b667       0x10 ./utilities/fsl_io.o
 .debug_macro   0x000000000000b677       0x10 ./utilities/fsl_io.o
 .debug_macro   0x000000000000b687      0x147 ./utilities/fsl_log.o
 .debug_macro   0x000000000000b7ce       0x29 ./startup/startup_mkl46z4.o
 .debug_macro   0x000000000000b7f7      0x16d ./source/SD2_I2C.o
 .debug_macro   0x000000000000b964       0x10 ./source/SD2_I2C.o
 .debug_macro   0x000000000000b974       0x10 ./source/SD2_I2C.o
 .debug_macro   0x000000000000b984       0x1c ./source/SD2_I2C.o
 .debug_macro   0x000000000000b9a0       0x10 ./source/SD2_I2C.o
 .debug_macro   0x000000000000b9b0      0x1d2 ./source/SD2_I2C.o
 .debug_macro   0x000000000000bb82      0x194 ./source/SD2_board.o
 .debug_macro   0x000000000000bd16       0xa0 ./source/SD2_board.o
 .debug_macro   0x000000000000bdb6       0x1c ./source/SD2_board.o
 .debug_macro   0x000000000000bdd2      0x15b ./source/SD2_board.o
 .debug_macro   0x000000000000bf2d       0x22 ./source/SD2_board.o
 .debug_macro   0x000000000000bf4f       0x16 ./source/SD2_board.o
 .debug_macro   0x000000000000bf65       0x16 ./source/SD2_board.o
 .debug_macro   0x000000000000bf7b       0x10 ./source/SD2_board.o
 .debug_macro   0x000000000000bf8b       0x81 ./source/display.o
 .debug_macro   0x000000000000c00c       0xc4 ./source/display.o
 .debug_macro   0x000000000000c0d0       0x10 ./source/display.o
 .debug_macro   0x000000000000c0e0       0x1a ./source/font5x7.o
 .debug_macro   0x000000000000c0fa      0x696 ./source/font5x7.o
 .debug_macro   0x000000000000c790       0xa2 ./source/key.o
 .debug_macro   0x000000000000c832      0x18f ./source/main.o
 .debug_macro   0x000000000000c9c1       0x16 ./source/main.o
 .debug_macro   0x000000000000c9d7       0xe0 ./source/mef.o
 .debug_macro   0x000000000000cab7      0x1ff ./source/mma8451.o
 .debug_macro   0x000000000000ccb6       0x16 ./source/mma8451.o
 .debug_macro   0x000000000000cccc       0x2f ./source/mtb.o
 .debug_macro   0x000000000000ccfb       0x82 ./source/mtb.o
 .debug_macro   0x000000000000cd7d       0x10 ./source/mtb.o
 .debug_macro   0x000000000000cd8d       0xef ./source/oled.o
 .debug_macro   0x000000000000ce7c       0x11 ./source/semihost_hardfault.o
 .debug_macro   0x000000000000ce8d      0x1b8 ./drivers/fsl_clock.o
 .debug_macro   0x000000000000d045      0x108 ./drivers/fsl_gpio.o
 .debug_macro   0x000000000000d14d      0x107 ./drivers/fsl_i2c.o
 .debug_macro   0x000000000000d254      0x108 ./drivers/fsl_lpsci.o
 .debug_macro   0x000000000000d35c      0x155 ./drivers/fsl_smc.o
 .debug_macro   0x000000000000d4b1       0x1c ./drivers/fsl_smc.o
 .debug_macro   0x000000000000d4cd      0x107 ./drivers/fsl_spi.o
 .debug_macro   0x000000000000d5d4       0x10 ./drivers/fsl_spi.o
 .debug_macro   0x000000000000d5e4      0x10e ./drivers/fsl_uart.o
 .debug_macro   0x000000000000d6f2      0x144 ./board/board.o
 .debug_macro   0x000000000000d836       0x22 ./board/board.o
 .debug_macro   0x000000000000d858      0x15d ./board/clock_config.o
 .debug_macro   0x000000000000d9b5       0x97 ./CMSIS/system_MKL46Z4.o

.debug_line     0x0000000000000000     0x9909
 .debug_line    0x0000000000000000      0x337 ./utilities/fsl_debug_console.o
 .debug_line    0x0000000000000337      0x4c3 ./utilities/fsl_io.o
 .debug_line    0x00000000000007fa      0x426 ./utilities/fsl_log.o
 .debug_line    0x0000000000000c20      0x1ed ./startup/startup_mkl46z4.o
 .debug_line    0x0000000000000e0d      0x446 ./source/SD2_I2C.o
 .debug_line    0x0000000000001253      0x62f ./source/SD2_board.o
 .debug_line    0x0000000000001882      0x25a ./source/display.o
 .debug_line    0x0000000000001adc       0x44 ./source/font5x7.o
 .debug_line    0x0000000000001b20      0x2c2 ./source/key.o
 .debug_line    0x0000000000001de2      0x441 ./source/main.o
 .debug_line    0x0000000000002223      0x316 ./source/mef.o
 .debug_line    0x0000000000002539      0x77a ./source/mma8451.o
 .debug_line    0x0000000000002cb3       0xd9 ./source/mtb.o
 .debug_line    0x0000000000002d8c      0x76a ./source/oled.o
 .debug_line    0x00000000000034f6       0x5a ./source/semihost_hardfault.o
 .debug_line    0x0000000000003550     0x12cc ./drivers/fsl_clock.o
 .debug_line    0x000000000000481c      0x492 ./drivers/fsl_gpio.o
 .debug_line    0x0000000000004cae     0x1379 ./drivers/fsl_i2c.o
 .debug_line    0x0000000000006027      0xd8e ./drivers/fsl_lpsci.o
 .debug_line    0x0000000000006db5      0x668 ./drivers/fsl_smc.o
 .debug_line    0x000000000000741d      0xd43 ./drivers/fsl_spi.o
 .debug_line    0x0000000000008160      0xd99 ./drivers/fsl_uart.o
 .debug_line    0x0000000000008ef9      0x31e ./board/board.o
 .debug_line    0x0000000000009217      0x393 ./board/clock_config.o
 .debug_line    0x00000000000095aa      0x35f ./CMSIS/system_MKL46Z4.o

.debug_str      0x0000000000000000    0x556ae
 .debug_str     0x0000000000000000    0x4a6e8 ./utilities/fsl_debug_console.o
                                      0x4a8f8 (size before relaxing)
 .debug_str     0x000000000004a6e8      0xb9f ./utilities/fsl_io.o
                                      0x4b147 (size before relaxing)
 .debug_str     0x000000000004b287      0x1d8 ./utilities/fsl_log.o
                                      0x4a7ae (size before relaxing)
 .debug_str     0x000000000004b45f      0x3d0 ./startup/startup_mkl46z4.o
                                       0x30b6 (size before relaxing)
 .debug_str     0x000000000004b82f      0xf51 ./source/SD2_I2C.o
                                      0x4b2eb (size before relaxing)
 .debug_str     0x000000000004c780     0x1294 ./source/SD2_board.o
                                      0x4cb84 (size before relaxing)
 .debug_str     0x000000000004da14      0x5f5 ./source/display.o
                                       0x4bcb (size before relaxing)
 .debug_str     0x000000000004e009      0xe2c ./source/font5x7.o
                                       0x3ae0 (size before relaxing)
 .debug_str     0x000000000004ee35       0x8b ./source/key.o
                                      0x42d10 (size before relaxing)
 .debug_str     0x000000000004eec0      0x337 ./source/main.o
                                      0x4bed3 (size before relaxing)
 .debug_str     0x000000000004f1f7       0xdf ./source/mef.o
                                      0x42e85 (size before relaxing)
 .debug_str     0x000000000004f2d6      0x7de ./source/mma8451.o
                                      0x4ba80 (size before relaxing)
 .debug_str     0x000000000004fab4      0x532 ./source/mtb.o
                                       0x31dd (size before relaxing)
 .debug_str     0x000000000004ffe6      0x346 ./source/oled.o
                                      0x43064 (size before relaxing)
 .debug_str     0x000000000005032c       0x1f ./source/semihost_hardfault.o
                                       0x2cca (size before relaxing)
 .debug_str     0x000000000005034b     0x140e ./drivers/fsl_clock.o
                                      0x4c294 (size before relaxing)
 .debug_str     0x0000000000051759       0xff ./drivers/fsl_gpio.o
                                      0x4ab21 (size before relaxing)
 .debug_str     0x0000000000051858      0xaa0 ./drivers/fsl_i2c.o
                                      0x4ba3a (size before relaxing)
 .debug_str     0x00000000000522f8      0x840 ./drivers/fsl_lpsci.o
                                      0x4b8bd (size before relaxing)
 .debug_str     0x0000000000052b38     0x1a51 ./drivers/fsl_smc.o
                                      0x4c429 (size before relaxing)
 .debug_str     0x0000000000054589      0x5b9 ./drivers/fsl_spi.o
                                      0x4b7a6 (size before relaxing)
 .debug_str     0x0000000000054b42      0x777 ./drivers/fsl_uart.o
                                      0x4b8da (size before relaxing)
 .debug_str     0x00000000000552b9       0x4c ./board/board.o
                                      0x4b0a3 (size before relaxing)
 .debug_str     0x0000000000055305      0x34b ./board/clock_config.o
                                      0x4b21c (size before relaxing)
 .debug_str     0x0000000000055650       0x5e ./CMSIS/system_MKL46Z4.o
                                      0x49712 (size before relaxing)

.comment        0x0000000000000000       0x49
 .comment       0x0000000000000000       0x49 ./utilities/fsl_debug_console.o
                                         0x4a (size before relaxing)
 .comment       0x0000000000000049       0x4a ./utilities/fsl_io.o
 .comment       0x0000000000000049       0x4a ./utilities/fsl_log.o
 .comment       0x0000000000000049       0x4a ./startup/startup_mkl46z4.o
 .comment       0x0000000000000049       0x4a ./source/SD2_I2C.o
 .comment       0x0000000000000049       0x4a ./source/SD2_board.o
 .comment       0x0000000000000049       0x4a ./source/display.o
 .comment       0x0000000000000049       0x4a ./source/font5x7.o
 .comment       0x0000000000000049       0x4a ./source/key.o
 .comment       0x0000000000000049       0x4a ./source/main.o
 .comment       0x0000000000000049       0x4a ./source/mef.o
 .comment       0x0000000000000049       0x4a ./source/mma8451.o
 .comment       0x0000000000000049       0x4a ./source/mtb.o
 .comment       0x0000000000000049       0x4a ./source/oled.o
 .comment       0x0000000000000049       0x4a ./source/semihost_hardfault.o
 .comment       0x0000000000000049       0x4a ./drivers/fsl_clock.o
 .comment       0x0000000000000049       0x4a ./drivers/fsl_gpio.o
 .comment       0x0000000000000049       0x4a ./drivers/fsl_i2c.o
 .comment       0x0000000000000049       0x4a ./drivers/fsl_lpsci.o
 .comment       0x0000000000000049       0x4a ./drivers/fsl_smc.o
 .comment       0x0000000000000049       0x4a ./drivers/fsl_spi.o
 .comment       0x0000000000000049       0x4a ./drivers/fsl_uart.o
 .comment       0x0000000000000049       0x4a ./board/board.o
 .comment       0x0000000000000049       0x4a ./board/clock_config.o
 .comment       0x0000000000000049       0x4a ./CMSIS/system_MKL46Z4.o
 .comment       0x0000000000000049       0x4a /Applications/MCUXpressoIDE_11.7.0_9198/ide/plugins/com.nxp.mcuxpresso.tools.macosx_11.7.0.202209140929/tools/bin/../lib/gcc/arm-none-eabi/10.3.1/../../../../arm-none-eabi/lib/thumb/v6-m/nofp/libcr_semihost_nf.a(_cr__main.o)
 .comment       0x0000000000000049       0x4a /Applications/MCUXpressoIDE_11.7.0_9198/ide/plugins/com.nxp.mcuxpresso.tools.macosx_11.7.0.202209140929/tools/bin/../lib/gcc/arm-none-eabi/10.3.1/../../../../arm-none-eabi/lib/thumb/v6-m/nofp/libcr_semihost_nf.a(_cr_assert.o)
 .comment       0x0000000000000049       0x4a /Applications/MCUXpressoIDE_11.7.0_9198/ide/plugins/com.nxp.mcuxpresso.tools.macosx_11.7.0.202209140929/tools/bin/../lib/gcc/arm-none-eabi/10.3.1/../../../../arm-none-eabi/lib/thumb/v6-m/nofp/libcr_semihost_nf.a(__ciob.o)
 .comment       0x0000000000000049       0x4a /Applications/MCUXpressoIDE_11.7.0_9198/ide/plugins/com.nxp.mcuxpresso.tools.macosx_11.7.0.202209140929/tools/bin/../lib/gcc/arm-none-eabi/10.3.1/../../../../arm-none-eabi/lib/thumb/v6-m/nofp/libcr_c.a(memset.o)
 .comment       0x0000000000000049       0x4a /Applications/MCUXpressoIDE_11.7.0_9198/ide/plugins/com.nxp.mcuxpresso.tools.macosx_11.7.0.202209140929/tools/bin/../lib/gcc/arm-none-eabi/10.3.1/../../../../arm-none-eabi/lib/thumb/v6-m/nofp/libcr_c.a(_deferredlazyseek.o)
 .comment       0x0000000000000049       0x4a /Applications/MCUXpressoIDE_11.7.0_9198/ide/plugins/com.nxp.mcuxpresso.tools.macosx_11.7.0.202209140929/tools/bin/../lib/gcc/arm-none-eabi/10.3.1/../../../../arm-none-eabi/lib/thumb/v6-m/nofp/libcr_c.a(_fflush.o)
 .comment       0x0000000000000049       0x4a /Applications/MCUXpressoIDE_11.7.0_9198/ide/plugins/com.nxp.mcuxpresso.tools.macosx_11.7.0.202209140929/tools/bin/../lib/gcc/arm-none-eabi/10.3.1/../../../../arm-none-eabi/lib/thumb/v6-m/nofp/libcr_c.a(_writebuf.o)
 .comment       0x0000000000000049       0x4a /Applications/MCUXpressoIDE_11.7.0_9198/ide/plugins/com.nxp.mcuxpresso.tools.macosx_11.7.0.202209140929/tools/bin/../lib/gcc/arm-none-eabi/10.3.1/../../../../arm-none-eabi/lib/thumb/v6-m/nofp/libcr_c.a(alloc.o)
 .comment       0x0000000000000049       0x4a /Applications/MCUXpressoIDE_11.7.0_9198/ide/plugins/com.nxp.mcuxpresso.tools.macosx_11.7.0.202209140929/tools/bin/../lib/gcc/arm-none-eabi/10.3.1/../../../../arm-none-eabi/lib/thumb/v6-m/nofp/libcr_c.a(fpprintf.o)
 .comment       0x0000000000000049       0x4a /Applications/MCUXpressoIDE_11.7.0_9198/ide/plugins/com.nxp.mcuxpresso.tools.macosx_11.7.0.202209140929/tools/bin/../lib/gcc/arm-none-eabi/10.3.1/../../../../arm-none-eabi/lib/thumb/v6-m/nofp/libcr_c.a(fputs.o)
 .comment       0x0000000000000049       0x4a /Applications/MCUXpressoIDE_11.7.0_9198/ide/plugins/com.nxp.mcuxpresso.tools.macosx_11.7.0.202209140929/tools/bin/../lib/gcc/arm-none-eabi/10.3.1/../../../../arm-none-eabi/lib/thumb/v6-m/nofp/libcr_c.a(fseek.o)
 .comment       0x0000000000000049       0x4a /Applications/MCUXpressoIDE_11.7.0_9198/ide/plugins/com.nxp.mcuxpresso.tools.macosx_11.7.0.202209140929/tools/bin/../lib/gcc/arm-none-eabi/10.3.1/../../../../arm-none-eabi/lib/thumb/v6-m/nofp/libcr_c.a(ftell.o)
 .comment       0x0000000000000049       0x4a /Applications/MCUXpressoIDE_11.7.0_9198/ide/plugins/com.nxp.mcuxpresso.tools.macosx_11.7.0.202209140929/tools/bin/../lib/gcc/arm-none-eabi/10.3.1/../../../../arm-none-eabi/lib/thumb/v6-m/nofp/libcr_c.a(initio.o)
 .comment       0x0000000000000049       0x4a /Applications/MCUXpressoIDE_11.7.0_9198/ide/plugins/com.nxp.mcuxpresso.tools.macosx_11.7.0.202209140929/tools/bin/../lib/gcc/arm-none-eabi/10.3.1/../../../../arm-none-eabi/lib/thumb/v6-m/nofp/libcr_c.a(printf.o)
 .comment       0x0000000000000049       0x4a /Applications/MCUXpressoIDE_11.7.0_9198/ide/plugins/com.nxp.mcuxpresso.tools.macosx_11.7.0.202209140929/tools/bin/../lib/gcc/arm-none-eabi/10.3.1/../../../../arm-none-eabi/lib/thumb/v6-m/nofp/libcr_c.a(setvbuf.o)
 .comment       0x0000000000000049       0x4a /Applications/MCUXpressoIDE_11.7.0_9198/ide/plugins/com.nxp.mcuxpresso.tools.macosx_11.7.0.202209140929/tools/bin/../lib/gcc/arm-none-eabi/10.3.1/../../../../arm-none-eabi/lib/thumb/v6-m/nofp/libcr_c.a(sqrt.o)
 .comment       0x0000000000000049       0x4a /Applications/MCUXpressoIDE_11.7.0_9198/ide/plugins/com.nxp.mcuxpresso.tools.macosx_11.7.0.202209140929/tools/bin/../lib/gcc/arm-none-eabi/10.3.1/../../../../arm-none-eabi/lib/thumb/v6-m/nofp/libcr_c.a(stdlib.o)
 .comment       0x0000000000000049       0x4a /Applications/MCUXpressoIDE_11.7.0_9198/ide/plugins/com.nxp.mcuxpresso.tools.macosx_11.7.0.202209140929/tools/bin/../lib/gcc/arm-none-eabi/10.3.1/../../../../arm-none-eabi/lib/thumb/v6-m/nofp/libcr_c.a(strlen.o)
 .comment       0x0000000000000049       0x4a /Applications/MCUXpressoIDE_11.7.0_9198/ide/plugins/com.nxp.mcuxpresso.tools.macosx_11.7.0.202209140929/tools/bin/../lib/gcc/arm-none-eabi/10.3.1/../../../../arm-none-eabi/lib/thumb/v6-m/nofp/libcr_c.a(__init_alloc.o)
 .comment       0x0000000000000049       0x4a /Applications/MCUXpressoIDE_11.7.0_9198/ide/plugins/com.nxp.mcuxpresso.tools.macosx_11.7.0.202209140929/tools/bin/../lib/gcc/arm-none-eabi/10.3.1/../../../../arm-none-eabi/lib/thumb/v6-m/nofp/libcr_c.a(_cr_sbrk.o)
 .comment       0x0000000000000049       0x4a /Applications/MCUXpressoIDE_11.7.0_9198/ide/plugins/com.nxp.mcuxpresso.tools.macosx_11.7.0.202209140929/tools/bin/../lib/gcc/arm-none-eabi/10.3.1/../../../../arm-none-eabi/lib/thumb/v6-m/nofp/libcr_c.a(_fdopen.o)
 .comment       0x0000000000000049       0x4a /Applications/MCUXpressoIDE_11.7.0_9198/ide/plugins/com.nxp.mcuxpresso.tools.macosx_11.7.0.202209140929/tools/bin/../lib/gcc/arm-none-eabi/10.3.1/../../../../arm-none-eabi/lib/thumb/v6-m/nofp/libcr_c.a(_frexpl.o)
 .comment       0x0000000000000049       0x4a /Applications/MCUXpressoIDE_11.7.0_9198/ide/plugins/com.nxp.mcuxpresso.tools.macosx_11.7.0.202209140929/tools/bin/../lib/gcc/arm-none-eabi/10.3.1/../../../../arm-none-eabi/lib/thumb/v6-m/nofp/libcr_c.a(_ldexpl.o)
 .comment       0x0000000000000049       0x4a /Applications/MCUXpressoIDE_11.7.0_9198/ide/plugins/com.nxp.mcuxpresso.tools.macosx_11.7.0.202209140929/tools/bin/../lib/gcc/arm-none-eabi/10.3.1/../../../../arm-none-eabi/lib/thumb/v6-m/nofp/libcr_c.a(errno.o)
 .comment       0x0000000000000049       0x4a /Applications/MCUXpressoIDE_11.7.0_9198/ide/plugins/com.nxp.mcuxpresso.tools.macosx_11.7.0.202209140929/tools/bin/../lib/gcc/arm-none-eabi/10.3.1/../../../../arm-none-eabi/lib/thumb/v6-m/nofp/libcr_c.a(fclose.o)
 .comment       0x0000000000000049       0x4a /Applications/MCUXpressoIDE_11.7.0_9198/ide/plugins/com.nxp.mcuxpresso.tools.macosx_11.7.0.202209140929/tools/bin/../lib/gcc/arm-none-eabi/10.3.1/../../../../arm-none-eabi/lib/thumb/v6-m/nofp/libcr_c.a(fflush.o)
 .comment       0x0000000000000049       0x4a /Applications/MCUXpressoIDE_11.7.0_9198/ide/plugins/com.nxp.mcuxpresso.tools.macosx_11.7.0.202209140929/tools/bin/../lib/gcc/arm-none-eabi/10.3.1/../../../../arm-none-eabi/lib/thumb/v6-m/nofp/libcr_c.a(remove.o)