Archive member included to satisfy reference by file (symbol)

/Applications/MCUXpressoIDE_11.7.0_9198/ide/plugins/com.nxp.mcuxpresso.tools.macosx_11.7.0.202209140929/tools/bin/../lib/gcc/arm-none-eabi/10.3.1/../../../../arm-none-eabi/lib/thumb/v6-m/nofp/libcr_semihost_nf.a(_cr__main.o)
                              ./startup/startup_mkl46z4.o (__main)
/Applications/MCUXpressoIDE_11.7.0_9198/ide/plugins/com.nxp.mcuxpresso.tools.macosx_11.7.0.202209140929/tools/bin/../lib/gcc/arm-none-eabi/10.3.1/../../../../arm-none-eabi/lib/thumb/v6-m/nofp/libcr_semihost_nf.a(_cr_assert.o)
                              ./utilities/fsl_debug_console.o (__assertion_failed)
/Applications/MCUXpressoIDE_11.7.0_9198/ide/plugins/com.nxp.mcuxpresso.tools.macosx_11.7.0.202209140929/tools/bin/../lib/gcc/arm-none-eabi/10.3.1/../../../../arm-none-eabi/lib/thumb/v6-m/nofp/libcr_semihost_nf.a(__ciob.o)
                              /Applications/MCUXpressoIDE_11.7.0_9198/ide/plugins/com.nxp.mcuxpresso.tools.macosx_11.7.0.202209140929/tools/bin/../lib/gcc/arm-none-eabi/10.3.1/../../../../arm-none-eabi/lib/thumb/v6-m/nofp/libcr_semihost_nf.a(_cr_assert.o) (__Ciob)
/Applications/MCUXpressoIDE_11.7.0_9198/ide/plugins/com.nxp.mcuxpresso.tools.macosx_11.7.0.202209140929/tools/bin/../lib/gcc/arm-none-eabi/10.3.1/../../../../arm-none-eabi/lib/thumb/v6-m/nofp/libcr_semihost_nf.a(__sys_appexit.o)
                              /Applications/MCUXpressoIDE_11.7.0_9198/ide/plugins/com.nxp.mcuxpresso.tools.macosx_11.7.0.202209140929/tools/bin/../lib/gcc/arm-none-eabi/10.3.1/../../../../arm-none-eabi/lib/thumb/v6-m/nofp/libcr_semihost_nf.a(_cr_assert.o) (__sys_appexit)
/Applications/MCUXpressoIDE_11.7.0_9198/ide/plugins/com.nxp.mcuxpresso.tools.macosx_11.7.0.202209140929/tools/bin/../lib/gcc/arm-none-eabi/10.3.1/../../../../arm-none-eabi/lib/thumb/v6-m/nofp/libcr_c.a(memcpy.o)
                              ./drivers/fsl_ftfx_cache.o (memcpy)
/Applications/MCUXpressoIDE_11.7.0_9198/ide/plugins/com.nxp.mcuxpresso.tools.macosx_11.7.0.202209140929/tools/bin/../lib/gcc/arm-none-eabi/10.3.1/../../../../arm-none-eabi/lib/thumb/v6-m/nofp/libcr_c.a(memset.o)
                              ./source/mma8451.o (memset)
/Applications/MCUXpressoIDE_11.7.0_9198/ide/plugins/com.nxp.mcuxpresso.tools.macosx_11.7.0.202209140929/tools/bin/../lib/gcc/arm-none-eabi/10.3.1/../../../../arm-none-eabi/lib/thumb/v6-m/nofp/libcr_c.a(_deferredlazyseek.o)
                              /Applications/MCUXpressoIDE_11.7.0_9198/ide/plugins/com.nxp.mcuxpresso.tools.macosx_11.7.0.202209140929/tools/bin/../lib/gcc/arm-none-eabi/10.3.1/../../../../arm-none-eabi/lib/thumb/v6-m/nofp/libcr_semihost_nf.a(_cr_assert.o) (__flsbuf)
/Applications/MCUXpressoIDE_11.7.0_9198/ide/plugins/com.nxp.mcuxpresso.tools.macosx_11.7.0.202209140929/tools/bin/../lib/gcc/arm-none-eabi/10.3.1/../../../../arm-none-eabi/lib/thumb/v6-m/nofp/libcr_c.a(_fflush.o)
                              /Applications/MCUXpressoIDE_11.7.0_9198/ide/plugins/com.nxp.mcuxpresso.tools.macosx_11.7.0.202209140929/tools/bin/../lib/gcc/arm-none-eabi/10.3.1/../../../../arm-none-eabi/lib/thumb/v6-m/nofp/libcr_c.a(_deferredlazyseek.o) (_fflush)
/Applications/MCUXpressoIDE_11.7.0_9198/ide/plugins/com.nxp.mcuxpresso.tools.macosx_11.7.0.202209140929/tools/bin/../lib/gcc/arm-none-eabi/10.3.1/../../../../arm-none-eabi/lib/thumb/v6-m/nofp/libcr_c.a(_writebuf.o)
                              /Applications/MCUXpressoIDE_11.7.0_9198/ide/plugins/com.nxp.mcuxpresso.tools.macosx_11.7.0.202209140929/tools/bin/../lib/gcc/arm-none-eabi/10.3.1/../../../../arm-none-eabi/lib/thumb/v6-m/nofp/libcr_c.a(_deferredlazyseek.o) (_Cwritebuf)
/Applications/MCUXpressoIDE_11.7.0_9198/ide/plugins/com.nxp.mcuxpresso.tools.macosx_11.7.0.202209140929/tools/bin/../lib/gcc/arm-none-eabi/10.3.1/../../../../arm-none-eabi/lib/thumb/v6-m/nofp/libcr_c.a(alloc.o)
                              ./drivers/fsl_common.o (malloc)
/Applications/MCUXpressoIDE_11.7.0_9198/ide/plugins/com.nxp.mcuxpresso.tools.macosx_11.7.0.202209140929/tools/bin/../lib/gcc/arm-none-eabi/10.3.1/../../../../arm-none-eabi/lib/thumb/v6-m/nofp/libcr_c.a(fputs.o)
                              /Applications/MCUXpressoIDE_11.7.0_9198/ide/plugins/com.nxp.mcuxpresso.tools.macosx_11.7.0.202209140929/tools/bin/../lib/gcc/arm-none-eabi/10.3.1/../../../../arm-none-eabi/lib/thumb/v6-m/nofp/libcr_semihost_nf.a(_cr_assert.o) (fputs)
/Applications/MCUXpressoIDE_11.7.0_9198/ide/plugins/com.nxp.mcuxpresso.tools.macosx_11.7.0.202209140929/tools/bin/../lib/gcc/arm-none-eabi/10.3.1/../../../../arm-none-eabi/lib/thumb/v6-m/nofp/libcr_c.a(fseek.o)
                              /Applications/MCUXpressoIDE_11.7.0_9198/ide/plugins/com.nxp.mcuxpresso.tools.macosx_11.7.0.202209140929/tools/bin/../lib/gcc/arm-none-eabi/10.3.1/../../../../arm-none-eabi/lib/thumb/v6-m/nofp/libcr_c.a(_deferredlazyseek.o) (fseek)
[...]
Memory Configuration

Name             Origin             Length             Attributes
PROGRAM_FLASH    0x0000000000000000 0x0000000000040000 xr
SRAM             0x000000001fffe000 0x0000000000008000 xrw
*default*        0x0000000000000000 0xffffffffffffffff

Linker script and memory map

LOAD ./utilities/fsl_debug_console.o
LOAD ./utilities/fsl_io.o
LOAD ./utilities/fsl_log.o
LOAD ./utilities/fsl_str.o
LOAD ./startup/startup_mkl46z4.o
LOAD ./source/SD2_I2C.o
LOAD ./source/SD2_board.o
LOAD ./source/display.o
LOAD ./source/font5x7.o
LOAD ./source/key.o
LOAD ./source/main.o
LOAD ./source/mef.o
LOAD ./source/mma8451.o
LOAD ./source/mtb.o
LOAD ./source/oled.o
LOAD ./source/semihost_hardfault.o
LOAD ./drivers/fsl_clock.o
LOAD ./drivers/fsl_common.o
LOAD ./drivers/fsl_ftfx_cache.o
LOAD ./drivers/fsl_ftfx_controller.o
LOAD ./drivers/fsl_ftfx_flash.o
LOAD ./drivers/fsl_ftfx_flexnvm.o
LOAD ./drivers/fsl_gpio.o
LOAD ./drivers/fsl_i2c.o
LOAD ./drivers/fsl_lpsci.o
LOAD ./drivers/fsl_smc.o
LOAD ./drivers/fsl_spi.o
LOAD ./drivers/fsl_uart.o
LOAD ./board/board.o
LOAD ./board/clock_config.o
LOAD ./board/peripherals.o
LOAD ./board/pin_mux.o
LOAD ./CMSIS/system_MKL46Z4.o
START GROUP
LOAD /Applications/MCUXpressoIDE_11.7.0_9198/ide/plugins/com.nxp.mcuxpresso.tools.macosx_11.7.0.202209140929/tools/bin/../lib/gcc/arm-none-eabi/10.3.1/../../../../arm-none-eabi/lib/thumb/v6-m/nofp/libcr_semihost_nf.a
LOAD /Applications/MCUXpressoIDE_11.7.0_9198/ide/plugins/com.nxp.mcuxpresso.tools.macosx_11.7.0.202209140929/tools/bin/../lib/gcc/arm-none-eabi/10.3.1/../../../../arm-none-eabi/lib/thumb/v6-m/nofp/libcr_c.a
LOAD /Applications/MCUXpressoIDE_11.7.0_9198/ide/plugins/com.nxp.mcuxpresso.tools.macosx_11.7.0.202209140929/tools/bin/../lib/gcc/arm-none-eabi/10.3.1/thumb/v6-m/nofp/libcr_eabihelpers.a
LOAD /Applications/MCUXpressoIDE_11.7.0_9198/ide/plugins/com.nxp.mcuxpresso.tools.macosx_11.7.0.202209140929/tools/bin/../lib/gcc/arm-none-eabi/10.3.1/thumb/v6-m/nofp/libgcc.a
END GROUP
                0x0000000000000000                __base_PROGRAM_FLASH = 0x0
                0x0000000000000000                __base_Flash = 0x0
                0x0000000000040000                __top_PROGRAM_FLASH = 0x40000
                0x0000000000040000                __top_Flash = 0x40000
                0x000000001fffe000                __base_SRAM = 0x1fffe000
                0x000000001fffe000                __base_RAM = 0x1fffe000
                0x0000000020006000                __top_SRAM = 0x20006000
                0x0000000020006000                __top_RAM = 0x20006000

.text           0x0000000000000000     0x69b4
 FILL mask 0xff
                0x0000000000000000                __vectors_start__ = ABSOLUTE (.)
 *(SORT_BY_ALIGNMENT(.isr_vector))
 .isr_vector    0x0000000000000000       0xc0 ./startup/startup_mkl46z4.o
                0x0000000000000000                __Vectors
                0x0000000000000000                g_pfnVectors
                0x00000000000000c0                . = ALIGN (0x4)
                0x00000000000000c0                __section_table_start = .
                0x00000000000000c0                __data_section_table = .
                0x00000000000000c0        0x4 LONG 0x69b4 LOADADDR (.data)
                0x00000000000000c4        0x4 LONG 0x1fffe080 ADDR (.data)
                0x00000000000000c8        0x4 LONG 0xc SIZEOF (.data)
                0x00000000000000cc                __data_section_table_end = .
                0x00000000000000cc                __bss_section_table = .
                0x00000000000000cc        0x4 LONG 0x1fffe08c ADDR (.bss)
                0x00000000000000d0        0x4 LONG 0x538 SIZEOF (.bss)
                0x00000000000000d4                __bss_section_table_end = .
                0x00000000000000d4                __section_table_end = .
 *(SORT_BY_ALIGNMENT(.after_vectors*))
 .after_vectors.reset
                0x00000000000000d4       0x4c ./startup/startup_mkl46z4.o
                0x00000000000000d4                ResetISR
 .after_vectors.init_data
                0x0000000000000120       0x12 ./startup/startup_mkl46z4.o
                0x0000000000000120                data_init
 .after_vectors.init_bss
                0x0000000000000132       0x10 ./startup/startup_mkl46z4.o
                0x0000000000000132                bss_init
 .after_vectors
                0x0000000000000142      0x10c ./startup/startup_mkl46z4.o
                0x0000000000000142                NMI_Handler
                0x0000000000000146                SVC_Handler
                0x0000000000000148                PendSV_Handler
                0x000000000000014c                PORTC_PORTD_DriverIRQHandler
                0x000000000000014c                DMA2_DriverIRQHandler
                0x000000000000014c                I2S0_DriverIRQHandler
                0x000000000000014c                CMP0_DriverIRQHandler
                0x000000000000014c                Reserved20_DriverIRQHandler
                0x000000000000014c                DMA0_DriverIRQHandler
                0x000000000000014c                LPTMR0_DriverIRQHandler
                0x000000000000014c                TPM1_DriverIRQHandler
                0x000000000000014c                PORTA_DriverIRQHandler
                0x000000000000014c                PIT_DriverIRQHandler
                0x000000000000014c                DMA3_DriverIRQHandler
                0x000000000000014c                TPM2_DriverIRQHandler
                0x000000000000014c                ADC0_DriverIRQHandler
                0x000000000000014c                TSI0_DriverIRQHandler
                0x000000000000014c                RTC_Seconds_DriverIRQHandler
                0x000000000000014c                DMA1_DriverIRQHandler
                0x000000000000014c                LLWU_DriverIRQHandler
                0x000000000000014c                MCG_DriverIRQHandler
                0x000000000000014c                LCD_DriverIRQHandler
                0x000000000000014c                RTC_DriverIRQHandler
                0x000000000000014c                FTFA_DriverIRQHandler
                0x000000000000014c                IntDefaultHandler
                0x000000000000014c                USB0_DriverIRQHandler
                0x000000000000014c                DAC0_DriverIRQHandler
                0x000000000000014c                LVD_LVW_DriverIRQHandler
                0x000000000000014c                TPM0_DriverIRQHandler
                0x000000000000014e                DMA0_IRQHandler
                0x0000000000000156                DMA1_IRQHandler
                0x000000000000015e                DMA2_IRQHandler
                0x0000000000000166                DMA3_IRQHandler
                0x000000000000016e                Reserved20_IRQHandler
                0x0000000000000176                FTFA_IRQHandler
                0x000000000000017e                LVD_LVW_IRQHandler
                0x0000000000000186                LLWU_IRQHandler
                0x000000000000018e                I2C0_IRQHandler
                0x0000000000000196                I2C1_IRQHandler
                0x000000000000019e                SPI0_IRQHandler
                0x00000000000001a6                SPI1_IRQHandler
                0x00000000000001ae                UART0_IRQHandler
                0x00000000000001b6                UART1_IRQHandler
                0x00000000000001be                UART2_IRQHandler
                0x00000000000001c6                ADC0_IRQHandler
                0x00000000000001ce                CMP0_IRQHandler
                0x00000000000001d6                TPM0_IRQHandler
                0x00000000000001de                TPM1_IRQHandler
                0x00000000000001e6                TPM2_IRQHandler
                0x00000000000001ee                RTC_IRQHandler
                0x00000000000001f6                RTC_Seconds_IRQHandler
                0x00000000000001fe                PIT_IRQHandler
                0x0000000000000206                I2S0_IRQHandler
                0x000000000000020e                USB0_IRQHandler
                0x0000000000000216                DAC0_IRQHandler
                0x000000000000021e                TSI0_IRQHandler
                0x0000000000000226                MCG_IRQHandler
                0x000000000000022e                LPTMR0_IRQHandler
                0x0000000000000236                LCD_IRQHandler
                0x000000000000023e                PORTA_IRQHandler
                0x0000000000000400                . = 0x400
 *fill*         0x000000000000024e      0x1b2 ff
                0x0000000000000400                PROVIDE (__FLASH_CONFIG_START__ = .)
 *(SORT_BY_ALIGNMENT(.FlashConfig))
 .FlashConfig   0x0000000000000400       0x10 ./startup/startup_mkl46z4.o
                0x0000000000000400                Flash_Config
                0x0000000000000410                PROVIDE (__FLASH_CONFIG_END__ = .)
                0x0000000000000001                ASSERT (! ((__FLASH_CONFIG_START__ == __FLASH_CONFIG_END__)), Linker Flash Config Support Enabled, but no .FlashConfig section provided within application)
 *(SORT_BY_ALIGNMENT(.text*))
 .text.DbgConsole_Init
                0x0000000000000410       0x40 ./utilities/fsl_debug_console.o
                0x0000000000000410                DbgConsole_Init
 .text.IO_Init  0x0000000000000450       0xc8 ./utilities/fsl_io.o
                0x0000000000000450                IO_Init
 .text.CLOCK_EnableClock
                0x0000000000000518       0x34 ./source/SD2_I2C.o
 .text.PORT_SetPinConfig
                0x000000000000054c       0x38 ./source/SD2_I2C.o
 .text.I2C_releaseBus
                0x0000000000000584      0x124 ./source/SD2_I2C.o
 .text.I2C_configPins
                0x00000000000006a8       0x80 ./source/SD2_I2C.o
 .text.SD2_I2C_init
                0x0000000000000728       0x44 ./source/SD2_I2C.o
                0x0000000000000728                SD2_I2C_init
 .text.CLOCK_EnableClock
                0x000000000000076c       0x34 ./source/SD2_board.o
 .text.CLOCK_SetSimSafeDivs
                0x00000000000007a0       0x20 ./source/SD2_board.o
 .text.CLOCK_SetLowPowerEnable
                0x00000000000007c0       0x44 ./source/SD2_board.o
 .text.PORT_SetPinConfig
                0x0000000000000804       0x38 ./source/SD2_board.o
 .text.board_init
                0x000000000000083c      0x214 ./source/SD2_board.o
                0x000000000000083c                board_init
 .text.board_setLed
                0x0000000000000a50       0xd8 ./source/SD2_board.o
                0x0000000000000a50                board_setLed
 .text.board_setOledPin
                0x0000000000000b28       0x50 ./source/SD2_board.o
                0x0000000000000b28                board_setOledPin
 .text.board_getSw
                0x0000000000000b78       0x50 ./source/SD2_board.o
                0x0000000000000b78                board_getSw
 .text.board_configSPI0
                0x0000000000000bc8       0x90 ./source/SD2_board.o
                0x0000000000000bc8                board_configSPI0
 .text.board_SPISend
                0x0000000000000c58       0x38 ./source/SD2_board.o
                0x0000000000000c58                board_SPISend
 .text.APP_SetClockVlpr
                0x0000000000000c90       0x4c ./source/SD2_board.o
                0x0000000000000c90                APP_SetClockVlpr
 .text.APP_SetClockRunFromVlpr
                0x0000000000000cdc       0x68 ./source/SD2_board.o
                0x0000000000000cdc                APP_SetClockRunFromVlpr
 .text.displayMaxG
                0x0000000000000d44       0x34 ./source/display.o
                0x0000000000000d44                displayMaxG
 .text.display_header
                0x0000000000000d78       0x28 ./source/display.o
                0x0000000000000d78                display_header
 .text.key_init
                0x0000000000000da0       0x40 ./source/key.o
                0x0000000000000da0                key_init
 .text.key_getPressEv
                0x0000000000000de0       0x44 ./source/key.o
                0x0000000000000de0                key_getPressEv
 .text.key_periodicTask1ms
                0x0000000000000e24       0x98 ./source/key.o
                0x0000000000000e24                key_periodicTask1ms
 .text.__NVIC_SetPriority
                0x0000000000000ebc       0xdc ./source/main.o
 .text.SysTick_Config
                0x0000000000000f98       0x48 ./source/main.o
 .text.main     0x0000000000000fe0       0x4c ./source/main.o
                0x0000000000000fe0                main
 .text.SysTick_Handler
                0x000000000000102c       0x24 ./source/main.o
                0x000000000000102c                SysTick_Handler
 .text.mef      0x0000000000001050      0x1c8 ./source/mef.o
                0x0000000000001050                mef
 .text.__NVIC_EnableIRQ
                0x0000000000001218       0x34 ./source/mma8451.o
 .text.__NVIC_SetPriority
                0x000000000000124c       0xdc ./source/mma8451.o
 .text.PORT_SetPinConfig
                0x0000000000001328       0x38 ./source/mma8451.o
 .text.PORT_SetPinInterruptConfig
                0x0000000000001360       0x40 ./source/mma8451.o
 .text.mma8451_read_reg
                0x00000000000013a0       0x68 ./source/mma8451.o
 .text.mma8451_read_multireg
                0x0000000000001408       0x68 ./source/mma8451.o
 .text.mma8451_write_reg
                0x0000000000001470       0x68 ./source/mma8451.o
 .text.config_port_int1
                0x00000000000014d8       0x74 ./source/mma8451.o
 .text.mma8451_getAcX
                0x000000000000154c       0x2c ./source/mma8451.o
                0x000000000000154c                mma8451_getAcX
 .text.mma8451_getAcY
                0x0000000000001578       0x2c ./source/mma8451.o
                0x0000000000001578                mma8451_getAcY
 .text.mma8451_getAcZ
                0x00000000000015a4       0x2c ./source/mma8451.o
                0x00000000000015a4                mma8451_getAcZ
 .text.PORTC_PORTD_IRQHandler
                0x00000000000015d0      0x138 ./source/mma8451.o
                0x00000000000015d0                PORTC_PORTD_IRQHandler
 .text.mma8451_getFFEv
                0x0000000000001708       0x30 ./source/mma8451.o
                0x0000000000001708                mma8451_getFFEv
 .text.oled_init
                0x0000000000001738       0x50 ./source/oled.o
                0x0000000000001738                oled_init
 .text.oled_putPixel
                0x0000000000001788      0x1bc ./source/oled.o
                0x0000000000001788                oled_putPixel
 .text.oled_clearScreen
                0x0000000000001944       0x84 ./source/oled.o
                0x0000000000001944                oled_clearScreen
 .text.oled_putChar
                0x00000000000019c8      0x148 ./source/oled.o
                0x00000000000019c8                oled_putChar
 .text.HardFault_Handler
                0x0000000000001b10       0x30 ./source/semihost_hardfault.o
                0x0000000000001b10                HardFault_Handler
 .text.CLOCK_SetEr32kClock
                0x0000000000001b40       0x34 ./drivers/fsl_clock.o
 .text.CLOCK_SetPllFllSelClock
                0x0000000000001b74       0x38 ./drivers/fsl_clock.o
 .text.CLOCK_GetMcgExtClkFreq
                0x0000000000001bac       0x28 ./drivers/fsl_clock.o
 .text.CLOCK_GetFllExtRefClkFreq
                0x0000000000001bd4       0xa8 ./drivers/fsl_clock.o
 .text.CLOCK_GetInternalRefClkSelectFreq
                0x0000000000001c7c       0x40 ./drivers/fsl_clock.o
 .text.CLOCK_GetFllRefClkFreq
                0x0000000000001cbc       0x2c ./drivers/fsl_clock.o
 .text.CLOCK_GetOscRangeFromFreq
                0x0000000000001ce8       0x4c ./drivers/fsl_clock.o
 .text.CLOCK_GetOsc0ErClkFreq
                0x0000000000001d34       0x3c ./drivers/fsl_clock.o
                0x0000000000001d34                CLOCK_GetOsc0ErClkFreq
 .text.CLOCK_GetEr32kClkFreq
                0x0000000000001d70       0x78 ./drivers/fsl_clock.o
                0x0000000000001d70                CLOCK_GetEr32kClkFreq
 .text.CLOCK_GetPllFllSelClkFreq
                0x0000000000001de8       0x4c ./drivers/fsl_clock.o
                0x0000000000001de8                CLOCK_GetPllFllSelClkFreq
 .text.CLOCK_GetFreq
                0x0000000000001e34       0xe0 ./drivers/fsl_clock.o
                0x0000000000001e34                CLOCK_GetFreq
 .text.CLOCK_SetSimConfig
                0x0000000000001f14       0x38 ./drivers/fsl_clock.o
                0x0000000000001f14                CLOCK_SetSimConfig
 .text.CLOCK_GetOutClkFreq
                0x0000000000001f4c       0x78 ./drivers/fsl_clock.o
                0x0000000000001f4c                CLOCK_GetOutClkFreq
 .text.CLOCK_GetFllFreq
                0x0000000000001fc4       0x84 ./drivers/fsl_clock.o
                0x0000000000001fc4                CLOCK_GetFllFreq
 .text.CLOCK_GetInternalRefClkFreq
                0x0000000000002048       0x28 ./drivers/fsl_clock.o
                0x0000000000002048                CLOCK_GetInternalRefClkFreq
 .text.CLOCK_GetPll0Freq
                0x0000000000002070       0x70 ./drivers/fsl_clock.o
                0x0000000000002070                CLOCK_GetPll0Freq
 .text.CLOCK_SetInternalRefClkConfig
                0x00000000000020e0      0x124 ./drivers/fsl_clock.o
                0x00000000000020e0                CLOCK_SetInternalRefClkConfig
 .text.CLOCK_EnablePll0
                0x0000000000002204       0x94 ./drivers/fsl_clock.o
                0x0000000000002204                CLOCK_EnablePll0
 .text.CLOCK_InitOsc0
                0x0000000000002298       0x94 ./drivers/fsl_clock.o
                0x0000000000002298                CLOCK_InitOsc0
 .text.CLOCK_SetFbiMode
                0x000000000000232c       0xf0 ./drivers/fsl_clock.o
                0x000000000000232c                CLOCK_SetFbiMode
 .text.CLOCK_SetFbeMode
                0x000000000000241c      0x14c ./drivers/fsl_clock.o
                0x000000000000241c                CLOCK_SetFbeMode
 .text.CLOCK_SetPbeMode
                0x0000000000002568       0xb0 ./drivers/fsl_clock.o
                0x0000000000002568                CLOCK_SetPbeMode
 .text.CLOCK_SetPeeMode
                0x0000000000002618       0x34 ./drivers/fsl_clock.o
                0x0000000000002618                CLOCK_SetPeeMode
 .text.CLOCK_BootToPeeMode
                0x000000000000264c       0x70 ./drivers/fsl_clock.o
                0x000000000000264c                CLOCK_BootToPeeMode
 .text.GPIO_PinInit
                0x00000000000026bc       0x64 ./drivers/fsl_gpio.o
                0x00000000000026bc                GPIO_PinInit
 .text.CLOCK_EnableClock
                0x0000000000002720       0x34 ./drivers/fsl_i2c.o
 .text.I2C_GetInstance
                0x0000000000002754       0x4c ./drivers/fsl_i2c.o
                0x0000000000002754                I2C_GetInstance
 .text.I2C_CheckAndClearError
                0x00000000000027a0       0x40 ./drivers/fsl_i2c.o
 .text.I2C_TransferCommonIRQHandler
                0x00000000000027e0       0x58 ./drivers/fsl_i2c.o
 .text.I2C_MasterInit
                0x0000000000002838       0xfc ./drivers/fsl_i2c.o
                0x0000000000002838                I2C_MasterInit
 .text.I2C_MasterGetDefaultConfig
                0x0000000000002934       0x40 ./drivers/fsl_i2c.o
                0x0000000000002934                I2C_MasterGetDefaultConfig
 .text.I2C_MasterSetBaudRate
                0x0000000000002974       0xf0 ./drivers/fsl_i2c.o
                0x0000000000002974                I2C_MasterSetBaudRate
 .text.I2C_MasterStart
                0x0000000000002a64       0x74 ./drivers/fsl_i2c.o
                0x0000000000002a64                I2C_MasterStart
 .text.I2C_MasterRepeatedStart
                0x0000000000002ad8       0xbc ./drivers/fsl_i2c.o
                0x0000000000002ad8                I2C_MasterRepeatedStart
 .text.I2C_MasterWriteBlocking
                0x0000000000002b94       0xec ./drivers/fsl_i2c.o
                0x0000000000002b94                I2C_MasterWriteBlocking
 .text.I2C_MasterTransferBlocking
                0x0000000000002c80      0x24c ./drivers/fsl_i2c.o
                0x0000000000002c80                I2C_MasterTransferBlocking
 .text.I2C0_DriverIRQHandler
                0x0000000000002ecc       0x20 ./drivers/fsl_i2c.o
                0x0000000000002ecc                I2C0_DriverIRQHandler
 .text.I2C1_DriverIRQHandler
                0x0000000000002eec       0x20 ./drivers/fsl_i2c.o
                0x0000000000002eec                I2C1_DriverIRQHandler
 .text.CLOCK_EnableClock
                0x0000000000002f0c       0x34 ./drivers/fsl_lpsci.o
 .text.LPSCI_GetInstance
                0x0000000000002f40       0x48 ./drivers/fsl_lpsci.o
                0x0000000000002f40                LPSCI_GetInstance
 .text.LPSCI_Init
                0x0000000000002f88      0x270 ./drivers/fsl_lpsci.o
                0x0000000000002f88                LPSCI_Init
 .text.LPSCI_GetDefaultConfig
                0x00000000000031f8       0x48 ./drivers/fsl_lpsci.o
                0x00000000000031f8                LPSCI_GetDefaultConfig
 .text.UART0_DriverIRQHandler
                0x0000000000003240       0x24 ./drivers/fsl_lpsci.o
                0x0000000000003240                UART0_DriverIRQHandler
 .text.CLOCK_EnableClock
                0x0000000000003264       0x34 ./drivers/fsl_spi.o
 .text.SPI_GetInstance
                0x0000000000003298       0x4c ./drivers/fsl_spi.o
                0x0000000000003298                SPI_GetInstance
 .text.SPI_SetDummyData
                0x00000000000032e4       0x34 ./drivers/fsl_spi.o
                0x00000000000032e4                SPI_SetDummyData
 .text.SPI_WriteNonBlocking
                0x0000000000003318       0xc4 ./drivers/fsl_spi.o
 .text.SPI_MasterGetDefaultConfig
                0x00000000000033dc       0x58 ./drivers/fsl_spi.o
                0x00000000000033dc                SPI_MasterGetDefaultConfig
 .text.SPI_MasterInit
                0x0000000000003434      0x164 ./drivers/fsl_spi.o
                0x0000000000003434                SPI_MasterInit
 .text.SPI_MasterTransferBlocking
                0x0000000000003598      0x100 ./drivers/fsl_spi.o
                0x0000000000003598                SPI_MasterTransferBlocking
 .text.SPI_CommonIRQHandler
                0x0000000000003698       0x54 ./drivers/fsl_spi.o
 .text.SPI0_DriverIRQHandler
                0x00000000000036ec       0x30 ./drivers/fsl_spi.o
                0x00000000000036ec                SPI0_DriverIRQHandler
 .text.SPI1_DriverIRQHandler
                0x000000000000371c       0x30 ./drivers/fsl_spi.o
                0x000000000000371c                SPI1_DriverIRQHandler
 .text.CLOCK_EnableClock
                0x000000000000374c       0x34 ./drivers/fsl_uart.o
 .text.UART_GetInstance
                0x0000000000003780       0x54 ./drivers/fsl_uart.o
                0x0000000000003780                UART_GetInstance
 .text.UART_Init
                0x00000000000037d4      0x1f8 ./drivers/fsl_uart.o
                0x00000000000037d4                UART_Init
 .text.UART_GetDefaultConfig
                0x00000000000039cc       0x48 ./drivers/fsl_uart.o
                0x00000000000039cc                UART_GetDefaultConfig
 .text.UART1_DriverIRQHandler
                0x0000000000003a14       0x24 ./drivers/fsl_uart.o
                0x0000000000003a14                UART1_DriverIRQHandler
 .text.UART2_DriverIRQHandler
                0x0000000000003a38       0x24 ./drivers/fsl_uart.o
                0x0000000000003a38                UART2_DriverIRQHandler
 .text.CLOCK_SetLpsci0Clock
                0x0000000000003a5c       0x38 ./board/board.o
 .text.BOARD_InitDebugConsole
                0x0000000000003a94       0x30 ./board/board.o
                0x0000000000003a94                BOARD_InitDebugConsole
 .text.CLOCK_SetSimSafeDivs
                0x0000000000003ac4       0x20 ./board/clock_config.o
 .text.CLOCK_SetXtal0Freq
                0x0000000000003ae4       0x1c ./board/clock_config.o
 .text.CLOCK_CONFIG_SetFllExtRefDiv
                0x0000000000003b00       0x3c ./board/clock_config.o
 .text.BOARD_BootClockRUN
                0x0000000000003b3c       0x64 ./board/clock_config.o
                0x0000000000003b3c                BOARD_BootClockRUN
 .text.SystemInit
                0x0000000000003ba0       0x1c ./CMSIS/system_MKL46Z4.o
                0x0000000000003ba0                SystemInit
 .text.__assertion_failed
                0x0000000000003bbc       0x4c /Applications/MCUXpressoIDE_11.7.0_9198/ide/plugins/com.nxp.mcuxpresso.tools.macosx_11.7.0.202209140929/tools/bin/../lib/gcc/arm-none-eabi/10.3.1/../../../../arm-none-eabi/lib/thumb/v6-m/nofp/libcr_semihost_nf.a(_cr_assert.o)
                0x0000000000003bbc                __assertion_failed
 .text.__sys_appexit
                0x0000000000003c08        0xc /Applications/MCUXpressoIDE_11.7.0_9198/ide/plugins/com.nxp.mcuxpresso.tools.macosx_11.7.0.202209140929/tools/bin/../lib/gcc/arm-none-eabi/10.3.1/../../../../arm-none-eabi/lib/thumb/v6-m/nofp/libcr_semihost_nf.a(__sys_appexit.o)
                0x0000000000003c08                __exit
                0x0000000000003c08                __sys_appexit
 .text._deferredlazyseek
                0x0000000000003c14       0x40 /Applications/MCUXpressoIDE_11.7.0_9198/ide/plugins/com.nxp.mcuxpresso.tools.macosx_11.7.0.202209140929/tools/bin/../lib/gcc/arm-none-eabi/10.3.1/../../../../arm-none-eabi/lib/thumb/v6-m/nofp/libcr_c.a(_deferredlazyseek.o)
                0x0000000000003c14                _deferredlazyseek
 .text.__flsbuf
                0x0000000000003c54      0x150 /Applications/MCUXpressoIDE_11.7.0_9198/ide/plugins/com.nxp.mcuxpresso.tools.macosx_11.7.0.202209140929/tools/bin/../lib/gcc/arm-none-eabi/10.3.1/../../../../arm-none-eabi/lib/thumb/v6-m/nofp/libcr_c.a(_deferredlazyseek.o)
                0x0000000000003c54                __flsbuf
 .text._fflush  0x0000000000003da4       0x60 /Applications/MCUXpressoIDE_11.7.0_9198/ide/plugins/com.nxp.mcuxpresso.tools.macosx_11.7.0.202209140929/tools/bin/../lib/gcc/arm-none-eabi/10.3.1/../../../../arm-none-eabi/lib/thumb/v6-m/nofp/libcr_c.a(_fflush.o)
                0x0000000000003da4                _fflush
 .text._Cwritebuf
                0x0000000000003e04       0x68 /Applications/MCUXpressoIDE_11.7.0_9198/ide/plugins/com.nxp.mcuxpresso.tools.macosx_11.7.0.202209140929/tools/bin/../lib/gcc/arm-none-eabi/10.3.1/../../../../arm-none-eabi/lib/thumb/v6-m/nofp/libcr_c.a(_writebuf.o)
                0x0000000000003e04                _Cwritebuf
 .text.malloc   0x0000000000003e6c       0xcc /Applications/MCUXpressoIDE_11.7.0_9198/ide/plugins/com.nxp.mcuxpresso.tools.macosx_11.7.0.202209140929/tools/bin/../lib/gcc/arm-none-eabi/10.3.1/../../../../arm-none-eabi/lib/thumb/v6-m/nofp/libcr_c.a(alloc.o)
                0x0000000000003e6c                malloc
 .text._Csys_alloc
                0x0000000000003f38       0x20 /Applications/MCUXpressoIDE_11.7.0_9198/ide/plugins/com.nxp.mcuxpresso.tools.macosx_11.7.0.202209140929/tools/bin/../lib/gcc/arm-none-eabi/10.3.1/../../../../arm-none-eabi/lib/thumb/v6-m/nofp/libcr_c.a(alloc.o)
                0x0000000000003f38                _Csys_alloc
 .text.fseek    0x0000000000003f58       0xf0 /Applications/MCUXpressoIDE_11.7.0_9198/ide/plugins/com.nxp.mcuxpresso.tools.macosx_11.7.0.202209140929/tools/bin/../lib/gcc/arm-none-eabi/10.3.1/../../../../arm-none-eabi/lib/thumb/v6-m/nofp/libcr_c.a(fseek.o)
                0x0000000000003f58                fseek
 .text.ftell    0x0000000000004048       0x48 /Applications/MCUXpressoIDE_11.7.0_9198/ide/plugins/com.nxp.mcuxpresso.tools.macosx_11.7.0.202209140929/tools/bin/../lib/gcc/arm-none-eabi/10.3.1/../../../../arm-none-eabi/lib/thumb/v6-m/nofp/libcr_c.a(ftell.o)
                0x0000000000004048                ftell
 .text._initio  0x0000000000004090       0x7c /Applications/MCUXpressoIDE_11.7.0_9198/ide/plugins/com.nxp.mcuxpresso.tools.macosx_11.7.0.202209140929/tools/bin/../lib/gcc/arm-none-eabi/10.3.1/../../../../arm-none-eabi/lib/thumb/v6-m/nofp/libcr_c.a(initio.o)
                0x0000000000004090                _initio
 .text.__vfprintf
                0x000000000000410c      0xd40 /Applications/MCUXpressoIDE_11.7.0_9198/ide/plugins/com.nxp.mcuxpresso.tools.macosx_11.7.0.202209140929/tools/bin/../lib/gcc/arm-none-eabi/10.3.1/../../../../arm-none-eabi/lib/thumb/v6-m/nofp/libcr_c.a(printf.o)
                0x000000000000410c                __vfprintf
 .text._sprintf
                0x0000000000004e4c       0x6c /Applications/MCUXpressoIDE_11.7.0_9198/ide/plugins/com.nxp.mcuxpresso.tools.macosx_11.7.0.202209140929/tools/bin/../lib/gcc/arm-none-eabi/10.3.1/../../../../arm-none-eabi/lib/thumb/v6-m/nofp/libcr_c.a(printf.o)
                0x0000000000004e4c                _sprintf
 .text.setvbuf  0x0000000000004eb8       0x4c /Applications/MCUXpressoIDE_11.7.0_9198/ide/plugins/com.nxp.mcuxpresso.tools.macosx_11.7.0.202209140929/tools/bin/../lib/gcc/arm-none-eabi/10.3.1/../../../../arm-none-eabi/lib/thumb/v6-m/nofp/libcr_c.a(setvbuf.o)
                0x0000000000004eb8                setvbuf
 .text.strlen   0x0000000000004f04       0x58 /Applications/MCUXpressoIDE_11.7.0_9198/ide/plugins/com.nxp.mcuxpresso.tools.macosx_11.7.0.202209140929/tools/bin/../lib/gcc/arm-none-eabi/10.3.1/../../../../arm-none-eabi/lib/thumb/v6-m/nofp/libcr_c.a(strlen.o)
                0x0000000000004f04                strlen
 .text._sbrk    0x0000000000004f5c       0x44 /Applications/MCUXpressoIDE_11.7.0_9198/ide/plugins/com.nxp.mcuxpresso.tools.macosx_11.7.0.202209140929/tools/bin/../lib/gcc/arm-none-eabi/10.3.1/../../../../arm-none-eabi/lib/thumb/v6-m/nofp/libcr_c.a(_cr_sbrk.o)
                0x0000000000004f5c                _sbrk
 .text._fdopen  0x0000000000004fa0       0x74 /Applications/MCUXpressoIDE_11.7.0_9198/ide/plugins/com.nxp.mcuxpresso.tools.macosx_11.7.0.202209140929/tools/bin/../lib/gcc/arm-none-eabi/10.3.1/../../../../arm-none-eabi/lib/thumb/v6-m/nofp/libcr_c.a(_fdopen.o)
                0x0000000000004fa0                _fdopen
 .text.fclose   0x0000000000005014       0x5c /Applications/MCUXpressoIDE_11.7.0_9198/ide/plugins/com.nxp.mcuxpresso.tools.macosx_11.7.0.202209140929/tools/bin/../lib/gcc/arm-none-eabi/10.3.1/../../../../arm-none-eabi/lib/thumb/v6-m/nofp/libcr_c.a(fclose.o)
                0x0000000000005014                fclose
 .text.fflush   0x0000000000005070       0x44 /Applications/MCUXpressoIDE_11.7.0_9198/ide/plugins/com.nxp.mcuxpresso.tools.macosx_11.7.0.202209140929/tools/bin/../lib/gcc/arm-none-eabi/10.3.1/../../../../arm-none-eabi/lib/thumb/v6-m/nofp/libcr_c.a(fflush.o)
                0x0000000000005070                fflush
 .text.__check_heap_overflow
                0x00000000000050b4       0x18 /Applications/MCUXpressoIDE_11.7.0_9198/ide/plugins/com.nxp.mcuxpresso.tools.macosx_11.7.0.202209140929/tools/bin/../lib/gcc/arm-none-eabi/10.3.1/../../../../arm-none-eabi/lib/thumb/v6-m/nofp/libcr_c.a(_cr_check_heap.o)
                0x00000000000050b4                __check_heap_overflow
 .text._do_fflush
                0x00000000000050cc       0x48 /Applications/MCUXpressoIDE_11.7.0_9198/ide/plugins/com.nxp.mcuxpresso.tools.macosx_11.7.0.202209140929/tools/bin/../lib/gcc/arm-none-eabi/10.3.1/../../../../arm-none-eabi/lib/thumb/v6-m/nofp/libcr_c.a(_do_fflush.o)
                0x00000000000050cc                _do_fflush
 .text.UART_EnableTx
                0x0000000000005114       0x40 ./utilities/fsl_io.o
 .text.UART_EnableRx
                0x0000000000005154       0x40 ./utilities/fsl_io.o
 .text.LPSCI_EnableTx
                0x0000000000005194       0x40 ./utilities/fsl_io.o
 .text.LPSCI_EnableRx
                0x00000000000051d4       0x40 ./utilities/fsl_io.o
 .text.LOG_Init
                0x0000000000005214       0x3a ./utilities/fsl_log.o
                0x0000000000005214                LOG_Init
 .text.GPIO_PinWrite
                0x000000000000524e       0x34 ./source/SD2_I2C.o
 .text.i2c_release_bus_delay
                0x0000000000005282       0x28 ./source/SD2_I2C.o
 .text.GPIO_PinWrite
                0x00000000000052aa       0x34 ./source/SD2_board.o
 .text.GPIO_PortSet
                0x00000000000052de       0x18 ./source/SD2_board.o
 .text.GPIO_PortClear
                0x00000000000052f6       0x18 ./source/SD2_board.o
 .text.GPIO_PortToggle
                0x000000000000530e       0x18 ./source/SD2_board.o
 .text.GPIO_PinRead
                0x0000000000005326       0x20 ./source/SD2_board.o
 .text.GPIO_ReadPinInput
                0x0000000000005346       0x20 ./source/SD2_board.o
 .text.display_init
                0x0000000000005366       0x1a ./source/display.o
                0x0000000000005366                display_init
 .text.SMC_SetPowerModeProtection
                0x0000000000005380       0x1e ./source/main.o
 .text.maxInt   0x000000000000539e       0x44 ./source/mef.o
                0x000000000000539e                maxInt
 .text.PORT_ClearPinsInterruptFlags
                0x00000000000053e2       0x1a ./source/mma8451.o
 .text.mma8451_init
                0x00000000000053fc      0x144 ./source/mma8451.o
                0x00000000000053fc                mma8451_init
 .text.mma8451_setFF_int
                0x0000000000005540      0x172 ./source/mma8451.o
                0x0000000000005540                mma8451_setFF_int
 .text.mma8451_setDR_int
                0x00000000000056b2      0x140 ./source/mma8451.o
                0x00000000000056b2                mma8451_setDR_int
 .text.writeCommand
                0x00000000000057f2       0x26 ./source/oled.o
 .text.writeData
                0x0000000000005818       0x26 ./source/oled.o
 .text.writeDataLen
                0x000000000000583e       0x5e ./source/oled.o
 .text.runInitSequence
                0x000000000000589c       0xa6 ./source/oled.o
 .text.oled_setContrast
                0x0000000000005942       0x24 ./source/oled.o
                0x0000000000005942                oled_setContrast
 .text.oled_putString
                0x0000000000005966       0x68 ./source/oled.o
                0x0000000000005966                oled_putString
 .text.OSC_SetExtRefClkConfig
                0x00000000000059ce       0x3e ./drivers/fsl_clock.o
 .text.OSC_SetCapLoad
                0x0000000000005a0c       0x42 ./drivers/fsl_clock.o
 .text.CLOCK_GetPll0RefFreq
                0x0000000000005a4e       0x10 ./drivers/fsl_clock.o
 .text.CLOCK_GetFixedFreqClkFreq
                0x0000000000005a5e       0x30 ./drivers/fsl_clock.o
                0x0000000000005a5e                CLOCK_GetFixedFreqClkFreq
 .text.CLOCK_SetExternalRefClkConfig
                0x0000000000005a8e       0x16 ./drivers/fsl_clock.o
                0x0000000000005a8e                CLOCK_SetExternalRefClkConfig
 .text.GPIO_PinWrite
                0x0000000000005aa4       0x34 ./drivers/fsl_gpio.o
 .text.GPIO_WritePinOutput
                0x0000000000005ad8       0x24 ./drivers/fsl_gpio.o
 .text.I2C_MasterClearStatusFlags
                0x0000000000005afc       0x56 ./drivers/fsl_i2c.o
 .text.I2C_MasterStop
                0x0000000000005b52       0x36 ./drivers/fsl_i2c.o
                0x0000000000005b52                I2C_MasterStop
 .text.I2C_MasterGetStatusFlags
                0x0000000000005b88       0x4a ./drivers/fsl_i2c.o
                0x0000000000005b88                I2C_MasterGetStatusFlags
 .text.I2C_MasterReadBlocking
                0x0000000000005bd2       0xea ./drivers/fsl_i2c.o
                0x0000000000005bd2                I2C_MasterReadBlocking
 .text.SMC_SetPowerModeRun
                0x0000000000005cbc       0x38 ./drivers/fsl_smc.o
                0x0000000000005cbc                SMC_SetPowerModeRun
 .text.SMC_SetPowerModeVlpr
                0x0000000000005cf4       0x3c ./drivers/fsl_smc.o
                0x0000000000005cf4                SMC_SetPowerModeVlpr
 .text.SPI_ReadNonBlocking
                0x0000000000005d30       0x98 ./drivers/fsl_spi.o
 .text.SPI_MasterSetBaudRate
                0x0000000000005dc8       0xb8 ./drivers/fsl_spi.o
                0x0000000000005dc8                SPI_MasterSetBaudRate
 .text.SPI_WriteData
                0x0000000000005e80       0x2e ./drivers/fsl_spi.o
                0x0000000000005e80                SPI_WriteData
 .text.SPI_ReadData
                0x0000000000005eae       0x3c ./drivers/fsl_spi.o
                0x0000000000005eae                SPI_ReadData
 .text.BOARD_InitBootClocks
                0x0000000000005eea        0xe ./board/clock_config.o
                0x0000000000005eea                BOARD_InitBootClocks
 .text.SystemInitHook
                0x0000000000005ef8        0xa ./CMSIS/system_MKL46Z4.o
                0x0000000000005ef8                SystemInitHook
 .text.__main   0x0000000000005f02        0xc /Applications/MCUXpressoIDE_11.7.0_9198/ide/plugins/com.nxp.mcuxpresso.tools.macosx_11.7.0.202209140929/tools/bin/../lib/gcc/arm-none-eabi/10.3.1/../../../../arm-none-eabi/lib/thumb/v6-m/nofp/libcr_semihost_nf.a(_cr__main.o)
                0x0000000000005f02                __main
                0x0000000000005f02                __CR_SEMIHOST
 .text.memset   0x0000000000005f0e        0x8 /Applications/MCUXpressoIDE_11.7.0_9198/ide/plugins/com.nxp.mcuxpresso.tools.macosx_11.7.0.202209140929/tools/bin/../lib/gcc/arm-none-eabi/10.3.1/../../../../arm-none-eabi/lib/thumb/v6-m/nofp/libcr_c.a(memset.o)
                0x0000000000005f0e                memset
 .text.free     0x0000000000005f16       0x2c /Applications/MCUXpressoIDE_11.7.0_9198/ide/plugins/com.nxp.mcuxpresso.tools.macosx_11.7.0.202209140929/tools/bin/../lib/gcc/arm-none-eabi/10.3.1/../../../../arm-none-eabi/lib/thumb/v6-m/nofp/libcr_c.a(alloc.o)
                0x0000000000005f16                free
 .text.fputs    0x0000000000005f42       0x2e /Applications/MCUXpressoIDE_11.7.0_9198/ide/plugins/com.nxp.mcuxpresso.tools.macosx_11.7.0.202209140929/tools/bin/../lib/gcc/arm-none-eabi/10.3.1/../../../../arm-none-eabi/lib/thumb/v6-m/nofp/libcr_c.a(fputs.o)
                0x0000000000005f42                fputs
 .text.no_fp_display
                0x0000000000005f70        0x4 /Applications/MCUXpressoIDE_11.7.0_9198/ide/plugins/com.nxp.mcuxpresso.tools.macosx_11.7.0.202209140929/tools/bin/../lib/gcc/arm-none-eabi/10.3.1/../../../../arm-none-eabi/lib/thumb/v6-m/nofp/libcr_c.a(printf.o)
 .text.remove   0x0000000000005f74       0x12 /Applications/MCUXpressoIDE_11.7.0_9198/ide/plugins/com.nxp.mcuxpresso.tools.macosx_11.7.0.202209140929/tools/bin/../lib/gcc/arm-none-eabi/10.3.1/../../../../arm-none-eabi/lib/thumb/v6-m/nofp/libcr_c.a(remove.o)
                0x0000000000005f74                remove
 .text.__aeabi_division_idivmod
                0x0000000000005f86       0x78 /Applications/MCUXpressoIDE_11.7.0_9198/ide/plugins/com.nxp.mcuxpresso.tools.macosx_11.7.0.202209140929/tools/bin/../lib/gcc/arm-none-eabi/10.3.1/thumb/v6-m/nofp/libcr_eabihelpers.a(division_32.o)
                0x0000000000005f86                __aeabi_idiv
                0x0000000000005f86                __aeabi_idivmod
                0x0000000000005f8c                __aeabi_uidiv
                0x0000000000005f8c                __aeabi_uidivmod
 .text.__aeabi_division_idiv0
                0x0000000000005ffe        0x2 /Applications/MCUXpressoIDE_11.7.0_9198/ide/plugins/com.nxp.mcuxpresso.tools.macosx_11.7.0.202209140929/tools/bin/../lib/gcc/arm-none-eabi/10.3.1/thumb/v6-m/nofp/libcr_eabihelpers.a(division_idiv0.o)
                0x0000000000005ffe                __aeabi_idiv0
 .text.__aeabi_llong_lmul
                0x0000000000006000       0x2e /Applications/MCUXpressoIDE_11.7.0_9198/ide/plugins/com.nxp.mcuxpresso.tools.macosx_11.7.0.202209140929/tools/bin/../lib/gcc/arm-none-eabi/10.3.1/thumb/v6-m/nofp/libcr_eabihelpers.a(llong.o)
                0x0000000000006000                __aeabi_lmul
 .text.__aeabi_memset_lowlevel
                0x000000000000602e       0x2a /Applications/MCUXpressoIDE_11.7.0_9198/ide/plugins/com.nxp.mcuxpresso.tools.macosx_11.7.0.202209140929/tools/bin/../lib/gcc/arm-none-eabi/10.3.1/thumb/v6-m/nofp/libcr_eabihelpers.a(memcpy.o)
                0x000000000000602e                __aeabi_lowlevel_memset
 .text.__gnu_thumb1_case_shi
                0x0000000000006058       0x10 /Applications/MCUXpressoIDE_11.7.0_9198/ide/plugins/com.nxp.mcuxpresso.tools.macosx_11.7.0.202209140929/tools/bin/../lib/gcc/arm-none-eabi/10.3.1/thumb/v6-m/nofp/libcr_eabihelpers.a(thumb1_switch_helpers.o)
                0x0000000000006058                __gnu_thumb1_case_shi
 .text.__sys_close
                0x0000000000006068        0xc /Applications/MCUXpressoIDE_11.7.0_9198/ide/plugins/com.nxp.mcuxpresso.tools.macosx_11.7.0.202209140929/tools/bin/../lib/gcc/arm-none-eabi/10.3.1/../../../../arm-none-eabi/lib/thumb/v6-m/nofp/libcr_semihost_nf.a(__sys_close.o)
                0x0000000000006068                __sys_close
 .text.__sys_flen
                0x0000000000006074        0xc /Applications/MCUXpressoIDE_11.7.0_9198/ide/plugins/com.nxp.mcuxpresso.tools.macosx_11.7.0.202209140929/tools/bin/../lib/gcc/arm-none-eabi/10.3.1/../../../../arm-none-eabi/lib/thumb/v6-m/nofp/libcr_semihost_nf.a(__sys_flen.o)
                0x0000000000006074                __sys_flen
 .text.__sys_istty
                0x0000000000006080        0xc /Applications/MCUXpressoIDE_11.7.0_9198/ide/plugins/com.nxp.mcuxpresso.tools.macosx_11.7.0.202209140929/tools/bin/../lib/gcc/arm-none-eabi/10.3.1/../../../../arm-none-eabi/lib/thumb/v6-m/nofp/libcr_semihost_nf.a(__sys_istty.o)
                0x0000000000006080                __sys_istty
 .text.__sys_remove
                0x000000000000608c        0xc /Applications/MCUXpressoIDE_11.7.0_9198/ide/plugins/com.nxp.mcuxpresso.tools.macosx_11.7.0.202209140929/tools/bin/../lib/gcc/arm-none-eabi/10.3.1/../../../../arm-none-eabi/lib/thumb/v6-m/nofp/libcr_semihost_nf.a(__sys_remove.o)
                0x000000000000608c                __sys_remove
 .text.__sys_seek
                0x0000000000006098        0xc /Applications/MCUXpressoIDE_11.7.0_9198/ide/plugins/com.nxp.mcuxpresso.tools.macosx_11.7.0.202209140929/tools/bin/../lib/gcc/arm-none-eabi/10.3.1/../../../../arm-none-eabi/lib/thumb/v6-m/nofp/libcr_semihost_nf.a(__sys_seek.o)
                0x0000000000006098                __sys_seek
 .text.__sys_tmpnam
                0x00000000000060a4        0xc /Applications/MCUXpressoIDE_11.7.0_9198/ide/plugins/com.nxp.mcuxpresso.tools.macosx_11.7.0.202209140929/tools/bin/../lib/gcc/arm-none-eabi/10.3.1/../../../../arm-none-eabi/lib/thumb/v6-m/nofp/libcr_semihost_nf.a(__sys_tmpnam.o)
                0x00000000000060a4                __sys_tmpnam
 .text.__sys_write
                0x00000000000060b0        0xc /Applications/MCUXpressoIDE_11.7.0_9198/ide/plugins/com.nxp.mcuxpresso.tools.macosx_11.7.0.202209140929/tools/bin/../lib/gcc/arm-none-eabi/10.3.1/../../../../arm-none-eabi/lib/thumb/v6-m/nofp/libcr_semihost_nf.a(__sys_write.o)
                0x00000000000060b0                __sys_write
 *(SORT_BY_ALIGNMENT(.rodata) SORT_BY_ALIGNMENT(.rodata.*) SORT_BY_ALIGNMENT(.constdata) SORT_BY_ALIGNMENT(.constdata.*))
 .rodata.DbgConsole_Init.str1.4
                0x00000000000060bc       0x43 ./utilities/fsl_debug_console.o
 *fill*         0x00000000000060ff        0x1 ff
 .rodata.IO_Init.str1.4
                0x0000000000006100       0x1a ./utilities/fsl_io.o
 *fill*         0x000000000000611a        0x2 ff
 .rodata.PORT_SetPinConfig.str1.4
                0x000000000000611c       0x23 ./source/SD2_I2C.o
 .rodata.PORT_SetPinConfig.str1.4
                0x000000000000613f       0x23 ./source/SD2_board.o
 *fill*         0x000000000000613f        0x1 ff
 .rodata.board_gpioLeds
                0x0000000000006140       0x18 ./source/SD2_board.o
 .rodata.board_gpioSw
                0x0000000000006158       0x18 ./source/SD2_board.o
 .rodata.board_gpioOled
                0x0000000000006170       0x18 ./source/SD2_board.o
 .rodata        0x0000000000006188       0x14 ./source/SD2_board.o
 .rodata.displayMaxG.str1.4
                0x000000000000619c        0x9 ./source/display.o
 *fill*         0x00000000000061a5        0x3 ff
 .rodata.display_test.str1.4
                0x00000000000061a8       0x2a ./source/display.o
 *fill*         0x00000000000061d2        0x2 ff
 .rodata.font5x7
                0x00000000000061d4      0x300 ./source/font5x7.o
                0x00000000000061d4                font5x7
 .rodata.PORT_SetPinConfig.str1.4
                0x00000000000064d4       0x23 ./source/mma8451.o
 .rodata.font_mask
                0x00000000000064d4        0x8 ./source/oled.o
 .rodata.CLOCK_GetMcgExtClkFreq.str1.4
                0x00000000000064dc       0x1e ./drivers/fsl_clock.o
 *fill*         0x00000000000064fa        0x2 ff
 .rodata.CLOCK_GetOsc0ErClkFreq.str1.4
                0x00000000000064fc       0x1e ./drivers/fsl_clock.o
 *fill*         0x000000000000651a        0x2 ff
 .rodata.CLOCK_GetEr32kClkFreq.str1.4
                0x000000000000651c       0x1f ./drivers/fsl_clock.o
 *fill*         0x000000000000653b        0x1 ff
 .rodata.CLOCK_GetFreq
                0x000000000000653c       0x34 ./drivers/fsl_clock.o
 .rodata.CLOCK_GetPll0Freq.str1.4
                0x0000000000006570       0x1d ./drivers/fsl_clock.o
 *fill*         0x000000000000658d        0x3 ff
 .rodata.CLOCK_EnablePll0.str1.4
                0x0000000000006590       0x19 ./drivers/fsl_clock.o
 *fill*         0x00000000000065a9        0x3 ff
 .rodata.CLOCK_SetPbeMode.str1.4
                0x00000000000065ac       0x1a ./drivers/fsl_clock.o
 *fill*         0x00000000000065c6        0x2 ff
 .rodata.CLOCK_BootToPeeMode.str1.4
                0x00000000000065c8       0x1a ./drivers/fsl_clock.o
 *fill*         0x00000000000065e2        0x2 ff
 .rodata.fllFactorTable.1
                0x00000000000065e4       0x10 ./drivers/fsl_clock.o
 .rodata.GPIO_PinInit.str1.4
                0x00000000000065f4       0x18 ./drivers/fsl_gpio.o
 .rodata.s_i2cBases
                0x000000000000660c        0x8 ./drivers/fsl_i2c.o
                0x000000000000660c                s_i2cBases
 .rodata.s_i2cDividerTable
                0x0000000000006614       0x80 ./drivers/fsl_i2c.o
 .rodata.s_i2cClocks
                0x0000000000006694        0x8 ./drivers/fsl_i2c.o
 .rodata.I2C_GetInstance.str1.4
                0x000000000000669c       0x32 ./drivers/fsl_i2c.o
 *fill*         0x00000000000066ce        0x2 ff
 .rodata.I2C_MasterInit.str1.4
                0x00000000000066d0       0x2c ./drivers/fsl_i2c.o
 .rodata.I2C_MasterGetDefaultConfig.str1.4
                0x00000000000066fc       0x1d ./drivers/fsl_i2c.o
 *fill*         0x0000000000006719        0x3 ff
 .rodata.I2C_MasterTransferBlocking.str1.4
                0x000000000000671c       0x16 ./drivers/fsl_i2c.o
 *fill*         0x0000000000006732        0x2 ff
 .rodata.LPSCI_GetInstance.str1.4
                0x0000000000006734       0x36 ./drivers/fsl_lpsci.o
 *fill*         0x000000000000676a        0x2 ff
 .rodata.LPSCI_Init.str1.4
                0x000000000000676c       0x43 ./drivers/fsl_lpsci.o
 *fill*         0x00000000000067af        0x1 ff
 .rodata.LPSCI_GetDefaultConfig.str1.4
                0x00000000000067b0       0x19 ./drivers/fsl_lpsci.o
 *fill*         0x00000000000067c9        0x3 ff
 .rodata.s_spiBases
                0x00000000000067cc        0x8 ./drivers/fsl_spi.o
 .rodata.s_spiClock
                0x00000000000067d4        0x8 ./drivers/fsl_spi.o
 .rodata.SPI_GetInstance.str1.4
                0x00000000000067dc       0x32 ./drivers/fsl_spi.o
 *fill*         0x000000000000680e        0x2 ff
 .rodata.SPI_MasterInit.str1.4
                0x0000000000006810       0x26 ./drivers/fsl_spi.o
 *fill*         0x0000000000006836        0x2 ff
 .rodata.SPI_MasterTransferBlocking.str1.4
                0x0000000000006838       0x15 ./drivers/fsl_spi.o
 *fill*         0x000000000000684d        0x3 ff
 .rodata.SPI0_DriverIRQHandler.str1.4
                0x0000000000006850       0x20 ./drivers/fsl_spi.o
 .rodata.SPI1_DriverIRQHandler.str1.4
                0x0000000000006870       0x20 ./drivers/fsl_spi.o
 .rodata.s_uartBases
                0x0000000000006890        0xc ./drivers/fsl_uart.o
 .rodata.s_uartClock
                0x000000000000689c        0xc ./drivers/fsl_uart.o
 .rodata.UART_GetInstance.str1.4
                0x00000000000068a8       0x2b ./drivers/fsl_uart.o
 *fill*         0x00000000000068d3        0x1 ff
 .rodata.UART_Init.str1.4
                0x00000000000068d4       0x3e ./drivers/fsl_uart.o
 *fill*         0x0000000000006912        0x2 ff
 .rodata.UART_GetDefaultConfig.str1.4
                0x0000000000006914       0x18 ./drivers/fsl_uart.o
 .rodata.mcgConfig_BOARD_BootClockRUN
                0x000000000000692c        0xa ./board/clock_config.o
                0x000000000000692c                mcgConfig_BOARD_BootClockRUN
 *fill*         0x0000000000006936        0x2 ff
 .rodata.simConfig_BOARD_BootClockRUN
                0x0000000000006938        0x8 ./board/clock_config.o
                0x0000000000006938                simConfig_BOARD_BootClockRUN
 .rodata.oscConfig_BOARD_BootClockRUN
                0x0000000000006940        0x8 ./board/clock_config.o
                0x0000000000006940                oscConfig_BOARD_BootClockRUN
 .rodata.__num_Ciob_streams
                0x0000000000006948        0x4 /Applications/MCUXpressoIDE_11.7.0_9198/ide/plugins/com.nxp.mcuxpresso.tools.macosx_11.7.0.202209140929/tools/bin/../lib/gcc/arm-none-eabi/10.3.1/../../../../arm-none-eabi/lib/thumb/v6-m/nofp/libcr_semihost_nf.a(__ciob.o)
                0x0000000000006948                __num_Ciob_streams
 .rodata.__assertion_failed.str1.1
                0x000000000000694c       0x15 /Applications/MCUXpressoIDE_11.7.0_9198/ide/plugins/com.nxp.mcuxpresso.tools.macosx_11.7.0.202209140929/tools/bin/../lib/gcc/arm-none-eabi/10.3.1/../../../../arm-none-eabi/lib/thumb/v6-m/nofp/libcr_semihost_nf.a(_cr_assert.o)
 .rodata._Csys_alloc.str1.1
                0x0000000000006961       0x18 /Applications/MCUXpressoIDE_11.7.0_9198/ide/plugins/com.nxp.mcuxpresso.tools.macosx_11.7.0.202209140929/tools/bin/../lib/gcc/arm-none-eabi/10.3.1/../../../../arm-none-eabi/lib/thumb/v6-m/nofp/libcr_c.a(alloc.o)
 .rodata._initio.str1.1
                0x0000000000006979        0x4 /Applications/MCUXpressoIDE_11.7.0_9198/ide/plugins/com.nxp.mcuxpresso.tools.macosx_11.7.0.202209140929/tools/bin/../lib/gcc/arm-none-eabi/10.3.1/../../../../arm-none-eabi/lib/thumb/v6-m/nofp/libcr_c.a(initio.o)
 .rodata.__vfprintf.str1.1
                0x000000000000697d       0x35 /Applications/MCUXpressoIDE_11.7.0_9198/ide/plugins/com.nxp.mcuxpresso.tools.macosx_11.7.0.202209140929/tools/bin/../lib/gcc/arm-none-eabi/10.3.1/../../../../arm-none-eabi/lib/thumb/v6-m/nofp/libcr_c.a(printf.o)
                                         0x38 (size before relaxing)
                0x00000000000069b4                . = ALIGN (0x4)
 *fill*         0x00000000000069b2        0x2 ff

.glue_7         0x00000000000069b4        0x0
 .glue_7        0x00000000000069b4        0x0 linker stubs

.glue_7t        0x00000000000069b4        0x0
 .glue_7t       0x00000000000069b4        0x0 linker stubs

.vfp11_veneer   0x00000000000069b4        0x0
 .vfp11_veneer  0x00000000000069b4        0x0 linker stubs

.v4_bx          0x00000000000069b4        0x0
 .v4_bx         0x00000000000069b4        0x0 linker stubs

.iplt           0x00000000000069b4        0x0
 .iplt          0x00000000000069b4        0x0 ./utilities/fsl_debug_console.o

.rel.dyn        0x00000000000069b4        0x0
 .rel.iplt      0x00000000000069b4        0x0 ./utilities/fsl_debug_console.o

.ARM.extab
 *(SORT_BY_ALIGNMENT(.ARM.extab*) SORT_BY_ALIGNMENT(.gnu.linkonce.armextab.*))

.ARM.exidx      0x00000000000069b4        0x0
                0x00000000000069b4                __exidx_start = .
 *(SORT_BY_ALIGNMENT(.ARM.exidx*) SORT_BY_ALIGNMENT(.gnu.linkonce.armexidx.*))
                0x00000000000069b4                __exidx_end = .
                0x00000000000069b4                _etext = .

.m_usb_data
 *(SORT_BY_ALIGNMENT(m_usb_bdt))

.mtb_buffer_default
                0x000000001fffe000       0x80
 *(SORT_BY_ALIGNMENT(.mtb*))
 .mtb.$RAM1     0x000000001fffe000       0x80 ./source/mtb.o
                0x000000001fffe000                __mtb_buffer__

.uninit_RESERVED
                0x000000001fffe080        0x0
                0x000000001fffe080                _start_uninit_RESERVED = .
 *(SORT_BY_ALIGNMENT(.bss.$RESERVED*))
                0x000000001fffe080                . = ALIGN (0x4)
                0x000000001fffe080                _end_uninit_RESERVED = .

.data           0x000000001fffe080        0xc load address 0x00000000000069b4
 FILL mask 0xff
                0x000000001fffe080                _data = .
                [!provide]                        PROVIDE (__start_data_RAM = .)
                [!provide]                        PROVIDE (__start_data_SRAM = .)
 *(SORT_BY_ALIGNMENT(vtable))
 *(SORT_BY_ALIGNMENT(.ramfunc*))
 *(SORT_BY_ALIGNMENT(CodeQuickAccess))
 *(SORT_BY_ALIGNMENT(DataQuickAccess))
 *(SORT_BY_ALIGNMENT(RamFunction))
 *(SORT_BY_ALIGNMENT(.data*))
 .data.s_slowIrcFreq
                0x000000001fffe080        0x4 ./drivers/fsl_clock.o
 .data.s_fastIrcFreq
                0x000000001fffe084        0x4 ./drivers/fsl_clock.o
 .data.SystemCoreClock
                0x000000001fffe088        0x4 ./CMSIS/system_MKL46Z4.o
                0x000000001fffe088                SystemCoreClock
                0x000000001fffe08c                . = ALIGN (0x4)
                0x000000001fffe08c                _edata = .
                [!provide]                        PROVIDE (__end_data_RAM = .)
                [!provide]                        PROVIDE (__end_data_SRAM = .)

.igot.plt       0x000000001fffe08c        0x0 load address 0x00000000000069c0
 .igot.plt      0x000000001fffe08c        0x0 ./utilities/fsl_debug_console.o

.bss            0x000000001fffe08c      0x538
                0x000000001fffe08c                _bss = .
                [!provide]                        PROVIDE (__start_bss_RAM = .)
                [!provide]                        PROVIDE (__start_bss_SRAM = .)
 *(SORT_BY_ALIGNMENT(.bss*))
 .bss.s_debugConsoleIO
                0x000000001fffe08c        0x8 ./utilities/fsl_io.o
 .bss.estSW     0x000000001fffe094        0x2 ./source/key.o
 *fill*         0x000000001fffe096        0x2 
 .bss.eventSW   0x000000001fffe098        0x2 ./source/key.o
 *fill*         0x000000001fffe09a        0x2 
 .bss.timer     0x000000001fffe09c        0x4 ./source/main.o
 .bss.mefTimer  0x000000001fffe0a0        0x4 ./source/mef.o
 .bss.timerToggle
                0x000000001fffe0a4        0x4 ./source/mef.o
 .bss.g         0x000000001fffe0a8        0x4 ./source/mef.o
                0x000000001fffe0a8                g
 .bss.shadowFB  0x000000001fffe0ac      0x400 ./source/oled.o
 .bss.g_xtal0Freq
                0x000000001fffe4ac        0x4 ./drivers/fsl_clock.o
                0x000000001fffe4ac                g_xtal0Freq
 .bss.g_xtal32Freq
                0x000000001fffe4b0        0x4 ./drivers/fsl_clock.o
                0x000000001fffe4b0                g_xtal32Freq
 .bss.s_i2cHandle
                0x000000001fffe4b4        0x8 ./drivers/fsl_i2c.o
 .bss.s_i2cMasterIsr
                0x000000001fffe4bc        0x4 ./drivers/fsl_i2c.o
 .bss.s_i2cSlaveIsr
                0x000000001fffe4c0        0x4 ./drivers/fsl_i2c.o
 .bss.s_lpsciHandle
                0x000000001fffe4c4        0x4 ./drivers/fsl_lpsci.o
 .bss.s_lpsciIsr
                0x000000001fffe4c8        0x4 ./drivers/fsl_lpsci.o
 .bss.s_spiHandle
                0x000000001fffe4cc        0x8 ./drivers/fsl_spi.o
 .bss.s_spiMasterIsr
                0x000000001fffe4d4        0x4 ./drivers/fsl_spi.o
 .bss.s_spiSlaveIsr
                0x000000001fffe4d8        0x4 ./drivers/fsl_spi.o
 .bss.g_spiDummyData
                0x000000001fffe4dc        0x2 ./drivers/fsl_spi.o
                0x000000001fffe4dc                g_spiDummyData
 *fill*         0x000000001fffe4de        0x2 
 .bss.s_uartHandle
                0x000000001fffe4e0        0xc ./drivers/fsl_uart.o
 .bss.s_uartIsr
                0x000000001fffe4ec        0x4 ./drivers/fsl_uart.o
 .bss.__Ciob    0x000000001fffe4f0       0xb4 /Applications/MCUXpressoIDE_11.7.0_9198/ide/plugins/com.nxp.mcuxpresso.tools.macosx_11.7.0.202209140929/tools/bin/../lib/gcc/arm-none-eabi/10.3.1/../../../../arm-none-eabi/lib/thumb/v6-m/nofp/libcr_semihost_nf.a(__ciob.o)
                0x000000001fffe4f0                __Ciob
 .bss.__end_of_heap
                0x000000001fffe5a4        0x4 /Applications/MCUXpressoIDE_11.7.0_9198/ide/plugins/com.nxp.mcuxpresso.tools.macosx_11.7.0.202209140929/tools/bin/../lib/gcc/arm-none-eabi/10.3.1/../../../../arm-none-eabi/lib/thumb/v6-m/nofp/libcr_c.a(__init_alloc.o)
                0x000000001fffe5a4                __end_of_heap
 .bss.__heaps   0x000000001fffe5a8        0x4 /Applications/MCUXpressoIDE_11.7.0_9198/ide/plugins/com.nxp.mcuxpresso.tools.macosx_11.7.0.202209140929/tools/bin/../lib/gcc/arm-none-eabi/10.3.1/../../../../arm-none-eabi/lib/thumb/v6-m/nofp/libcr_c.a(__init_alloc.o)
                0x000000001fffe5a8                __heaps
 .bss.errno     0x000000001fffe5ac        0x4 /Applications/MCUXpressoIDE_11.7.0_9198/ide/plugins/com.nxp.mcuxpresso.tools.macosx_11.7.0.202209140929/tools/bin/../lib/gcc/arm-none-eabi/10.3.1/../../../../arm-none-eabi/lib/thumb/v6-m/nofp/libcr_c.a(errno.o)
                0x000000001fffe5ac                errno
 .bss.maxX      0x000000001fffe5b0        0x2 ./source/mef.o
 .bss.maxY      0x000000001fffe5b2        0x2 ./source/mef.o
 .bss.maxZ      0x000000001fffe5b4        0x2 ./source/mef.o
 .bss.newX      0x000000001fffe5b6        0x2 ./source/mef.o
                0x000000001fffe5b6                newX
 .bss.newY      0x000000001fffe5b8        0x2 ./source/mef.o
                0x000000001fffe5b8                newY
 .bss.newZ      0x000000001fffe5ba        0x2 ./source/mef.o
                0x000000001fffe5ba                newZ
 .bss.readX     0x000000001fffe5bc        0x2 ./source/mma8451.o
 .bss.readY     0x000000001fffe5be        0x2 ./source/mma8451.o
 .bss.readZ     0x000000001fffe5c0        0x2 ./source/mma8451.o
 .bss.estado    0x000000001fffe5c2        0x1 ./source/mef.o
 .bss.FFint     0x000000001fffe5c3        0x1 ./source/mma8451.o
 *(SORT_BY_ALIGNMENT(COMMON))
                0x000000001fffe5c4                . = ALIGN (0x4)
                0x000000001fffe5c4                _ebss = .
                [!provide]                        PROVIDE (__end_bss_RAM = .)
                [!provide]                        PROVIDE (__end_bss_SRAM = .)
                [!provide]                        PROVIDE (end = .)

.noinit         0x000000001fffe5c4        0x0
                0x000000001fffe5c4                _noinit = .
                [!provide]                        PROVIDE (__start_noinit_RAM = .)
                [!provide]                        PROVIDE (__start_noinit_SRAM = .)
 *(SORT_BY_ALIGNMENT(.noinit*))
                0x000000001fffe5c4                . = ALIGN (0x4)
                0x000000001fffe5c4                _end_noinit = .
                [!provide]                        PROVIDE (__end_noinit_RAM = .)
                [!provide]                        PROVIDE (__end_noinit_SRAM = .)
                0x0000000000000800                _HeapSize = 0x800

.heap           0x000000001fffe5c4      0x800
                0x000000001fffe5c4                _pvHeapStart = .
                0x000000001fffedc4                . = (. + _HeapSize)
 *fill*         0x000000001fffe5c4      0x800 
                0x000000001fffedc4                . = ALIGN (0x4)
                0x000000001fffedc4                _pvHeapLimit = .
                0x0000000000000800                _StackSize = 0x800

.heap2stackfill
                0x000000001fffedc4      0x800
                0x000000001ffff5c4                . = (. + _StackSize)
 *fill*         0x000000001fffedc4      0x800 

.stack          0x0000000020005800        0x0
                0x0000000020005800                _vStackBase = .
                0x0000000020005800                . = ALIGN (0x4)
                0x0000000020006000                _vStackTop = (. + _StackSize)
                0x0000000000000000                _image_start = LOADADDR (.text)
                0x00000000000069c0                _image_end = (LOADADDR (.data) + SIZEOF (.data))
                0x00000000000069c0                _image_size = (_image_end - _image_start)
OUTPUT(SD2_CLOCK.axf elf32-littlearm)
LOAD linker stubs

.debug_info     0x0000000000000000     0xed1b
 .debug_info    0x0000000000000000      0x16a ./utilities/fsl_debug_console.o
 .debug_info    0x000000000000016a      0x8c6 ./utilities/fsl_io.o
 .debug_info    0x0000000000000a30      0x2f5 ./utilities/fsl_log.o
 .debug_info    0x0000000000000d25      0x4eb ./startup/startup_mkl46z4.o
 .debug_info    0x0000000000001210      0x795 ./source/SD2_I2C.o
 .debug_info    0x00000000000019a5     0x13af ./source/SD2_board.o
 .debug_info    0x0000000000002d54      0x1a2 ./source/display.o
 .debug_info    0x0000000000002ef6       0x62 ./source/font5x7.o
 .debug_info    0x0000000000002f58      0x197 ./source/key.o
 .debug_info    0x00000000000030ef      0x6b3 ./source/main.o
 .debug_info    0x00000000000037a2      0x238 ./source/mef.o
 .debug_info    0x00000000000039da     0x124b ./source/mma8451.o
 .debug_info    0x0000000000004c25       0x53 ./source/mtb.o
 .debug_info    0x0000000000004c78      0x84d ./source/oled.o
 .debug_info    0x00000000000054c5       0x3c ./source/semihost_hardfault.o
 .debug_info    0x0000000000005501     0x1a8b ./drivers/fsl_clock.o
 .debug_info    0x0000000000006f8c      0x7dc ./drivers/fsl_gpio.o
 .debug_info    0x0000000000007768     0x1aba ./drivers/fsl_i2c.o
 .debug_info    0x0000000000009222     0x14ac ./drivers/fsl_lpsci.o
 .debug_info    0x000000000000a6ce      0x938 ./drivers/fsl_smc.o
 .debug_info    0x000000000000b006     0x161c ./drivers/fsl_spi.o
 .debug_info    0x000000000000c622     0x144d ./drivers/fsl_uart.o
 .debug_info    0x000000000000da6f      0x39b ./board/board.o
 .debug_info    0x000000000000de0a      0xb03 ./board/clock_config.o
 .debug_info    0x000000000000e90d      0x40e ./CMSIS/system_MKL46Z4.o

.debug_abbrev   0x0000000000000000     0x2d79
 .debug_abbrev  0x0000000000000000       0xa3 ./utilities/fsl_debug_console.o
 .debug_abbrev  0x00000000000000a3      0x1d4 ./utilities/fsl_io.o
 .debug_abbrev  0x0000000000000277      0x15c ./utilities/fsl_log.o
 .debug_abbrev  0x00000000000003d3      0x198 ./startup/startup_mkl46z4.o
 .debug_abbrev  0x000000000000056b      0x22a ./source/SD2_I2C.o
 .debug_abbrev  0x0000000000000795      0x33b ./source/SD2_board.o
 .debug_abbrev  0x0000000000000ad0       0xc0 ./source/display.o
 .debug_abbrev  0x0000000000000b90       0x4a ./source/font5x7.o
 .debug_abbrev  0x0000000000000bda       0xf1 ./source/key.o
 .debug_abbrev  0x0000000000000ccb      0x1b6 ./source/main.o
 .debug_abbrev  0x0000000000000e81       0xfd ./source/mef.o
 .debug_abbrev  0x0000000000000f7e      0x2e1 ./source/mma8451.o
 .debug_abbrev  0x000000000000125f       0x46 ./source/mtb.o
 .debug_abbrev  0x00000000000012a5      0x1a5 ./source/oled.o
 .debug_abbrev  0x000000000000144a       0x31 ./source/semihost_hardfault.o
 .debug_abbrev  0x000000000000147b      0x34b ./drivers/fsl_clock.o
 .debug_abbrev  0x00000000000017c6      0x1f6 ./drivers/fsl_gpio.o
 .debug_abbrev  0x00000000000019bc      0x376 ./drivers/fsl_i2c.o
 .debug_abbrev  0x0000000000001d32      0x2f3 ./drivers/fsl_lpsci.o
 .debug_abbrev  0x0000000000002025      0x2a2 ./drivers/fsl_smc.o
 .debug_abbrev  0x00000000000022c7      0x35b ./drivers/fsl_spi.o
 .debug_abbrev  0x0000000000002622      0x2f3 ./drivers/fsl_uart.o
 .debug_abbrev  0x0000000000002915      0x11b ./board/board.o
 .debug_abbrev  0x0000000000002a30      0x201 ./board/clock_config.o
 .debug_abbrev  0x0000000000002c31      0x148 ./CMSIS/system_MKL46Z4.o

.debug_aranges  0x0000000000000000      0xe38
 .debug_aranges
                0x0000000000000000       0x30 ./utilities/fsl_debug_console.o
 .debug_aranges
                0x0000000000000030       0x58 ./utilities/fsl_io.o
 .debug_aranges
                0x0000000000000088       0x58 ./utilities/fsl_log.o
 .debug_aranges
                0x00000000000000e0      0x160 ./startup/startup_mkl46z4.o
 .debug_aranges
                0x0000000000000240       0x50 ./source/SD2_I2C.o
 .debug_aranges
                0x0000000000000290       0xa8 ./source/SD2_board.o
 .debug_aranges
                0x0000000000000338       0x48 ./source/display.o
 .debug_aranges
                0x0000000000000380       0x18 ./source/font5x7.o
 .debug_aranges
                0x0000000000000398       0x30 ./source/key.o
 .debug_aranges
                0x00000000000003c8       0x40 ./source/main.o
 .debug_aranges
                0x0000000000000408       0x30 ./source/mef.o
 .debug_aranges
                0x0000000000000438       0xa8 ./source/mma8451.o
 .debug_aranges
                0x00000000000004e0       0x18 ./source/mtb.o
 .debug_aranges
                0x00000000000004f8       0x98 ./source/oled.o
 .debug_aranges
                0x0000000000000590       0x20 ./source/semihost_hardfault.o
 .debug_aranges
                0x00000000000005b0      0x1d8 ./drivers/fsl_clock.o
 .debug_aranges
                0x0000000000000788       0x78 ./drivers/fsl_gpio.o
 .debug_aranges
                0x0000000000000800      0x178 ./drivers/fsl_i2c.o
 .debug_aranges
                0x0000000000000978      0x118 ./drivers/fsl_lpsci.o
 .debug_aranges
                0x0000000000000a90       0x88 ./drivers/fsl_smc.o
 .debug_aranges
                0x0000000000000b18      0x140 ./drivers/fsl_spi.o
 .debug_aranges
                0x0000000000000c58      0x130 ./drivers/fsl_uart.o
 .debug_aranges
                0x0000000000000d88       0x28 ./board/board.o
 .debug_aranges
                0x0000000000000db0       0x58 ./board/clock_config.o
 .debug_aranges
                0x0000000000000e08       0x30 ./CMSIS/system_MKL46Z4.o

.debug_ranges   0x0000000000000000      0xc98
 .debug_ranges  0x0000000000000000       0x20 ./utilities/fsl_debug_console.o
 .debug_ranges  0x0000000000000020       0x48 ./utilities/fsl_io.o
 .debug_ranges  0x0000000000000068       0x48 ./utilities/fsl_log.o
 .debug_ranges  0x00000000000000b0      0x150 ./startup/startup_mkl46z4.o
 .debug_ranges  0x0000000000000200       0x40 ./source/SD2_I2C.o
 .debug_ranges  0x0000000000000240       0x98 ./source/SD2_board.o
 .debug_ranges  0x00000000000002d8       0x38 ./source/display.o
 .debug_ranges  0x0000000000000310       0x20 ./source/key.o
 .debug_ranges  0x0000000000000330       0x30 ./source/main.o
 .debug_ranges  0x0000000000000360       0x20 ./source/mef.o
 .debug_ranges  0x0000000000000380       0x98 ./source/mma8451.o
 .debug_ranges  0x0000000000000418       0x88 ./source/oled.o
 .debug_ranges  0x00000000000004a0       0x10 ./source/semihost_hardfault.o
 .debug_ranges  0x00000000000004b0      0x1c8 ./drivers/fsl_clock.o
 .debug_ranges  0x0000000000000678       0x68 ./drivers/fsl_gpio.o
 .debug_ranges  0x00000000000006e0      0x168 ./drivers/fsl_i2c.o
 .debug_ranges  0x0000000000000848      0x108 ./drivers/fsl_lpsci.o
 .debug_ranges  0x0000000000000950       0x78 ./drivers/fsl_smc.o
 .debug_ranges  0x00000000000009c8      0x130 ./drivers/fsl_spi.o
 .debug_ranges  0x0000000000000af8      0x120 ./drivers/fsl_uart.o
 .debug_ranges  0x0000000000000c18       0x18 ./board/board.o
 .debug_ranges  0x0000000000000c30       0x48 ./board/clock_config.o
 .debug_ranges  0x0000000000000c78       0x20 ./CMSIS/system_MKL46Z4.o

.debug_macro    0x0000000000000000     0xd9bd
 .debug_macro   0x0000000000000000      0x139 ./utilities/fsl_debug_console.o
 .debug_macro   0x0000000000000139      0xa84 ./utilities/fsl_debug_console.o
 .debug_macro   0x0000000000000bbd       0x10 ./utilities/fsl_debug_console.o
 .debug_macro   0x0000000000000bcd       0x16 ./utilities/fsl_debug_console.o
 .debug_macro   0x0000000000000be3       0x10 ./utilities/fsl_debug_console.o
 .debug_macro   0x0000000000000bf3      0x12e ./utilities/fsl_debug_console.o
 .debug_macro   0x0000000000000d21       0x28 ./utilities/fsl_debug_console.o
 .debug_macro   0x0000000000000d49       0x16 ./utilities/fsl_debug_console.o
 .debug_macro   0x0000000000000d5f       0x22 ./utilities/fsl_debug_console.o
 .debug_macro   0x0000000000000d81      0x5b3 ./utilities/fsl_debug_console.o
 .debug_macro   0x0000000000001334       0x10 ./utilities/fsl_debug_console.o
 .debug_macro   0x0000000000001344       0x3f ./utilities/fsl_debug_console.o
 .debug_macro   0x0000000000001383       0x1c ./utilities/fsl_debug_console.o
 .debug_macro   0x000000000000139f       0x22 ./utilities/fsl_debug_console.o
 .debug_macro   0x00000000000013c1       0xaf ./utilities/fsl_debug_console.o
 .debug_macro   0x0000000000001470      0x37c ./utilities/fsl_debug_console.o
 .debug_macro   0x00000000000017ec       0x38 ./utilities/fsl_debug_console.o
 .debug_macro   0x0000000000001824     0x87f8 ./utilities/fsl_debug_console.o
 .debug_macro   0x000000000000a01c     0x121a ./utilities/fsl_debug_console.o
 .debug_macro   0x000000000000b236       0x52 ./utilities/fsl_debug_console.o
 .debug_macro   0x000000000000b288      0x10a ./utilities/fsl_debug_console.o
 .debug_macro   0x000000000000b392       0x74 ./utilities/fsl_debug_console.o
 .debug_macro   0x000000000000b406       0xd2 ./utilities/fsl_debug_console.o
 .debug_macro   0x000000000000b4d8       0x1c ./utilities/fsl_debug_console.o
 .debug_macro   0x000000000000b4f4       0x50 ./utilities/fsl_debug_console.o
 .debug_macro   0x000000000000b544      0x123 ./utilities/fsl_io.o
 .debug_macro   0x000000000000b667       0x1c ./utilities/fsl_io.o
 .debug_macro   0x000000000000b683       0x22 ./utilities/fsl_io.o
 .debug_macro   0x000000000000b6a5       0x10 ./utilities/fsl_io.o
 .debug_macro   0x000000000000b6b5       0x10 ./utilities/fsl_io.o
 .debug_macro   0x000000000000b6c5      0x147 ./utilities/fsl_log.o
 .debug_macro   0x000000000000b80c       0x29 ./startup/startup_mkl46z4.o
 .debug_macro   0x000000000000b835      0x16d ./source/SD2_I2C.o
 .debug_macro   0x000000000000b9a2       0x10 ./source/SD2_I2C.o
 .debug_macro   0x000000000000b9b2       0x10 ./source/SD2_I2C.o
 .debug_macro   0x000000000000b9c2       0x1c ./source/SD2_I2C.o
 .debug_macro   0x000000000000b9de       0x10 ./source/SD2_I2C.o
 .debug_macro   0x000000000000b9ee      0x1d2 ./source/SD2_I2C.o
 .debug_macro   0x000000000000bbc0      0x194 ./source/SD2_board.o
 .debug_macro   0x000000000000bd54       0xd8 ./source/SD2_board.o
 .debug_macro   0x000000000000be2c       0x1c ./source/SD2_board.o
 .debug_macro   0x000000000000be48      0x15b ./source/SD2_board.o
 .debug_macro   0x000000000000bfa3       0x22 ./source/SD2_board.o
 .debug_macro   0x000000000000bfc5       0x16 ./source/SD2_board.o
 .debug_macro   0x000000000000bfdb       0x16 ./source/SD2_board.o
 .debug_macro   0x000000000000bff1       0x10 ./source/SD2_board.o
 .debug_macro   0x000000000000c001       0x72 ./source/display.o
 .debug_macro   0x000000000000c073       0x10 ./source/display.o
 .debug_macro   0x000000000000c083       0x1a ./source/font5x7.o
 .debug_macro   0x000000000000c09d      0x696 ./source/font5x7.o
 .debug_macro   0x000000000000c733       0xa2 ./source/key.o
 .debug_macro   0x000000000000c7d5      0x18f ./source/main.o
 .debug_macro   0x000000000000c964       0x16 ./source/main.o
 .debug_macro   0x000000000000c97a       0xc7 ./source/mef.o
 .debug_macro   0x000000000000ca41      0x1e6 ./source/mma8451.o
 .debug_macro   0x000000000000cc27       0x16 ./source/mma8451.o
 .debug_macro   0x000000000000cc3d       0x2f ./source/mtb.o
 .debug_macro   0x000000000000cc6c       0x82 ./source/mtb.o
 .debug_macro   0x000000000000ccee       0x10 ./source/mtb.o
 .debug_macro   0x000000000000ccfe       0xef ./source/oled.o
 .debug_macro   0x000000000000cded       0x11 ./source/semihost_hardfault.o
 .debug_macro   0x000000000000cdfe      0x1b8 ./drivers/fsl_clock.o
 .debug_macro   0x000000000000cfb6      0x108 ./drivers/fsl_gpio.o
 .debug_macro   0x000000000000d0be      0x107 ./drivers/fsl_i2c.o
 .debug_macro   0x000000000000d1c5      0x108 ./drivers/fsl_lpsci.o
 .debug_macro   0x000000000000d2cd      0x155 ./drivers/fsl_smc.o
 .debug_macro   0x000000000000d422       0x1c ./drivers/fsl_smc.o
 .debug_macro   0x000000000000d43e      0x107 ./drivers/fsl_spi.o
 .debug_macro   0x000000000000d545       0x10 ./drivers/fsl_spi.o
 .debug_macro   0x000000000000d555      0x10e ./drivers/fsl_uart.o
 .debug_macro   0x000000000000d663      0x144 ./board/board.o
 .debug_macro   0x000000000000d7a7       0x22 ./board/board.o
 .debug_macro   0x000000000000d7c9      0x15d ./board/clock_config.o
 .debug_macro   0x000000000000d926       0x97 ./CMSIS/system_MKL46Z4.o

.debug_line     0x0000000000000000     0x989a
 .debug_line    0x0000000000000000      0x337 ./utilities/fsl_debug_console.o
 .debug_line    0x0000000000000337      0x4c3 ./utilities/fsl_io.o
 .debug_line    0x00000000000007fa      0x426 ./utilities/fsl_log.o
 .debug_line    0x0000000000000c20      0x1ed ./startup/startup_mkl46z4.o
 .debug_line    0x0000000000000e0d      0x446 ./source/SD2_I2C.o
 .debug_line    0x0000000000001253      0x62f ./source/SD2_board.o
 .debug_line    0x0000000000001882      0x23d ./source/display.o
 .debug_line    0x0000000000001abf       0x44 ./source/font5x7.o
 .debug_line    0x0000000000001b03      0x2c2 ./source/key.o
 .debug_line    0x0000000000001dc5      0x440 ./source/main.o
 .debug_line    0x0000000000002205      0x32e ./source/mef.o
 .debug_line    0x0000000000002533      0x711 ./source/mma8451.o
 .debug_line    0x0000000000002c44       0xd9 ./source/mtb.o
 .debug_line    0x0000000000002d1d      0x76a ./source/oled.o
 .debug_line    0x0000000000003487       0x5a ./source/semihost_hardfault.o
 .debug_line    0x00000000000034e1     0x12cc ./drivers/fsl_clock.o
 .debug_line    0x00000000000047ad      0x492 ./drivers/fsl_gpio.o
 .debug_line    0x0000000000004c3f     0x1379 ./drivers/fsl_i2c.o
 .debug_line    0x0000000000005fb8      0xd8e ./drivers/fsl_lpsci.o
 .debug_line    0x0000000000006d46      0x668 ./drivers/fsl_smc.o
 .debug_line    0x00000000000073ae      0xd43 ./drivers/fsl_spi.o
 .debug_line    0x00000000000080f1      0xd99 ./drivers/fsl_uart.o
 .debug_line    0x0000000000008e8a      0x31e ./board/board.o
 .debug_line    0x00000000000091a8      0x393 ./board/clock_config.o
 .debug_line    0x000000000000953b      0x35f ./CMSIS/system_MKL46Z4.o

.debug_str      0x0000000000000000    0x55154
 .debug_str     0x0000000000000000    0x4a795 ./utilities/fsl_debug_console.o
                                      0x4a9a5 (size before relaxing)
 .debug_str     0x000000000004a795      0xb9f ./utilities/fsl_io.o
                                      0x4b164 (size before relaxing)
 .debug_str     0x000000000004b334      0x1d8 ./utilities/fsl_log.o
                                      0x4a7cb (size before relaxing)
 .debug_str     0x000000000004b50c      0x3d0 ./startup/startup_mkl46z4.o
                                       0x30d3 (size before relaxing)
 .debug_str     0x000000000004b8dc      0xf51 ./source/SD2_I2C.o
                                      0x4b308 (size before relaxing)
 .debug_str     0x000000000004c82d     0x1294 ./source/SD2_board.o
                                      0x4cc31 (size before relaxing)
 .debug_str     0x000000000004dac1       0xcc ./source/display.o
                                       0x474f (size before relaxing)
 .debug_str     0x000000000004db8d      0xe2c ./source/font5x7.o
                                       0x3afd (size before relaxing)
 .debug_str     0x000000000004e9b9       0x8b ./source/key.o
                                      0x42d2d (size before relaxing)
 .debug_str     0x000000000004ea44      0x337 ./source/main.o
                                      0x4bf80 (size before relaxing)
 .debug_str     0x000000000004ed7b       0xd4 ./source/mef.o
                                      0x42e07 (size before relaxing)
 .debug_str     0x000000000004ee4f      0x6ff ./source/mma8451.o
                                      0x4ba3c (size before relaxing)
 .debug_str     0x000000000004f54e      0x532 ./source/mtb.o
                                       0x31fa (size before relaxing)
 .debug_str     0x000000000004fa80      0x346 ./source/oled.o
                                      0x43081 (size before relaxing)
 .debug_str     0x000000000004fdc6       0x1f ./source/semihost_hardfault.o
                                       0x2ce7 (size before relaxing)
 .debug_str     0x000000000004fde5     0x140e ./drivers/fsl_clock.o
                                      0x4c2b1 (size before relaxing)
 .debug_str     0x00000000000511f3       0xff ./drivers/fsl_gpio.o
                                      0x4ab3e (size before relaxing)
 .debug_str     0x00000000000512f2      0xaa6 ./drivers/fsl_i2c.o
                                      0x4ba57 (size before relaxing)
 .debug_str     0x0000000000051d98      0x840 ./drivers/fsl_lpsci.o
                                      0x4b8da (size before relaxing)
 .debug_str     0x00000000000525d8     0x1a57 ./drivers/fsl_smc.o
                                      0x4c446 (size before relaxing)
 .debug_str     0x000000000005402f      0x5b9 ./drivers/fsl_spi.o
                                      0x4b7c3 (size before relaxing)
 .debug_str     0x00000000000545e8      0x777 ./drivers/fsl_uart.o
                                      0x4b8f7 (size before relaxing)
 .debug_str     0x0000000000054d5f       0x4c ./board/board.o
                                      0x4b150 (size before relaxing)
 .debug_str     0x0000000000054dab      0x34b ./board/clock_config.o
                                      0x4b239 (size before relaxing)
 .debug_str     0x00000000000550f6       0x5e ./CMSIS/system_MKL46Z4.o
                                      0x4972f (size before relaxing)

.comment        0x0000000000000000       0x49
 .comment       0x0000000000000000       0x49 ./utilities/fsl_debug_console.o
                                         0x4a (size before relaxing)
 .comment       0x0000000000000049       0x4a ./utilities/fsl_io.o
 .comment       0x0000000000000049       0x4a ./utilities/fsl_log.o
 .comment       0x0000000000000049       0x4a ./startup/startup_mkl46z4.o
 .comment       0x0000000000000049       0x4a ./source/SD2_I2C.o
 .comment       0x0000000000000049       0x4a ./source/SD2_board.o
 .comment       0x0000000000000049       0x4a ./source/display.o
 .comment       0x0000000000000049       0x4a ./source/font5x7.o
 .comment       0x0000000000000049       0x4a ./source/key.o
 .comment       0x0000000000000049       0x4a ./source/main.o
 .comment       0x0000000000000049       0x4a ./source/mef.o
 .comment       0x0000000000000049       0x4a ./source/mma8451.o
 .comment       0x0000000000000049       0x4a ./source/mtb.o
 .comment       0x0000000000000049       0x4a ./source/oled.o
 .comment       0x0000000000000049       0x4a ./source/semihost_hardfault.o
 .comment       0x0000000000000049       0x4a ./drivers/fsl_clock.o
 .comment       0x0000000000000049       0x4a ./drivers/fsl_gpio.o
 .comment       0x0000000000000049       0x4a ./drivers/fsl_i2c.o
 .comment       0x0000000000000049       0x4a ./drivers/fsl_lpsci.o
 .comment       0x0000000000000049       0x4a ./drivers/fsl_smc.o
 .comment       0x0000000000000049       0x4a ./drivers/fsl_spi.o
 .comment       0x0000000000000049       0x4a ./drivers/fsl_uart.o
 .comment       0x0000000000000049       0x4a ./board/board.o
 .comment       0x0000000000000049       0x4a ./board/clock_config.o
 .comment       0x0000000000000049       0x4a ./CMSIS/system_MKL46Z4.o
 .comment       0x0000000000000049       0x4a /Applications/MCUXpressoIDE_11.7.0_9198/ide/plugins/com.nxp.mcuxpresso.tools.macosx_11.7.0.202209140929/tools/bin/../lib/gcc/arm-none-eabi/10.3.1/../../../../arm-none-eabi/lib/thumb/v6-m/nofp/libcr_semihost_nf.a(_cr__main.o)
 .comment       0x0000000000000049       0x4a /Applications/MCUXpressoIDE_11.7.0_9198/ide/plugins/com.nxp.mcuxpresso.tools.macosx_11.7.0.202209140929/tools/bin/../lib/gcc/arm-none-eabi/10.3.1/../../../../arm-none-eabi/lib/thumb/v6-m/nofp/libcr_semihost_nf.a(_cr_assert.o)
 .comment       0x0000000000000049       0x4a /Applications/MCUXpressoIDE_11.7.0_9198/ide/plugins/com.nxp.mcuxpresso.tools.macosx_11.7.0.202209140929/tools/bin/../lib/gcc/arm-none-eabi/10.3.1/../../../../arm-none-eabi/lib/thumb/v6-m/nofp/libcr_semihost_nf.a(__ciob.o)
 .comment       0x0000000000000049       0x4a /Applications/MCUXpressoIDE_11.7.0_9198/ide/plugins/com.nxp.mcuxpresso.tools.macosx_11.7.0.202209140929/tools/bin/../lib/gcc/arm-none-eabi/10.3.1/../../../../arm-none-eabi/lib/thumb/v6-m/nofp/libcr_c.a(memset.o)
 .comment       0x0000000000000049       0x4a /Applications/MCUXpressoIDE_11.7.0_9198/ide/plugins/com.nxp.mcuxpresso.tools.macosx_11.7.0.202209140929/tools/bin/../lib/gcc/arm-none-eabi/10.3.1/../../../../arm-none-eabi/lib/thumb/v6-m/nofp/libcr_c.a(_deferredlazyseek.o)
 .comment       0x0000000000000049       0x4a /Applications/MCUXpressoIDE_11.7.0_9198/ide/plugins/com.nxp.mcuxpresso.tools.macosx_11.7.0.202209140929/tools/bin/../lib/gcc/arm-none-eabi/10.3.1/../../../../arm-none-eabi/lib/thumb/v6-m/nofp/libcr_c.a(_fflush.o)
 .comment       0x0000000000000049       0x4a /Applications/MCUXpressoIDE_11.7.0_9198/ide/plugins/com.nxp.mcuxpresso.tools.macosx_11.7.0.202209140929/tools/bin/../lib/gcc/arm-none-eabi/10.3.1/../../../../arm-none-eabi/lib/thumb/v6-m/nofp/libcr_c.a(_writebuf.o)
 .comment       0x0000000000000049       0x4a /Applications/MCUXpressoIDE_11.7.0_9198/ide/plugins/com.nxp.mcuxpresso.tools.macosx_11.7.0.202209140929/tools/bin/../lib/gcc/arm-none-eabi/10.3.1/../../../../arm-none-eabi/lib/thumb/v6-m/nofp/libcr_c.a(alloc.o)
 .comment       0x0000000000000049       0x4a /Applications/MCUXpressoIDE_11.7.0_9198/ide/plugins/com.nxp.mcuxpresso.tools.macosx_11.7.0.202209140929/tools/bin/../lib/gcc/arm-none-eabi/10.3.1/../../../../arm-none-eabi/lib/thumb/v6-m/nofp/libcr_c.a(fputs.o)
 .comment       0x0000000000000049       0x4a /Applications/MCUXpressoIDE_11.7.0_9198/ide/plugins/com.nxp.mcuxpresso.tools.macosx_11.7.0.202209140929/tools/bin/../lib/gcc/arm-none-eabi/10.3.1/../../../../arm-none-eabi/lib/thumb/v6-m/nofp/libcr_c.a(fseek.o)
 .comment       0x0000000000000049       0x4a /Applications/MCUXpressoIDE_11.7.0_9198/ide/plugins/com.nxp.mcuxpresso.tools.macosx_11.7.0.202209140929/tools/bin/../lib/gcc/arm-none-eabi/10.3.1/../../../../arm-none-eabi/lib/thumb/v6-m/nofp/libcr_c.a(ftell.o)
 .comment       0x0000000000000049       0x4a /Applications/MCUXpressoIDE_11.7.0_9198/ide/plugins/com.nxp.mcuxpresso.tools.macosx_11.7.0.202209140929/tools/bin/../lib/gcc/arm-none-eabi/10.3.1/../../../../arm-none-eabi/lib/thumb/v6-m/nofp/libcr_c.a(initio.o)
 .comment       0x0000000000000049       0x4a /Applications/MCUXpressoIDE_11.7.0_9198/ide/plugins/com.nxp.mcuxpresso.tools.macosx_11.7.0.202209140929/tools/bin/../lib/gcc/arm-none-eabi/10.3.1/../../../../arm-none-eabi/lib/thumb/v6-m/nofp/libcr_c.a(printf.o)
 .comment       0x0000000000000049       0x4a /Applications/MCUXpressoIDE_11.7.0_9198/ide/plugins/com.nxp.mcuxpresso.tools.macosx_11.7.0.202209140929/tools/bin/../lib/gcc/arm-none-eabi/10.3.1/../../../../arm-none-eabi/lib/thumb/v6-m/nofp/libcr_c.a(setvbuf.o)
 .comment       0x0000000000000049       0x4a /Applications/MCUXpressoIDE_11.7.0_9198/ide/plugins/com.nxp.mcuxpresso.tools.macosx_11.7.0.202209140929/tools/bin/../lib/gcc/arm-none-eabi/10.3.1/../../../../arm-none-eabi/lib/thumb/v6-m/nofp/libcr_c.a(strlen.o)
 .comment       0x0000000000000049       0x4a /Applications/MCUXpressoIDE_11.7.0_9198/ide/plugins/com.nxp.mcuxpresso.tools.macosx_11.7.0.202209140929/tools/bin/../lib/gcc/arm-none-eabi/10.3.1/../../../../arm-none-eabi/lib/thumb/v6-m/nofp/libcr_c.a(__init_alloc.o)
 .comment       0x0000000000000049       0x4a /Applications/MCUXpressoIDE_11.7.0_9198/ide/plugins/com.nxp.mcuxpresso.tools.macosx_11.7.0.202209140929/tools/bin/../lib/gcc/arm-none-eabi/10.3.1/../../../../arm-none-eabi/lib/thumb/v6-m/nofp/libcr_c.a(_cr_sbrk.o)
 .comment       0x0000000000000049       0x4a /Applications/MCUXpressoIDE_11.7.0_9198/ide/plugins/com.nxp.mcuxpresso.tools.macosx_11.7.0.202209140929/tools/bin/../lib/gcc/arm-none-eabi/10.3.1/../../../../arm-none-eabi/lib/thumb/v6-m/nofp/libcr_c.a(_fdopen.o)
 .comment       0x0000000000000049       0x4a /Applications/MCUXpressoIDE_11.7.0_9198/ide/plugins/com.nxp.mcuxpresso.tools.macosx_11.7.0.202209140929/tools/bin/../lib/gcc/arm-none-eabi/10.3.1/../../../../arm-none-eabi/lib/thumb/v6-m/nofp/libcr_c.a(errno.o)
 .comment       0x0000000000000049       0x4a /Applications/MCUXpressoIDE_11.7.0_9198/ide/plugins/com.nxp.mcuxpresso.tools.macosx_11.7.0.202209140929/tools/bin/../lib/gcc/arm-none-eabi/10.3.1/../../../../arm-none-eabi/lib/thumb/v6-m/nofp/libcr_c.a(fclose.o)
 .comment       0x0000000000000049       0x4a /Applications/MCUXpressoIDE_11.7.0_9198/ide/plugins/com.nxp.mcuxpresso.tools.macosx_11.7.0.202209140929/tools/bin/../lib/gcc/arm-none-eabi/10.3.1/../../../../arm-none-eabi/lib/thumb/v6-m/nofp/libcr_c.a(fflush.o)
 .comment       0x0000000000000049       0x4a /Applications/MCUXpressoIDE_11.7.0_9198/ide/plugins/com.nxp.mcuxpresso.tools.macosx_11.7.0.202209140929/tools/bin/../lib/gcc/arm-none-eabi/10.3.1/../../../../arm-none-eabi/lib/thumb/v6-m/nofp/libcr_c.a(remove.o)
 .comment       0x0000000000000049       0x4a /Applications/MCUXpressoIDE_11.7.0_9198/ide/plugins/com.nxp.mcuxpresso.tools.macosx_11.7.0.202209140929/tools/bin/../lib/gcc/arm-none-eabi/10.3.1/../../../../arm-none-eabi/lib/thumb/v6-m/nofp/libcr_c.a(_cr_check_heap.o)
 .comment       0x0000000000000049       0x4a /Applications/MCUXpressoIDE_11.7.0_9198/ide/plugins/com.nxp.mcuxpresso.tools.macosx_11.7.0.202209140929/tools/bin/../lib/gcc/arm-none-eabi/10.3.1/../../../../arm-none-eabi/lib/thumb/v6-m/nofp/libcr_c.a(_do_fflush.o)

.ARM.attributes
                0x0000000000000000       0x2a
 .ARM.attributes
                0x0000000000000000       0x2c ./utilities/fsl_debug_console.o
 .ARM.attributes
                0x000000000000002c       0x2c ./utilities/fsl_io.o
 .ARM.attributes
                0x0000000000000058       0x2c ./utilities/fsl_log.o
 .ARM.attributes
                0x0000000000000084       0x2c ./startup/startup_mkl46z4.o
 .ARM.attributes
                0x00000000000000b0       0x2c ./source/SD2_I2C.o
 .ARM.attributes
                0x00000000000000dc       0x2c ./source/SD2_board.o
 .ARM.attributes
                0x0000000000000108       0x2c ./source/display.o
 .ARM.attributes
                0x0000000000000134       0x2c ./source/font5x7.o
 .ARM.attributes
                0x0000000000000160       0x2c ./source/key.o
 .ARM.attributes
                0x000000000000018c       0x2c ./source/main.o
 .ARM.attributes
                0x00000000000001b8       0x2c ./source/mef.o
 .ARM.attributes
                0x00000000000001e4       0x2c ./source/mma8451.o
 .ARM.attributes
                0x0000000000000210       0x2c ./source/mtb.o
 .ARM.attributes
                0x000000000000023c       0x2c ./source/oled.o
 .ARM.attributes
                0x0000000000000268       0x2c ./source/semihost_hardfault.o
 .ARM.attributes
                0x0000000000000294       0x2c ./drivers/fsl_clock.o
 .ARM.attributes
                0x00000000000002c0       0x2c ./drivers/fsl_gpio.o
 .ARM.attributes
                0x00000000000002ec       0x2c ./drivers/fsl_i2c.o
 .ARM.attributes
                0x0000000000000318       0x2c ./drivers/fsl_lpsci.o
 .ARM.attributes
                0x0000000000000344       0x2c ./drivers/fsl_smc.o
 .ARM.attributes
                0x0000000000000370       0x2c ./drivers/fsl_spi.o
 .ARM.attributes
                0x000000000000039c       0x2c ./drivers/fsl_uart.o
 .ARM.attributes
                0x00000000000003c8       0x2c ./board/board.o
 .ARM.attributes
                0x00000000000003f4       0x2c ./board/clock_config.o
 .ARM.attributes
                0x0000000000000420       0x2c ./CMSIS/system_MKL46Z4.o
 .ARM.attributes
                0x000000000000044c       0x2c /Applications/MCUXpressoIDE_11.7.0_9198/ide/plugins/com.nxp.mcuxpresso.tools.macosx_11.7.0.202209140929/tools/bin/../lib/gcc/arm-none-eabi/10.3.1/../../../../arm-none-eabi/lib/thumb/v6-m/nofp/libcr_semihost_nf.a(_cr__main.o)
 .ARM.attributes
                0x0000000000000478       0x2c /Applications/MCUXpressoIDE_11.7.0_9198/ide/plugins/com.nxp.mcuxpresso.tools.macosx_11.7.0.202209140929/tools/bin/../lib/gcc/arm-none-eabi/10.3.1/../../../../arm-none-eabi/lib/thumb/v6-m/nofp/libcr_semihost_nf.a(_cr_assert.o)
 .ARM.attributes
                0x00000000000004a4       0x2c /Applications/MCUXpressoIDE_11.7.0_9198/ide/plugins/com.nxp.mcuxpresso.tools.macosx_11.7.0.202209140929/tools/bin/../lib/gcc/arm-none-eabi/10.3.1/../../../../arm-none-eabi/lib/thumb/v6-m/nofp/libcr_semihost_nf.a(__ciob.o)
 .ARM.attributes
                0x00000000000004d0       0x1c /Applications/MCUXpressoIDE_11.7.0_9198/ide/plugins/com.nxp.mcuxpresso.tools.macosx_11.7.0.202209140929/tools/bin/../lib/gcc/arm-none-eabi/10.3.1/../../../../arm-none-eabi/lib/thumb/v6-m/nofp/libcr_semihost_nf.a(__sys_appexit.o)
 .ARM.attributes
                0x00000000000004ec       0x2c /Applications/MCUXpressoIDE_11.7.0_9198/ide/plugins/com.nxp.mcuxpresso.tools.macosx_11.7.0.202209140929/tools/bin/../lib/gcc/arm-none-eabi/10.3.1/../../../../arm-none-eabi/lib/thumb/v6-m/nofp/libcr_c.a(memset.o)
 .ARM.attributes
                0x0000000000000518       0x2c /Applications/MCUXpressoIDE_11.7.0_9198/ide/plugins/com.nxp.mcuxpresso.tools.macosx_11.7.0.202209140929/tools/bin/../lib/gcc/arm-none-eabi/10.3.1/../../../../arm-none-eabi/lib/thumb/v6-m/nofp/libcr_c.a(_deferredlazyseek.o)
 .ARM.attributes
                0x0000000000000544       0x2c /Applications/MCUXpressoIDE_11.7.0_9198/ide/plugins/com.nxp.mcuxpresso.tools.macosx_11.7.0.202209140929/tools/bin/../lib/gcc/arm-none-eabi/10.3.1/../../../../arm-none-eabi/lib/thumb/v6-m/nofp/libcr_c.a(_fflush.o)
 .ARM.attributes
                0x0000000000000570       0x2c /Applications/MCUXpressoIDE_11.7.0_9198/ide/plugins/com.nxp.mcuxpresso.tools.macosx_11.7.0.202209140929/tools/bin/../lib/gcc/arm-none-eabi/10.3.1/../../../../arm-none-eabi/lib/thumb/v6-m/nofp/libcr_c.a(_writebuf.o)
 .ARM.attributes
                0x000000000000059c       0x2c /Applications/MCUXpressoIDE_11.7.0_9198/ide/plugins/com.nxp.mcuxpresso.tools.macosx_11.7.0.202209140929/tools/bin/../lib/gcc/arm-none-eabi/10.3.1/../../../../arm-none-eabi/lib/thumb/v6-m/nofp/libcr_c.a(alloc.o)
 .ARM.attributes
                0x00000000000005c8       0x2c /Applications/MCUXpressoIDE_11.7.0_9198/ide/plugins/com.nxp.mcuxpresso.tools.macosx_11.7.0.202209140929/tools/bin/../lib/gcc/arm-none-eabi/10.3.1/../../../../arm-none-eabi/lib/thumb/v6-m/nofp/libcr_c.a(fputs.o)
 .ARM.attributes
                0x00000000000005f4       0x2c /Applications/MCUXpressoIDE_11.7.0_9198/ide/plugins/com.nxp.mcuxpresso.tools.macosx_11.7.0.202209140929/tools/bin/../lib/gcc/arm-none-eabi/10.3.1/../../../../arm-none-eabi/lib/thumb/v6-m/nofp/libcr_c.a(fseek.o)
 .ARM.attributes
                0x0000000000000620       0x2c /Applications/MCUXpressoIDE_11.7.0_9198/ide/plugins/com.nxp.mcuxpresso.tools.macosx_11.7.0.202209140929/tools/bin/../lib/gcc/arm-none-eabi/10.3.1/../../../../arm-none-eabi/lib/thumb/v6-m/nofp/libcr_c.a(ftell.o)
 .ARM.attributes
                0x000000000000064c       0x2c /Applications/MCUXpressoIDE_11.7.0_9198/ide/plugins/com.nxp.mcuxpresso.tools.macosx_11.7.0.202209140929/tools/bin/../lib/gcc/arm-none-eabi/10.3.1/../../../../arm-none-eabi/lib/thumb/v6-m/nofp/libcr_c.a(initio.o)
 .ARM.attributes
                0x0000000000000678       0x2c /Applications/MCUXpressoIDE_11.7.0_9198/ide/plugins/com.nxp.mcuxpresso.tools.macosx_11.7.0.202209140929/tools/bin/../lib/gcc/arm-none-eabi/10.3.1/../../../../arm-none-eabi/lib/thumb/v6-m/nofp/libcr_c.a(printf.o)
 .ARM.attributes
                0x00000000000006a4       0x2c /Applications/MCUXpressoIDE_11.7.0_9198/ide/plugins/com.nxp.mcuxpresso.tools.macosx_11.7.0.202209140929/tools/bin/../lib/gcc/arm-none-eabi/10.3.1/../../../../arm-none-eabi/lib/thumb/v6-m/nofp/libcr_c.a(setvbuf.o)
 .ARM.attributes
                0x00000000000006d0       0x2c /Applications/MCUXpressoIDE_11.7.0_9198/ide/plugins/com.nxp.mcuxpresso.tools.macosx_11.7.0.202209140929/tools/bin/../lib/gcc/arm-none-eabi/10.3.1/../../../../arm-none-eabi/lib/thumb/v6-m/nofp/libcr_c.a(strlen.o)
 .ARM.attributes
                0x00000000000006fc       0x2c /Applications/MCUXpressoIDE_11.7.0_9198/ide/plugins/com.nxp.mcuxpresso.tools.macosx_11.7.0.202209140929/tools/bin/../lib/gcc/arm-none-eabi/10.3.1/../../../../arm-none-eabi/lib/thumb/v6-m/nofp/libcr_c.a(__init_alloc.o)
 .ARM.attributes
                0x0000000000000728       0x2c /Applications/MCUXpressoIDE_11.7.0_9198/ide/plugins/com.nxp.mcuxpresso.tools.macosx_11.7.0.202209140929/tools/bin/../lib/gcc/arm-none-eabi/10.3.1/../../../../arm-none-eabi/lib/thumb/v6-m/nofp/libcr_c.a(_cr_sbrk.o)
 .ARM.attributes
                0x0000000000000754       0x2c /Applications/MCUXpressoIDE_11.7.0_9198/ide/plugins/com.nxp.mcuxpresso.tools.macosx_11.7.0.202209140929/tools/bin/../lib/gcc/arm-none-eabi/10.3.1/../../../../arm-none-eabi/lib/thumb/v6-m/nofp/libcr_c.a(_fdopen.o)
 .ARM.attributes
                0x0000000000000780       0x2c /Applications/MCUXpressoIDE_11.7.0_9198/ide/plugins/com.nxp.mcuxpresso.tools.macosx_11.7.0.202209140929/tools/bin/../lib/gcc/arm-none-eabi/10.3.1/../../../../arm-none-eabi/lib/thumb/v6-m/nofp/libcr_c.a(errno.o)
 .ARM.attributes
                0x00000000000007ac       0x2c /Applications/MCUXpressoIDE_11.7.0_9198/ide/plugins/com.nxp.mcuxpresso.tools.macosx_11.7.0.202209140929/tools/bin/../lib/gcc/arm-none-eabi/10.3.1/../../../../arm-none-eabi/lib/thumb/v6-m/nofp/libcr_c.a(fclose.o)
 .ARM.attributes