../drivers/fsl_clock.h:601:20:CLOCK_EnableClock	24	static
../drivers/fsl_clock.h:791:20:CLOCK_SetSimSafeDivs	8	static
../drivers/fsl_clock.h:865:20:CLOCK_SetLowPowerEnable	16	static
../drivers/fsl_gpio.h:161:20:GPIO_PinWrite	24	static
../drivers/fsl_gpio.h:188:20:GPIO_PortSet	16	static
../drivers/fsl_gpio.h:208:20:GPIO_PortClear	16	static
../drivers/fsl_gpio.h:231:20:GPIO_PortToggle	16	static
../drivers/fsl_gpio.h:258:24:GPIO_PinRead	16	static
../drivers/fsl_gpio.h:267:24:GPIO_ReadPinInput	16	static
../drivers/fsl_port.h:268:20:PORT_SetPinConfig	32	static
../source/SD2_board.c:87:6:board_init	40	static
../source/SD2_board.c:174:6:board_setLed	16	static
../source/SD2_board.c:195:6:board_setOledPin	16	static
../source/SD2_board.c:200:6:board_getSw	16	static
../source/SD2_board.c:205:6:board_configSPI0	40	static
../source/SD2_board.c:251:6:board_SPISend	32	static
../source/SD2_board.c:263:6:APP_SetClockVlpr	16	static
../source/SD2_board.c:287:6:APP_SetClockRunFromVlpr	32	static
